Component: ARM Compiler 5.06 update 1 (build 61) Tool: armlink [4d35a8]

==============================================================================

Section Cross References

    control.o(i.Balance) refers to fmul.o(x$fpl$fmul) for __aeabi_fmul
    control.o(i.Balance) refers to fdiv.o(x$fpl$fdiv) for __aeabi_fdiv
    control.o(i.Balance) refers to faddsub_clz.o(x$fpl$fsub) for __aeabi_fsub
    control.o(i.Balance) refers to ffix.o(x$fpl$ffix) for __aeabi_f2iz
    control.o(i.Balance) refers to main.o(.data) for Balance_Kd
    control.o(i.Balance) refers to main.o(.data) for Balance_Kp
    control.o(i.Choose) refers to control.o(i.myabs) for myabs
    control.o(i.Choose) refers to main.o(.data) for Flag_Stop
    control.o(i.Choose) refers to control.o(.data) for .data
    control.o(i.Choose) refers to main.o(.data) for Flag_follow
    control.o(i.Choose) refers to main.o(.data) for Flag_avoid
    control.o(i.Get_Angle) refers to ioi2c.o(i.I2C_ReadOneByte) for I2C_ReadOneByte
    control.o(i.Get_Angle) refers to fflt_clz.o(x$fpl$ffltu) for __aeabi_ui2f
    control.o(i.Get_Angle) refers to faddsub_clz.o(x$fpl$fsub) for __aeabi_fsub
    control.o(i.Get_Angle) refers to f2d.o(x$fpl$f2d) for __aeabi_f2d
    control.o(i.Get_Angle) refers to atan2.o(i.atan2) for atan2
    control.o(i.Get_Angle) refers to dmul.o(x$fpl$dmul) for __aeabi_dmul
    control.o(i.Get_Angle) refers to ddiv.o(x$fpl$ddiv) for __aeabi_ddiv
    control.o(i.Get_Angle) refers to d2f.o(x$fpl$d2f) for __aeabi_d2f
    control.o(i.Get_Angle) refers to filter.o(i.Kalman_Filter) for Kalman_Filter
    control.o(i.Get_Angle) refers to main.o(.data) for Gyro_Balance
    control.o(i.Get_Angle) refers to mpu6050.o(.data) for Pitch
    control.o(i.Get_Angle) refers to main.o(.data) for Angle_Balance
    control.o(i.Get_Angle) refers to main.o(.data) for Gyro_Turn
    control.o(i.Get_Angle) refers to main.o(.data) for Acceleration_Z
    control.o(i.Get_Velocity_Form_Encoder) refers to dflt_clz.o(x$fpl$dflt) for __aeabi_i2d
    control.o(i.Get_Velocity_Form_Encoder) refers to dmul.o(x$fpl$dmul) for __aeabi_dmul
    control.o(i.Get_Velocity_Form_Encoder) refers to scalbn.o(x$fpl$scalbn) for __ARM_scalbn
    control.o(i.Get_Velocity_Form_Encoder) refers to ddiv.o(x$fpl$ddiv) for __aeabi_ddiv
    control.o(i.Get_Velocity_Form_Encoder) refers to d2f.o(x$fpl$d2f) for __aeabi_d2f
    control.o(i.Get_Velocity_Form_Encoder) refers to f2d.o(x$fpl$f2d) for __aeabi_f2d
    control.o(i.Get_Velocity_Form_Encoder) refers to show.o(.data) for Velocity_Left
    control.o(i.HAL_GPIO_EXTI_Callback) refers to control.o(i.Get_Angle) for Get_Angle
    control.o(i.HAL_GPIO_EXTI_Callback) refers to encoder.o(i.Read_Encoder) for Read_Encoder
    control.o(i.HAL_GPIO_EXTI_Callback) refers to control.o(i.Get_Velocity_Form_Encoder) for Get_Velocity_Form_Encoder
    control.o(i.HAL_GPIO_EXTI_Callback) refers to tim.o(i.Read_Distane) for Read_Distane
    control.o(i.HAL_GPIO_EXTI_Callback) refers to adc.o(i.Get_battery_volt) for Get_battery_volt
    control.o(i.HAL_GPIO_EXTI_Callback) refers to led.o(i.Led_Flash) for Led_Flash
    control.o(i.HAL_GPIO_EXTI_Callback) refers to control.o(i.Key) for Key
    control.o(i.HAL_GPIO_EXTI_Callback) refers to control.o(i.Balance) for Balance
    control.o(i.HAL_GPIO_EXTI_Callback) refers to control.o(i.Velocity) for Velocity
    control.o(i.HAL_GPIO_EXTI_Callback) refers to control.o(i.Turn) for Turn
    control.o(i.HAL_GPIO_EXTI_Callback) refers to control.o(i.PWM_Limit) for PWM_Limit
    control.o(i.HAL_GPIO_EXTI_Callback) refers to control.o(i.Pick_Up) for Pick_Up
    control.o(i.HAL_GPIO_EXTI_Callback) refers to control.o(i.Put_Down) for Put_Down
    control.o(i.HAL_GPIO_EXTI_Callback) refers to control.o(i.Choose) for Choose
    control.o(i.HAL_GPIO_EXTI_Callback) refers to control.o(i.Turn_Off) for Turn_Off
    control.o(i.HAL_GPIO_EXTI_Callback) refers to control.o(i.Set_Pwm) for Set_Pwm
    control.o(i.HAL_GPIO_EXTI_Callback) refers to control.o(.data) for .data
    control.o(i.HAL_GPIO_EXTI_Callback) refers to main.o(.data) for Voltage
    control.o(i.HAL_GPIO_EXTI_Callback) refers to main.o(.data) for Flag_follow
    control.o(i.HAL_GPIO_EXTI_Callback) refers to main.o(.data) for Flag_avoid
    control.o(i.HAL_GPIO_EXTI_Callback) refers to main.o(.data) for Gyro_Balance
    control.o(i.HAL_GPIO_EXTI_Callback) refers to main.o(.data) for Angle_Balance
    control.o(i.HAL_GPIO_EXTI_Callback) refers to main.o(.data) for Gyro_Turn
    control.o(i.HAL_GPIO_EXTI_Callback) refers to main.o(.data) for Motor_Left
    control.o(i.HAL_GPIO_EXTI_Callback) refers to main.o(.data) for Motor_Right
    control.o(i.HAL_GPIO_EXTI_Callback) refers to main.o(.data) for Acceleration_Z
    control.o(i.HAL_GPIO_EXTI_Callback) refers to main.o(.data) for Flag_Stop
    control.o(i.Key) refers to key.o(i.click_N_Double) for click_N_Double
[...]
    __rt_entry_sh                            0x080001b3   Thumb Code     0  __rtentry4.o(.ARM.Collect$$rtentry$$00000004)
    __rt_entry_li                            0x080001b9   Thumb Code     0  __rtentry2.o(.ARM.Collect$$rtentry$$0000000A)
    __rt_entry_postsh_1                      0x080001b9   Thumb Code     0  __rtentry2.o(.ARM.Collect$$rtentry$$00000009)
    __rt_entry_main                          0x080001bd   Thumb Code     0  __rtentry2.o(.ARM.Collect$$rtentry$$0000000D)
    __rt_entry_postli_1                      0x080001bd   Thumb Code     0  __rtentry2.o(.ARM.Collect$$rtentry$$0000000C)
    __rt_exit                                0x080001c5   Thumb Code     0  rtexit.o(.ARM.Collect$$rtexit$$00000000)
    __rt_exit_ls                             0x080001c7   Thumb Code     0  rtexit2.o(.ARM.Collect$$rtexit$$00000003)
    __rt_exit_prels_1                        0x080001c7   Thumb Code     0  rtexit2.o(.ARM.Collect$$rtexit$$00000002)
    __rt_exit_exit                           0x080001cb   Thumb Code     0  rtexit2.o(.ARM.Collect$$rtexit$$00000004)
    Reset_Handler                            0x080001d1   Thumb Code     8  startup_stm32f103xb.o(.text)
    ADC1_2_IRQHandler                        0x080001eb   Thumb Code     0  startup_stm32f103xb.o(.text)
    CAN1_RX1_IRQHandler                      0x080001eb   Thumb Code     0  startup_stm32f103xb.o(.text)
    CAN1_SCE_IRQHandler                      0x080001eb   Thumb Code     0  startup_stm32f103xb.o(.text)
    DMA1_Channel1_IRQHandler                 0x080001eb   Thumb Code     0  startup_stm32f103xb.o(.text)
    DMA1_Channel2_IRQHandler                 0x080001eb   Thumb Code     0  startup_stm32f103xb.o(.text)
    DMA1_Channel3_IRQHandler                 0x080001eb   Thumb Code     0  startup_stm32f103xb.o(.text)
    DMA1_Channel4_IRQHandler                 0x080001eb   Thumb Code     0  startup_stm32f103xb.o(.text)
    DMA1_Channel5_IRQHandler                 0x080001eb   Thumb Code     0  startup_stm32f103xb.o(.text)
    DMA1_Channel6_IRQHandler                 0x080001eb   Thumb Code     0  startup_stm32f103xb.o(.text)
    DMA1_Channel7_IRQHandler                 0x080001eb   Thumb Code     0  startup_stm32f103xb.o(.text)
    EXTI0_IRQHandler                         0x080001eb   Thumb Code     0  startup_stm32f103xb.o(.text)
    EXTI1_IRQHandler                         0x080001eb   Thumb Code     0  startup_stm32f103xb.o(.text)
    EXTI2_IRQHandler                         0x080001eb   Thumb Code     0  startup_stm32f103xb.o(.text)
    EXTI3_IRQHandler                         0x080001eb   Thumb Code     0  startup_stm32f103xb.o(.text)
    EXTI4_IRQHandler                         0x080001eb   Thumb Code     0  startup_stm32f103xb.o(.text)
    EXTI9_5_IRQHandler                       0x080001eb   Thumb Code     0  startup_stm32f103xb.o(.text)
    FLASH_IRQHandler                         0x080001eb   Thumb Code     0  startup_stm32f103xb.o(.text)
    I2C1_ER_IRQHandler                       0x080001eb   Thumb Code     0  startup_stm32f103xb.o(.text)
    I2C1_EV_IRQHandler                       0x080001eb   Thumb Code     0  startup_stm32f103xb.o(.text)
    I2C2_ER_IRQHandler                       0x080001eb   Thumb Code     0  startup_stm32f103xb.o(.text)
    I2C2_EV_IRQHandler                       0x080001eb   Thumb Code     0  startup_stm32f103xb.o(.text)
    PVD_IRQHandler                           0x080001eb   Thumb Code     0  startup_stm32f103xb.o(.text)
    RCC_IRQHandler                           0x080001eb   Thumb Code     0  startup_stm32f103xb.o(.text)
    RTC_Alarm_IRQHandler                     0x080001eb   Thumb Code     0  startup_stm32f103xb.o(.text)
    RTC_IRQHandler                           0x080001eb   Thumb Code     0  startup_stm32f103xb.o(.text)
    SPI1_IRQHandler                          0x080001eb   Thumb Code     0  startup_stm32f103xb.o(.text)
    SPI2_IRQHandler                          0x080001eb   Thumb Code     0  startup_stm32f103xb.o(.text)
    TAMPER_IRQHandler                        0x080001eb   Thumb Code     0  startup_stm32f103xb.o(.text)
    TIM1_BRK_IRQHandler                      0x080001eb   Thumb Code     0  startup_stm32f103xb.o(.text)
    TIM1_CC_IRQHandler                       0x080001eb   Thumb Code     0  startup_stm32f103xb.o(.text)
    TIM1_TRG_COM_IRQHandler                  0x080001eb   Thumb Code     0  startup_stm32f103xb.o(.text)
    TIM1_UP_IRQHandler                       0x080001eb   Thumb Code     0  startup_stm32f103xb.o(.text)
    TIM2_IRQHandler                          0x080001eb   Thumb Code     0  startup_stm32f103xb.o(.text)
    TIM4_IRQHandler                          0x080001eb   Thumb Code     0  startup_stm32f103xb.o(.text)
    USART1_IRQHandler                        0x080001eb   Thumb Code     0  startup_stm32f103xb.o(.text)
    USART2_IRQHandler                        0x080001eb   Thumb Code     0  startup_stm32f103xb.o(.text)
    USBWakeUp_IRQHandler                     0x080001eb   Thumb Code     0  startup_stm32f103xb.o(.text)
    USB_HP_CAN1_TX_IRQHandler                0x080001eb   Thumb Code     0  startup_stm32f103xb.o(.text)
    USB_LP_CAN1_RX0_IRQHandler               0x080001eb   Thumb Code     0  startup_stm32f103xb.o(.text)
    WWDG_IRQHandler                          0x080001eb   Thumb Code     0  startup_stm32f103xb.o(.text)
    __user_initial_stackheap                 0x080001ed   Thumb Code     0  startup_stm32f103xb.o(.text)
    __use_no_semihosting                     0x08000211   Thumb Code     2  use_no_semi_2.o(.text)
    __aeabi_ldivmod                          0x08000213   Thumb Code     0  llsdiv.o(.text)
    _ll_sdiv                                 0x08000213   Thumb Code    72  llsdiv.o(.text)
    __2printf                                0x0800025d   Thumb Code    20  noretval__2printf.o(.text)
    __printf                                 0x08000275   Thumb Code   104  __printf.o(.text)
    _printf_int_dec                          0x080002dd   Thumb Code   104  _printf_dec.o(.text)
    memcmp                                   0x08000355   Thumb Code    88  memcmp.o(.text)
    __aeabi_memset                           0x080003ad   Thumb Code    16  aeabi_memset.o(.text)
    __aeabi_memclr                           0x080003bd   Thumb Code     0  rt_memclr.o(.text)
    __rt_memclr                              0x080003bd   Thumb Code    68  rt_memclr.o(.text)
    _memset                                  0x080003c1   Thumb Code     0  rt_memclr.o(.text)
    __aeabi_memclr4                          0x08000401   Thumb Code     0  rt_memclr_w.o(.text)
    __aeabi_memclr8                          0x08000401   Thumb Code     0  rt_memclr_w.o(.text)
    __rt_memclr_w                            0x08000401   Thumb Code    78  rt_memclr_w.o(.text)
    _memset_w                                0x08000405   Thumb Code     0  rt_memclr_w.o(.text)
    __use_two_region_memory                  0x0800044f   Thumb Code     2  heapauxi.o(.text)
    __rt_heap_escrow$2region                 0x08000451   Thumb Code     2  heapauxi.o(.text)
    __rt_heap_expand$2region                 0x08000453   Thumb Code     2  heapauxi.o(.text)
    __I$use$semihosting                      0x08000455   Thumb Code     0  use_no_semi.o(.text)
    __use_no_semihosting_swi                 0x08000455   Thumb Code     2  use_no_semi.o(.text)
    __aeabi_uldivmod                         0x08000457   Thumb Code     0  lludivv7m.o(.text)
    _ll_udiv                                 0x08000457   Thumb Code   238  lludivv7m.o(.text)
    __read_errno                             0x08000545   Thumb Code    10  _rserrno.o(.text)
    __set_errno                              0x0800054f   Thumb Code    12  _rserrno.o(.text)
    _printf_int_common                       0x0800055b   Thumb Code   178  _printf_intcommon.o(.text)
    _printf_char_file                        0x0800060d   Thumb Code    32  _printf_char_file.o(.text)
    __aeabi_errno_addr                       0x08000631   Thumb Code     8  rt_errno_addr_intlibspace.o(.text)
    __errno$intlibspace                      0x08000631   Thumb Code     0  rt_errno_addr_intlibspace.o(.text)
    __rt_errno_addr$intlibspace              0x08000631   Thumb Code     0  rt_errno_addr_intlibspace.o(.text)
    _printf_char_common                      0x08000643   Thumb Code    32  _printf_char_common.o(.text)
    ferror                                   0x08000669   Thumb Code     8  ferror.o(.text)
    __user_libspace                          0x08000671   Thumb Code     8  libspace.o(.text)
    __user_perproc_libspace                  0x08000671   Thumb Code     0  libspace.o(.text)
    __user_perthread_libspace                0x08000671   Thumb Code     0  libspace.o(.text)
    __user_setup_stackheap                   0x08000679   Thumb Code    74  sys_stackheap_outer.o(.text)
    exit                                     0x080006c3   Thumb Code    18  exit.o(.text)
    ADC_ConversionStop_Disable               0x080006d5   Thumb Code    86  stm32f1xx_hal_adc.o(i.ADC_ConversionStop_Disable)
    ADC_Enable                               0x0800072d   Thumb Code   114  stm32f1xx_hal_adc.o(i.ADC_Enable)
    Balance                                  0x080007a9   Thumb Code    56  control.o(i.Balance)
    BusFault_Handler                         0x080007f1   Thumb Code     2  stm32f1xx_it.o(i.BusFault_Handler)
    Choose                                   0x080007f5   Thumb Code    84  control.o(i.Choose)
    DMP_Init                                 0x08000859   Thumb Code   222  mpu6050.o(i.DMP_Init)
    DebugMon_Handler                         0x08000a89   Thumb Code     2  stm32f1xx_it.o(i.DebugMon_Handler)
    EXTI15_10_IRQHandler                     0x08000a8d   Thumb Code    44  stm32f1xx_it.o(i.EXTI15_10_IRQHandler)
    Error_Handler                            0x08000ac5   Thumb Code     4  main.o(i.Error_Handler)
    Get_Angle                                0x08000ac9   Thumb Code   452  control.o(i.Get_Angle)
    Get_Velocity_Form_Encoder                0x08000cb5   Thumb Code   166  control.o(i.Get_Velocity_Form_Encoder)
    Get_battery_volt                         0x08000d7d   Thumb Code    70  adc.o(i.Get_battery_volt)
    HAL_ADCEx_Calibration_Start              0x08000dd5   Thumb Code   210  stm32f1xx_hal_adc_ex.o(i.HAL_ADCEx_Calibration_Start)
    HAL_ADC_ConfigChannel                    0x08000ead   Thumb Code   240  stm32f1xx_hal_adc.o(i.HAL_ADC_ConfigChannel)
    HAL_ADC_GetValue                         0x08000fa9   Thumb Code     6  stm32f1xx_hal_adc.o(i.HAL_ADC_GetValue)
    HAL_ADC_Init                             0x08000fb1   Thumb Code   272  stm32f1xx_hal_adc.o(i.HAL_ADC_Init)
    HAL_ADC_MspInit                          0x080010cd   Thumb Code    76  adc.o(i.HAL_ADC_MspInit)
    HAL_ADC_PollForConversion                0x08001125   Thumb Code   304  stm32f1xx_hal_adc.o(i.HAL_ADC_PollForConversion)
    HAL_ADC_Start                            0x08001261   Thumb Code   184  stm32f1xx_hal_adc.o(i.HAL_ADC_Start)
    HAL_DMA_Abort                            0x08001321   Thumb Code    70  stm32f1xx_hal_dma.o(i.HAL_DMA_Abort)
    HAL_DMA_Abort_IT                         0x08001369   Thumb Code   148  stm32f1xx_hal_dma.o(i.HAL_DMA_Abort_IT)
    HAL_GPIO_EXTI_Callback                   0x08001401   Thumb Code   304  control.o(i.HAL_GPIO_EXTI_Callback)
    HAL_GPIO_EXTI_IRQHandler                 0x08001561   Thumb Code    18  stm32f1xx_hal_gpio.o(i.HAL_GPIO_EXTI_IRQHandler)
    HAL_GPIO_Init                            0x08001579   Thumb Code   446  stm32f1xx_hal_gpio.o(i.HAL_GPIO_Init)
    HAL_GPIO_WritePin                        0x08001759   Thumb Code    10  stm32f1xx_hal_gpio.o(i.HAL_GPIO_WritePin)
    HAL_GetTick                              0x08001765   Thumb Code     6  stm32f1xx_hal.o(i.HAL_GetTick)
    HAL_IncTick                              0x08001771   Thumb Code    12  stm32f1xx_hal.o(i.HAL_IncTick)
    HAL_Init                                 0x08001781   Thumb Code    32  stm32f1xx_hal.o(i.HAL_Init)
    HAL_InitTick                             0x080017a5   Thumb Code    54  stm32f1xx_hal.o(i.HAL_InitTick)
    HAL_MspInit                              0x080017e5   Thumb Code    58  stm32f1xx_hal_msp.o(i.HAL_MspInit)
    HAL_NVIC_DisableIRQ                      0x08001829   Thumb Code    34  stm32f1xx_hal_cortex.o(i.HAL_NVIC_DisableIRQ)
    HAL_NVIC_EnableIRQ                       0x0800184b   Thumb Code    26  stm32f1xx_hal_cortex.o(i.HAL_NVIC_EnableIRQ)
    HAL_NVIC_SetPriority                     0x08001865   Thumb Code    60  stm32f1xx_hal_cortex.o(i.HAL_NVIC_SetPriority)
    HAL_NVIC_SetPriorityGrouping             0x080018a5   Thumb Code    26  stm32f1xx_hal_cortex.o(i.HAL_NVIC_SetPriorityGrouping)
    HAL_RCCEx_GetPeriphCLKFreq               0x080018c9   Thumb Code   166  stm32f1xx_hal_rcc_ex.o(i.HAL_RCCEx_GetPeriphCLKFreq)
    HAL_RCCEx_PeriphCLKConfig                0x08001991   Thumb Code   224  stm32f1xx_hal_rcc_ex.o(i.HAL_RCCEx_PeriphCLKConfig)
    HAL_RCC_ClockConfig                      0x08001a7d   Thumb Code   280  stm32f1xx_hal_rcc.o(i.HAL_RCC_ClockConfig)
    HAL_RCC_GetPCLK1Freq                     0x08001ba9   Thumb Code    20  stm32f1xx_hal_rcc.o(i.HAL_RCC_GetPCLK1Freq)
    HAL_RCC_GetPCLK2Freq                     0x08001bc9   Thumb Code    20  stm32f1xx_hal_rcc.o(i.HAL_RCC_GetPCLK2Freq)
    HAL_RCC_GetSysClockFreq                  0x08001be9   Thumb Code    74  stm32f1xx_hal_rcc.o(i.HAL_RCC_GetSysClockFreq)
    HAL_RCC_OscConfig                        0x08001c55   Thumb Code   778  stm32f1xx_hal_rcc.o(i.HAL_RCC_OscConfig)
    HAL_SYSTICK_Config                       0x08001f75   Thumb Code    40  stm32f1xx_hal_cortex.o(i.HAL_SYSTICK_Config)
    HAL_TIMEx_BreakCallback                  0x08001f9d   Thumb Code     2  stm32f1xx_hal_tim_ex.o(i.HAL_TIMEx_BreakCallback)
    HAL_TIMEx_CommutCallback                 0x08001f9f   Thumb Code     2  stm32f1xx_hal_tim_ex.o(i.HAL_TIMEx_CommutCallback)
    HAL_TIMEx_ConfigBreakDeadTime            0x08001fa1   Thumb Code    84  stm32f1xx_hal_tim_ex.o(i.HAL_TIMEx_ConfigBreakDeadTime)
    HAL_TIMEx_MasterConfigSynchronization    0x08001ff5   Thumb Code    92  stm32f1xx_hal_tim_ex.o(i.HAL_TIMEx_MasterConfigSynchronization)
    HAL_TIM_Base_Init                        0x0800205d   Thumb Code    90  stm32f1xx_hal_tim.o(i.HAL_TIM_Base_Init)
    HAL_TIM_Base_MspInit                     0x080020b9   Thumb Code   112  tim.o(i.HAL_TIM_Base_MspInit)
    HAL_TIM_Base_Start_IT                    0x08002139   Thumb Code    76  stm32f1xx_hal_tim.o(i.HAL_TIM_Base_Start_IT)
    HAL_TIM_ConfigClockSource                0x08002191   Thumb Code   214  stm32f1xx_hal_tim.o(i.HAL_TIM_ConfigClockSource)
    HAL_TIM_Encoder_Init                     0x08002267   Thumb Code   164  stm32f1xx_hal_tim.o(i.HAL_TIM_Encoder_Init)
    HAL_TIM_Encoder_MspInit                  0x0800230d   Thumb Code   122  tim.o(i.HAL_TIM_Encoder_MspInit)
    HAL_TIM_Encoder_Start                    0x08002399   Thumb Code   142  stm32f1xx_hal_tim.o(i.HAL_TIM_Encoder_Start)
    HAL_TIM_IC_CaptureCallback               0x08002429   Thumb Code   154  tim.o(i.HAL_TIM_IC_CaptureCallback)
    HAL_TIM_IC_ConfigChannel                 0x080024cd   Thumb Code   270  stm32f1xx_hal_tim.o(i.HAL_TIM_IC_ConfigChannel)
    HAL_TIM_IC_Init                          0x080025db   Thumb Code    90  stm32f1xx_hal_tim.o(i.HAL_TIM_IC_Init)
    HAL_TIM_IC_MspInit                       0x08002635   Thumb Code     2  stm32f1xx_hal_tim.o(i.HAL_TIM_IC_MspInit)
    HAL_TIM_IC_Start_IT                      0x08002639   Thumb Code   212  stm32f1xx_hal_tim.o(i.HAL_TIM_IC_Start_IT)
    HAL_TIM_IRQHandler                       0x08002719   Thumb Code   358  stm32f1xx_hal_tim.o(i.HAL_TIM_IRQHandler)
    HAL_TIM_MspPostInit                      0x08002881   Thumb Code    64  tim.o(i.HAL_TIM_MspPostInit)
    HAL_TIM_OC_DelayElapsedCallback          0x080028cd   Thumb Code     2  stm32f1xx_hal_tim.o(i.HAL_TIM_OC_DelayElapsedCallback)
    HAL_TIM_PWM_ConfigChannel                0x080028cf   Thumb Code   198  stm32f1xx_hal_tim.o(i.HAL_TIM_PWM_ConfigChannel)
    HAL_TIM_PWM_Init                         0x08002995   Thumb Code    90  stm32f1xx_hal_tim.o(i.HAL_TIM_PWM_Init)
    HAL_TIM_PWM_MspInit                      0x080029ef   Thumb Code     2  stm32f1xx_hal_tim.o(i.HAL_TIM_PWM_MspInit)
    HAL_TIM_PWM_PulseFinishedCallback        0x080029f1   Thumb Code     2  stm32f1xx_hal_tim.o(i.HAL_TIM_PWM_PulseFinishedCallback)
    HAL_TIM_PWM_Start                        0x080029f5   Thumb Code   144  stm32f1xx_hal_tim.o(i.HAL_TIM_PWM_Start)
    HAL_TIM_PeriodElapsedCallback            0x08002a91   Thumb Code    44  tim.o(i.HAL_TIM_PeriodElapsedCallback)
    HAL_TIM_ReadCapturedValue                0x08002ac5   Thumb Code    42  stm32f1xx_hal_tim.o(i.HAL_TIM_ReadCapturedValue)
    HAL_TIM_TriggerCallback                  0x08002aef   Thumb Code     2  stm32f1xx_hal_tim.o(i.HAL_TIM_TriggerCallback)
    HAL_UARTEx_RxEventCallback               0x08002af1   Thumb Code     2  stm32f1xx_hal_uart.o(i.HAL_UARTEx_RxEventCallback)
    HAL_UART_ErrorCallback                   0x08002af3   Thumb Code     2  stm32f1xx_hal_uart.o(i.HAL_UART_ErrorCallback)
    HAL_UART_IRQHandler                      0x08002af5   Thumb Code   520  stm32f1xx_hal_uart.o(i.HAL_UART_IRQHandler)
    HAL_UART_Init                            0x08002d01   Thumb Code    98  stm32f1xx_hal_uart.o(i.HAL_UART_Init)
    HAL_UART_MspInit                         0x08002d65   Thumb Code   186  usart.o(i.HAL_UART_MspInit)
    HAL_UART_Receive_IT                      0x08002e35   Thumb Code    42  stm32f1xx_hal_uart.o(i.HAL_UART_Receive_IT)
    HAL_UART_RxCpltCallback                  0x08002e61   Thumb Code   458  usart3.o(i.HAL_UART_RxCpltCallback)
    HAL_UART_TxCpltCallback                  0x08003071   Thumb Code     2  stm32f1xx_hal_uart.o(i.HAL_UART_TxCpltCallback)
    HardFault_Handler                        0x08003073   Thumb Code     2  stm32f1xx_it.o(i.HardFault_Handler)
    I2C_ReadOneByte                          0x08003075   Thumb Code    62  ioi2c.o(i.I2C_ReadOneByte)
    IIC_Ack                                  0x080030b5   Thumb Code    54  ioi2c.o(i.IIC_Ack)
    IIC_NAck                                 0x080030f5   Thumb Code    56  ioi2c.o(i.IIC_NAck)
    IIC_Read_Byte                            0x08003135   Thumb Code   100  ioi2c.o(i.IIC_Read_Byte)
    IIC_Send_Byte                            0x080031a1   Thumb Code    86  ioi2c.o(i.IIC_Send_Byte)
    IIC_Start                                0x08003201   Thumb Code    72  ioi2c.o(i.IIC_Start)
    IIC_Stop                                 0x08003251   Thumb Code    56  ioi2c.o(i.IIC_Stop)
    IIC_Wait_Ack                             0x08003291   Thumb Code    80  ioi2c.o(i.IIC_Wait_Ack)
    IICreadByte                              0x080032e9   Thumb Code    14  ioi2c.o(i.IICreadByte)
    IICwriteBit                              0x080032f7   Thumb Code    50  ioi2c.o(i.IICwriteBit)
    IICwriteBits                             0x08003329   Thumb Code    84  ioi2c.o(i.IICwriteBits)
    IICwriteByte                             0x0800337d   Thumb Code    12  ioi2c.o(i.IICwriteByte)
    IICwriteBytes                            0x08003389   Thumb Code    68  ioi2c.o(i.IICwriteBytes)
    JTAG_Set                                 0x080033cd   Thumb Code    30  sys.o(i.JTAG_Set)
    Kalman_Filter                            0x080033f5   Thumb Code   330  filter.o(i.Kalman_Filter)
    Key                                      0x08003551   Thumb Code    50  control.o(i.Key)
    Led_Flash                                0x0800358d   Thumb Code    40  led.o(i.Led_Flash)
    Long_Press                               0x080035bd   Thumb Code    52  key.o(i.Long_Press)
    MPU6050_initialize                       0x080035f9   Thumb Code    42  mpu6050.o(i.MPU6050_initialize)
    MPU6050_setClockSource                   0x08003623   Thumb Code    18  mpu6050.o(i.MPU6050_setClockSource)
    MPU6050_setFullScaleAccelRange           0x08003635   Thumb Code    18  mpu6050.o(i.MPU6050_setFullScaleAccelRange)
    MPU6050_setFullScaleGyroRange            0x08003647   Thumb Code    18  mpu6050.o(i.MPU6050_setFullScaleGyroRange)
    MPU6050_setI2CBypassEnabled              0x08003659   Thumb Code    12  mpu6050.o(i.MPU6050_setI2CBypassEnabled)
    MPU6050_setI2CMasterModeEnabled          0x08003665   Thumb Code    12  mpu6050.o(i.MPU6050_setI2CMasterModeEnabled)
    MPU6050_setSleepEnabled                  0x08003671   Thumb Code    12  mpu6050.o(i.MPU6050_setSleepEnabled)
    MX_ADC1_Init                             0x0800367d   Thumb Code    76  adc.o(i.MX_ADC1_Init)
    MX_GPIO_Init                             0x080036d1   Thumb Code   244  gpio.o(i.MX_GPIO_Init)
    MX_TIM1_Init                             0x080037d5   Thumb Code   224  tim.o(i.MX_TIM1_Init)
    MX_TIM2_Init                             0x080038bd   Thumb Code   108  tim.o(i.MX_TIM2_Init)
    MX_TIM3_Init                             0x0800392d   Thumb Code   154  tim.o(i.MX_TIM3_Init)
    MX_TIM4_Init                             0x080039d1   Thumb Code   106  tim.o(i.MX_TIM4_Init)
    MX_USART1_UART_Init                      0x08003a45   Thumb Code    48  usart.o(i.MX_USART1_UART_Init)
    MX_USART3_UART_Init                      0x08003a7d   Thumb Code    54  usart.o(i.MX_USART3_UART_Init)
    MemManage_Handler                        0x08003ac1   Thumb Code     2  stm32f1xx_it.o(i.MemManage_Handler)
    NMI_Handler                              0x08003ac3   Thumb Code     2  stm32f1xx_it.o(i.NMI_Handler)
    OLED_Clear                               0x08003ac5   Thumb Code    40  oled.o(i.OLED_Clear)
    OLED_DrawPoint                           0x08003af1   Thumb Code    54  oled.o(i.OLED_DrawPoint)
    OLED_Init                                0x08003b2d   Thumb Code   232  oled.o(i.OLED_Init)
    OLED_Refresh_Gram                        0x08003c19   Thumb Code    70  oled.o(i.OLED_Refresh_Gram)
    OLED_ShowChar                            0x08003c65   Thumb Code   134  oled.o(i.OLED_ShowChar)
    OLED_ShowNumber                          0x08003cf5   Thumb Code   120  oled.o(i.OLED_ShowNumber)
    OLED_ShowString                          0x08003d6d   Thumb Code    62  oled.o(i.OLED_ShowString)
    OLED_WR_Byte                             0x08003dad   Thumb Code    64  oled.o(i.OLED_WR_Byte)
    PWM_Limit                                0x08003df5   Thumb Code    14  control.o(i.PWM_Limit)
    PendSV_Handler                           0x08003e03   Thumb Code     2  stm32f1xx_it.o(i.PendSV_Handler)
    Pick_Up                                  0x08003e05   Thumb Code   142  control.o(i.Pick_Up)
    Put_Down                                 0x08003ea5   Thumb Code    84  control.o(i.Put_Down)
    Read_Distane                             0x08003f09   Thumb Code    60  tim.o(i.Read_Distane)
    Read_Encoder                             0x08003f51   Thumb Code    44  encoder.o(i.Read_Encoder)
    SVC_Handler                              0x08003f85   Thumb Code     2  stm32f1xx_it.o(i.SVC_Handler)
    Set_Pwm                                  0x08003f89   Thumb Code    74  control.o(i.Set_Pwm)
    SysTick_Handler                          0x08003fdd   Thumb Code     4  stm32f1xx_it.o(i.SysTick_Handler)
    SystemClock_Config                       0x08003fe1   Thumb Code   120  main.o(i.SystemClock_Config)
    SystemInit                               0x08004059   Thumb Code     2  system_stm32f1xx.o(i.SystemInit)
    TIM3_IRQHandler                          0x0800405d   Thumb Code     6  stm32f1xx_it.o(i.TIM3_IRQHandler)
    TIM_Base_SetConfig                       0x08004069   Thumb Code    94  stm32f1xx_hal_tim.o(i.TIM_Base_SetConfig)
    TIM_CCxChannelCmd                        0x080040d5   Thumb Code    26  stm32f1xx_hal_tim.o(i.TIM_CCxChannelCmd)
    TIM_ETR_SetConfig                        0x080040ef   Thumb Code    20  stm32f1xx_hal_tim.o(i.TIM_ETR_SetConfig)
    TIM_OC2_SetConfig                        0x08004165   Thumb Code    84  stm32f1xx_hal_tim.o(i.TIM_OC2_SetConfig)
    TIM_TI1_SetConfig                        0x0800427d   Thumb Code    76  stm32f1xx_hal_tim.o(i.TIM_TI1_SetConfig)
    Turn                                     0x08004331   Thumb Code   134  control.o(i.Turn)
    Turn_Off                                 0x080043dd   Thumb Code    56  control.o(i.Turn_Off)
    UART_Start_Receive_IT                    0x080045d5   Thumb Code    54  stm32f1xx_hal_uart.o(i.UART_Start_Receive_IT)
    USART3_IRQHandler                        0x0800460d   Thumb Code     6  stm32f1xx_it.o(i.USART3_IRQHandler)
    UsageFault_Handler                       0x08004619   Thumb Code     2  stm32f1xx_it.o(i.UsageFault_Handler)
    Velocity                                 0x0800461d   Thumb Code   412  control.o(i.Velocity)
    __ARM_fpclassify                         0x08004819   Thumb Code    40  fpclassify.o(i.__ARM_fpclassify)
    __kernel_poly                            0x08004861   Thumb Code   170  poly.o(i.__kernel_poly)
    __mathlib_dbl_divzero                    0x0800490d   Thumb Code    12  dunder.o(i.__mathlib_dbl_divzero)
    __mathlib_dbl_infnan                     0x0800491d   Thumb Code     6  dunder.o(i.__mathlib_dbl_infnan)
    __mathlib_dbl_infnan2                    0x08004923   Thumb Code     4  dunder.o(i.__mathlib_dbl_infnan2)
    __mathlib_dbl_invalid                    0x08004927   Thumb Code    12  dunder.o(i.__mathlib_dbl_invalid)
    __mathlib_dbl_overflow                   0x08004933   Thumb Code    14  dunder.o(i.__mathlib_dbl_overflow)
    __mathlib_dbl_underflow                  0x08004941   Thumb Code    10  dunder.o(i.__mathlib_dbl_underflow)
    _sys_exit                                0x08004951   Thumb Code     2  usart.o(i._sys_exit)
    atan                                     0x080049d5   Thumb Code   474  atan.o(i.atan)
    atan2                                    0x08004bf5   Thumb Code   346  atan2.o(i.atan2)
    click_N_Double                           0x08004d75   Thumb Code   134  key.o(i.click_N_Double)
    delay_init                               0x08004e05   Thumb Code    26  delay.o(i.delay_init)
    delay_ms                                 0x08004e25   Thumb Code    46  delay.o(i.delay_ms)
    delay_us                                 0x08004e59   Thumb Code    46  delay.o(i.delay_us)
    dmp_enable_6x_lp_quat                    0x08004e8d   Thumb Code    58  inv_mpu_dmp_motion_driver.o(i.dmp_enable_6x_lp_quat)
    dmp_enable_feature                       0x08004ec9   Thumb Code   464  inv_mpu_dmp_motion_driver.o(i.dmp_enable_feature)
    dmp_enable_gyro_cal                      0x080050a1   Thumb Code    34  inv_mpu_dmp_motion_driver.o(i.dmp_enable_gyro_cal)
    dmp_enable_lp_quat                       0x080050dd   Thumb Code    58  inv_mpu_dmp_motion_driver.o(i.dmp_enable_lp_quat)
    dmp_load_motion_driver_firmware          0x08005119   Thumb Code    16  inv_mpu_dmp_motion_driver.o(i.dmp_load_motion_driver_firmware)
    dmp_set_accel_bias                       0x0800512d   Thumb Code   210  inv_mpu_dmp_motion_driver.o(i.dmp_set_accel_bias)
    dmp_set_fifo_rate                        0x08005205   Thumb Code    82  inv_mpu_dmp_motion_driver.o(i.dmp_set_fifo_rate)
    dmp_set_gyro_bias                        0x08005269   Thumb Code   196  inv_mpu_dmp_motion_driver.o(i.dmp_set_gyro_bias)
    dmp_set_orientation                      0x08005335   Thumb Code   246  inv_mpu_dmp_motion_driver.o(i.dmp_set_orientation)
    dmp_set_shake_reject_thresh              0x08005441   Thumb Code    48  inv_mpu_dmp_motion_driver.o(i.dmp_set_shake_reject_thresh)
    dmp_set_shake_reject_time                0x08005471   Thumb Code    32  inv_mpu_dmp_motion_driver.o(i.dmp_set_shake_reject_time)
    dmp_set_shake_reject_timeout             0x08005491   Thumb Code    32  inv_mpu_dmp_motion_driver.o(i.dmp_set_shake_reject_timeout)
    dmp_set_tap_axes                         0x080054b1   Thumb Code    64  inv_mpu_dmp_motion_driver.o(i.dmp_set_tap_axes)
    dmp_set_tap_count                        0x080054f1   Thumb Code    34  inv_mpu_dmp_motion_driver.o(i.dmp_set_tap_count)
    dmp_set_tap_thresh                       0x08005515   Thumb Code   274  inv_mpu_dmp_motion_driver.o(i.dmp_set_tap_thresh)
    dmp_set_tap_time                         0x0800563d   Thumb Code    32  inv_mpu_dmp_motion_driver.o(i.dmp_set_tap_time)
    dmp_set_tap_time_multi                   0x0800565d   Thumb Code    32  inv_mpu_dmp_motion_driver.o(i.dmp_set_tap_time_multi)
    fputc                                    0x0800567d   Thumb Code    38  usart.o(i.fputc)
    i2cRead                                  0x08005b45   Thumb Code   112  ioi2c.o(i.i2cRead)
    i2cWrite                                 0x08005bb5   Thumb Code    84  ioi2c.o(i.i2cWrite)
    main                                     0x08005c51   Thumb Code    88  main.o(i.main)
    mpu_configure_fifo                       0x08005cad   Thumb Code    78  inv_mpu.o(i.mpu_configure_fifo)
    mpu_get_accel_fsr                        0x08005d01   Thumb Code    54  inv_mpu.o(i.mpu_get_accel_fsr)
    mpu_get_accel_sens                       0x08005d3d   Thumb Code    62  inv_mpu.o(i.mpu_get_accel_sens)
    mpu_get_gyro_fsr                         0x08005d81   Thumb Code    48  inv_mpu.o(i.mpu_get_gyro_fsr)
    mpu_get_gyro_sens                        0x08005db5   Thumb Code    44  inv_mpu.o(i.mpu_get_gyro_sens)
    mpu_get_lpf                              0x08005df5   Thumb Code    52  inv_mpu.o(i.mpu_get_lpf)
    mpu_get_sample_rate                      0x08005e2d   Thumb Code    22  inv_mpu.o(i.mpu_get_sample_rate)
    mpu_init                                 0x08005e49   Thumb Code   310  inv_mpu.o(i.mpu_init)
    mpu_load_firmware                        0x08005fd1   Thumb Code   154  inv_mpu.o(i.mpu_load_firmware)
    mpu_lp_accel_mode                        0x08006071   Thumb Code   178  inv_mpu.o(i.mpu_lp_accel_mode)
    mpu_read_mem                             0x08006129   Thumb Code    80  inv_mpu.o(i.mpu_read_mem)
    mpu_reset_fifo                           0x0800617d   Thumb Code   330  inv_mpu.o(i.mpu_reset_fifo)
    mpu_run_self_test                        0x080062cd   Thumb Code   234  inv_mpu.o(i.mpu_run_self_test)
    mpu_set_accel_fsr                        0x080063bd   Thumb Code    98  inv_mpu.o(i.mpu_set_accel_fsr)
    mpu_set_bypass                           0x08006425   Thumb Code   214  inv_mpu.o(i.mpu_set_bypass)
    mpu_set_dmp_state                        0x08006501   Thumb Code   114  inv_mpu.o(i.mpu_set_dmp_state)
    mpu_set_gyro_fsr                         0x08006579   Thumb Code   104  inv_mpu.o(i.mpu_set_gyro_fsr)
    mpu_set_int_latched                      0x080065e5   Thumb Code    94  inv_mpu.o(i.mpu_set_int_latched)
    mpu_set_lpf                              0x08006649   Thumb Code   102  inv_mpu.o(i.mpu_set_lpf)
    mpu_set_sample_rate                      0x080066b5   Thumb Code   124  inv_mpu.o(i.mpu_set_sample_rate)
    mpu_set_sensors                          0x08006735   Thumb Code   178  inv_mpu.o(i.mpu_set_sensors)
    mpu_write_mem                            0x080067ed   Thumb Code    80  inv_mpu.o(i.mpu_write_mem)
    myabs                                    0x08006841   Thumb Code     8  control.o(i.myabs)
    oled_pow                                 0x08006849   Thumb Code    16  oled.o(i.oled_pow)
    oled_show                                0x08006859   Thumb Code   636  show.o(i.oled_show)
    pow                                      0x08006b5d   Thumb Code  2512  pow.o(i.pow)
    sqrt                                     0x08007609   Thumb Code    76  sqrt.o(i.sqrt)
    __aeabi_d2f                              0x08007655   Thumb Code     0  d2f.o(x$fpl$d2f)
    _d2f                                     0x08007655   Thumb Code    98  d2f.o(x$fpl$d2f)
    __aeabi_dadd                             0x080076b9   Thumb Code     0  daddsub_clz.o(x$fpl$dadd)
    _dadd                                    0x080076b9   Thumb Code   332  daddsub_clz.o(x$fpl$dadd)
    __fpl_dcheck_NaN1                        0x08007809   Thumb Code    10  dcheck1.o(x$fpl$dcheck1)
    __fpl_dcmp_Inf                           0x08007819   Thumb Code    24  dcmpi.o(x$fpl$dcmpinf)
    __aeabi_ddiv                             0x08007831   Thumb Code     0  ddiv.o(x$fpl$ddiv)
    _ddiv                                    0x08007831   Thumb Code   552  ddiv.o(x$fpl$ddiv)
    __aeabi_d2iz                             0x08007ae1   Thumb Code     0  dfix.o(x$fpl$dfix)
    _dfix                                    0x08007ae1   Thumb Code    94  dfix.o(x$fpl$dfix)
    __aeabi_i2d                              0x08007b3f   Thumb Code     0  dflt_clz.o(x$fpl$dflt)
    _dflt                                    0x08007b3f   Thumb Code    46  dflt_clz.o(x$fpl$dflt)
    __aeabi_ui2d                             0x08007b6d   Thumb Code     0  dflt_clz.o(x$fpl$dfltu)
    _dfltu                                   0x08007b6d   Thumb Code    38  dflt_clz.o(x$fpl$dfltu)
    __aeabi_cdcmple                          0x08007b95   Thumb Code     0  dleqf.o(x$fpl$dleqf)
    _dcmple                                  0x08007b95   Thumb Code   120  dleqf.o(x$fpl$dleqf)
    __fpl_dcmple_InfNaN                      0x08007bf7   Thumb Code     0  dleqf.o(x$fpl$dleqf)
    __aeabi_dmul                             0x08007c0d   Thumb Code     0  dmul.o(x$fpl$dmul)
    _dmul                                    0x08007c0d   Thumb Code   332  dmul.o(x$fpl$dmul)
    __fpl_dnaninf                            0x08007d61   Thumb Code   156  dnaninf.o(x$fpl$dnaninf)
    __fpl_dretinf                            0x08007dfd   Thumb Code    12  dretinf.o(x$fpl$dretinf)
    __aeabi_cdrcmple                         0x08007e09   Thumb Code     0  drleqf.o(x$fpl$drleqf)
    _drcmple                                 0x08007e09   Thumb Code   108  drleqf.o(x$fpl$drleqf)
    __aeabi_drsub                            0x08007e75   Thumb Code     0  daddsub_clz.o(x$fpl$drsb)
    _drsb                                    0x08007e75   Thumb Code    22  daddsub_clz.o(x$fpl$drsb)
    _dsqrt                                   0x08007e8d   Thumb Code   456  dsqrt_noumaal.o(x$fpl$dsqrt)
    __aeabi_dsub                             0x08008059   Thumb Code     0  daddsub_clz.o(x$fpl$dsub)
    _dsub                                    0x08008059   Thumb Code   464  daddsub_clz.o(x$fpl$dsub)
    __aeabi_f2d                              0x0800822d   Thumb Code     0  f2d.o(x$fpl$f2d)
    _f2d                                     0x0800822d   Thumb Code    86  f2d.o(x$fpl$f2d)
    __aeabi_fadd                             0x08008285   Thumb Code     0  faddsub_clz.o(x$fpl$fadd)
    _fadd                                    0x08008285   Thumb Code   196  faddsub_clz.o(x$fpl$fadd)
    __fpl_fcheck_NaN1                        0x08008349   Thumb Code     6  fcheck1.o(x$fpl$fcheck1)
    __aeabi_fdiv                             0x08008355   Thumb Code     0  fdiv.o(x$fpl$fdiv)
    _fdiv                                    0x08008355   Thumb Code   384  fdiv.o(x$fpl$fdiv)
    __aeabi_f2iz                             0x080084d9   Thumb Code     0  ffix.o(x$fpl$ffix)
    _ffix                                    0x080084d9   Thumb Code    54  ffix.o(x$fpl$ffix)
    __aeabi_f2uiz                            0x08008511   Thumb Code     0  ffixu.o(x$fpl$ffixu)
    _ffixu                                   0x08008511   Thumb Code    62  ffixu.o(x$fpl$ffixu)
    __aeabi_i2f                              0x08008551   Thumb Code     0  fflt_clz.o(x$fpl$fflt)
    _fflt                                    0x08008551   Thumb Code    48  fflt_clz.o(x$fpl$fflt)
    __aeabi_ui2f                             0x08008581   Thumb Code     0  fflt_clz.o(x$fpl$ffltu)
    _ffltu                                   0x08008581   Thumb Code    38  fflt_clz.o(x$fpl$ffltu)
    __aeabi_fmul                             0x080085a9   Thumb Code     0  fmul.o(x$fpl$fmul)
    _fmul                                    0x080085a9   Thumb Code   258  fmul.o(x$fpl$fmul)
    __fpl_fnaninf                            0x080086ab   Thumb Code   140  fnaninf.o(x$fpl$fnaninf)
    __fpl_fretinf                            0x08008737   Thumb Code    10  fretinf.o(x$fpl$fretinf)
    __aeabi_frsub                            0x08008741   Thumb Code     0  faddsub_clz.o(x$fpl$frsb)
    _frsb                                    0x08008741   Thumb Code    20  faddsub_clz.o(x$fpl$frsb)
    __aeabi_fsub                             0x08008755   Thumb Code     0  faddsub_clz.o(x$fpl$fsub)
    _fsub                                    0x08008755   Thumb Code   234  faddsub_clz.o(x$fpl$fsub)
    __fpl_return_NaN                         0x0800883f   Thumb Code   100  retnan.o(x$fpl$retnan)
    __ARM_scalbn                             0x080088a3   Thumb Code    92  scalbn.o(x$fpl$scalbn)
    __ARM_scalbnf                            0x080088ff   Thumb Code    76  scalbnf.o(x$fpl$scalbnf)
    __fpl_cmpreturn                          0x0800894b   Thumb Code    48  trapv.o(x$fpl$trapveneer)
    __I$use$fp                               0x0800897a   Number         0  usenofp.o(x$fpl$usenofp)
    hw                                       0x0800897a   Data          12  inv_mpu.o(.constdata)
    reg                                      0x08008986   Data          27  inv_mpu.o(.constdata)
    test                                     0x080089a4   Data          40  inv_mpu.o(.constdata)
    oled_asc2_1206                           0x080095c2   Data        1140  oled.o(.constdata)
    oled_asc2_1608                           0x08009a36   Data        1520  oled.o(.constdata)
    AHBPrescTable                            0x0800a026   Data          16  system_stm32f1xx.o(.constdata)
    APBPrescTable                            0x0800a036   Data           8  system_stm32f1xx.o(.constdata)
    __mathlib_zero                           0x0800a160   Data           8  qnan.o(.constdata)
    Region$$Table$$Base                      0x0800a1b8   Number         0  anon$$obj.o(Region$$Table)
    Region$$Table$$Limit                     0x0800a1d8   Number         0  anon$$obj.o(Region$$Table)
    dt                                       0x20000044   Data           4  filter.o(.data)
    sensors                                  0x200000b0   Data           2  mpu6050.o(.data)
    q0                                       0x200000b4   Data           4  mpu6050.o(.data)
    q1                                       0x200000b8   Data           4  mpu6050.o(.data)
    q2                                       0x200000bc   Data           4  mpu6050.o(.data)
    q3                                       0x200000c0   Data           4  mpu6050.o(.data)
    Roll                                     0x200000c4   Data           4  mpu6050.o(.data)
    Pitch                                    0x200000c8   Data           4  mpu6050.o(.data)
    Yaw                                      0x200000cc   Data           4  mpu6050.o(.data)
    gyro                                     0x200000d0   Data           6  mpu6050.o(.data)
    accel                                    0x200000d6   Data           6  mpu6050.o(.data)
    Velocity_Left                            0x200000e8   Data           4  show.o(.data)
    Velocity_Right                           0x200000ec   Data           4  show.o(.data)
    Usart3_Receive_buf                       0x20000103   Data           1  usart3.o(.data)
    Usart3_Receive                           0x20000104   Data           1  usart3.o(.data)
    Flag_velocity                            0x20000110   Data           1  main.o(.data)
    Flag_Stop                                0x20000111   Data           1  main.o(.data)
    Flag_Show                                0x20000112   Data           1  main.o(.data)
    Flag_follow                              0x20000113   Data           1  main.o(.data)
    Flag_avoid                               0x20000114   Data           1  main.o(.data)
    Balance_Kp                               0x20000118   Data           4  main.o(.data)
    Balance_Kd                               0x2000011c   Data           4  main.o(.data)
    Velocity_Kp                              0x20000120   Data           4  main.o(.data)
    Velocity_Ki                              0x20000124   Data           4  main.o(.data)
    Turn_Kp                                  0x20000128   Data           4  main.o(.data)
    Turn_Kd                                  0x2000012c   Data           4  main.o(.data)
    Flag_front                               0x20000130   Data           1  main.o(.data)
    Flag_back                                0x20000131   Data           1  main.o(.data)
    Flag_Left                                0x20000132   Data           1  main.o(.data)
    Flag_Right                               0x20000133   Data           1  main.o(.data)
    Motor_Left                               0x20000134   Data           4  main.o(.data)
    Motor_Right                              0x20000138   Data           4  main.o(.data)
    Voltage                                  0x2000013c   Data           4  main.o(.data)
    Angle_Balance                            0x20000140   Data           4  main.o(.data)
    Gyro_Balance                             0x20000144   Data           4  main.o(.data)
    Gyro_Turn                                0x20000148   Data           4  main.o(.data)
    Distance                                 0x2000014c   Data           4  main.o(.data)
    PID_Send                                 0x20000150   Data           1  main.o(.data)
    Acceleration_Z                           0x20000154   Data           4  main.o(.data)
    delay_flag                               0x20000158   Data           1  main.o(.data)
    delay_50                                 0x20000159   Data           1  main.o(.data)
    TIM3CH3_CAPTURE_STA                      0x2000015a   Data           2  tim.o(.data)
    TIM3CH3_CAPTURE_VAL                      0x2000015c   Data           2  tim.o(.data)
    __stdout                                 0x20000160   Data           4  usart.o(.data)
    SystemCoreClock                          0x20000168   Data           4  system_stm32f1xx.o(.data)
    uwTickFreq                               0x2000016c   Data           1  stm32f1xx_hal.o(.data)
    uwTickPrio                               0x20000170   Data           4  stm32f1xx_hal.o(.data)
    uwTick                                   0x20000174   Data           4  stm32f1xx_hal.o(.data)
    OLED_GRAM                                0x20000198   Data        1024  oled.o(.bss)
    hadc1                                    0x200005cc   Data          48  adc.o(.bss)
    htim1                                    0x200005fc   Data          72  tim.o(.bss)
    htim2                                    0x20000644   Data          72  tim.o(.bss)
    htim3                                    0x2000068c   Data          72  tim.o(.bss)
    htim4                                    0x200006d4   Data          72  tim.o(.bss)
    huart1                                   0x2000071c   Data          68  usart.o(.bss)
    huart3                                   0x20000760   Data          68  usart.o(.bss)
    __libspace_start                         0x200007a4   Data          96  libspace.o(.bss)
    __temporary_stack_top$libspace           0x20000804   Data           0  libspace.o(.bss)



==============================================================================

Memory Map of the image

  Image Entry point : 0x080000ed

  Load Region LR_IROM1 (Base: 0x08000000, Size: 0x0000a350, Max: 0x00010000, ABSOLUTE, COMPRESSED[0x0000a21c])

    Execution Region ER_IROM1 (Base: 0x08000000, Size: 0x0000a1d8, Max: 0x00010000, ABSOLUTE)

    Base Addr    Size         Type   Attr      Idx    E Section Name        Object

    0x08000000   0x000000ec   Data   RO         1737    RESET               startup_stm32f103xb.o
    0x080000ec   0x00000008   Code   RO         4445  * !!!main             c_w.l(__main.o)
    0x080000f4   0x00000034   Code   RO         4780    !!!scatter          c_w.l(__scatter.o)
    0x08000128   0x0000005a   Code   RO         4778    !!dczerorl2         c_w.l(__dczerorl2.o)
    0x08000182   0x00000002   PAD
    0x08000184   0x0000001c   Code   RO         4782    !!handler_zi        c_w.l(__scatter_zi.o)
    0x080001a0   0x00000000   Code   RO         4434    .ARM.Collect$$_printf_percent$$00000000  c_w.l(_printf_percent.o)
    0x080001a0   0x00000006   Code   RO         4433    .ARM.Collect$$_printf_percent$$00000009  c_w.l(_printf_d.o)
    0x080001a6   0x00000004   Code   RO         4542    .ARM.Collect$$_printf_percent$$00000017  c_w.l(_printf_percent_end.o)
    0x080001aa   0x00000002   Code   RO         4647    .ARM.Collect$$libinit$$00000000  c_w.l(libinit.o)
    0x080001ac   0x00000000   Code   RO         4659    .ARM.Collect$$libinit$$00000002  c_w.l(libinit2.o)
    0x080001ac   0x00000000   Code   RO         4661    .ARM.Collect$$libinit$$00000004  c_w.l(libinit2.o)
    0x080001ac   0x00000000   Code   RO         4664    .ARM.Collect$$libinit$$0000000A  c_w.l(libinit2.o)
    0x080001ac   0x00000000   Code   RO         4666    .ARM.Collect$$libinit$$0000000C  c_w.l(libinit2.o)
    0x080001ac   0x00000000   Code   RO         4668    .ARM.Collect$$libinit$$0000000E  c_w.l(libinit2.o)
    0x080001ac   0x00000000   Code   RO         4671    .ARM.Collect$$libinit$$00000011  c_w.l(libinit2.o)
    0x080001ac   0x00000000   Code   RO         4673    .ARM.Collect$$libinit$$00000013  c_w.l(libinit2.o)
    0x080001ac   0x00000000   Code   RO         4675    .ARM.Collect$$libinit$$00000015  c_w.l(libinit2.o)
    0x080001ac   0x00000000   Code   RO         4677    .ARM.Collect$$libinit$$00000017  c_w.l(libinit2.o)
    0x080001ac   0x00000000   Code   RO         4679    .ARM.Collect$$libinit$$00000019  c_w.l(libinit2.o)
    0x080001ac   0x00000000   Code   RO         4681    .ARM.Collect$$libinit$$0000001B  c_w.l(libinit2.o)
    0x080001ac   0x00000000   Code   RO         4683    .ARM.Collect$$libinit$$0000001D  c_w.l(libinit2.o)
    0x080001ac   0x00000000   Code   RO         4685    .ARM.Collect$$libinit$$0000001F  c_w.l(libinit2.o)
    0x080001ac   0x00000000   Code   RO         4687    .ARM.Collect$$libinit$$00000021  c_w.l(libinit2.o)
    0x080001ac   0x00000000   Code   RO         4689    .ARM.Collect$$libinit$$00000023  c_w.l(libinit2.o)
    0x080001ac   0x00000000   Code   RO         4691    .ARM.Collect$$libinit$$00000025  c_w.l(libinit2.o)
    0x080001ac   0x00000000   Code   RO         4695    .ARM.Collect$$libinit$$0000002C  c_w.l(libinit2.o)
    0x080001ac   0x00000000   Code   RO         4697    .ARM.Collect$$libinit$$0000002E  c_w.l(libinit2.o)
    0x080001ac   0x00000000   Code   RO         4699    .ARM.Collect$$libinit$$00000030  c_w.l(libinit2.o)
    0x080001ac   0x00000000   Code   RO         4701    .ARM.Collect$$libinit$$00000032  c_w.l(libinit2.o)
    0x080001ac   0x00000002   Code   RO         4702    .ARM.Collect$$libinit$$00000033  c_w.l(libinit2.o)
    0x080001ae   0x00000002   Code   RO         4730    .ARM.Collect$$libshutdown$$00000000  c_w.l(libshutdown.o)
    0x080001b0   0x00000000   Code   RO         4744    .ARM.Collect$$libshutdown$$00000002  c_w.l(libshutdown2.o)
    0x080001b0   0x00000000   Code   RO         4746    .ARM.Collect$$libshutdown$$00000004  c_w.l(libshutdown2.o)
    0x080001b0   0x00000000   Code   RO         4749    .ARM.Collect$$libshutdown$$00000007  c_w.l(libshutdown2.o)
    0x080001b0   0x00000000   Code   RO         4752    .ARM.Collect$$libshutdown$$0000000A  c_w.l(libshutdown2.o)
    0x080001b0   0x00000000   Code   RO         4754    .ARM.Collect$$libshutdown$$0000000C  c_w.l(libshutdown2.o)
    0x080001b0   0x00000000   Code   RO         4757    .ARM.Collect$$libshutdown$$0000000F  c_w.l(libshutdown2.o)
    0x080001b0   0x00000002   Code   RO         4758    .ARM.Collect$$libshutdown$$00000010  c_w.l(libshutdown2.o)
    0x080001b2   0x00000000   Code   RO         4533    .ARM.Collect$$rtentry$$00000000  c_w.l(__rtentry.o)
    0x080001b2   0x00000000   Code   RO         4596    .ARM.Collect$$rtentry$$00000002  c_w.l(__rtentry2.o)
    0x080001b2   0x00000006   Code   RO         4608    .ARM.Collect$$rtentry$$00000004  c_w.l(__rtentry4.o)
    0x080001b8   0x00000000   Code   RO         4598    .ARM.Collect$$rtentry$$00000009  c_w.l(__rtentry2.o)
    0x080001b8   0x00000004   Code   RO         4599    .ARM.Collect$$rtentry$$0000000A  c_w.l(__rtentry2.o)
    0x080001bc   0x00000000   Code   RO         4601    .ARM.Collect$$rtentry$$0000000C  c_w.l(__rtentry2.o)
    0x080001bc   0x00000008   Code   RO         4602    .ARM.Collect$$rtentry$$0000000D  c_w.l(__rtentry2.o)
    0x080001c4   0x00000002   Code   RO         4652    .ARM.Collect$$rtexit$$00000000  c_w.l(rtexit.o)
    0x080001c6   0x00000000   Code   RO         4704    .ARM.Collect$$rtexit$$00000002  c_w.l(rtexit2.o)
    0x080001c6   0x00000004   Code   RO         4705    .ARM.Collect$$rtexit$$00000003  c_w.l(rtexit2.o)
    0x080001ca   0x00000006   Code   RO         4706    .ARM.Collect$$rtexit$$00000004  c_w.l(rtexit2.o)
    0x080001d0   0x00000040   Code   RO         1738    .text               startup_stm32f103xb.o
    0x08000210   0x00000002   Code   RO         4399    .text               c_w.l(use_no_semi_2.o)
    0x08000212   0x00000048   Code   RO         4403    .text               c_w.l(llsdiv.o)
    0x0800025a   0x00000002   PAD
    0x0800025c   0x00000018   Code   RO         4407    .text               c_w.l(noretval__2printf.o)
    0x08000274   0x00000068   Code   RO         4409    .text               c_w.l(__printf.o)
    0x080002dc   0x00000078   Code   RO         4411    .text               c_w.l(_printf_dec.o)
    0x08000354   0x00000058   Code   RO         4435    .text               c_w.l(memcmp.o)
    0x080003ac   0x00000010   Code   RO         4437    .text               c_w.l(aeabi_memset.o)
    0x080003bc   0x00000044   Code   RO         4439    .text               c_w.l(rt_memclr.o)
    0x08000400   0x0000004e   Code   RO         4441    .text               c_w.l(rt_memclr_w.o)
    0x0800044e   0x00000006   Code   RO         4443    .text               c_w.l(heapauxi.o)
    0x08000454   0x00000002   Code   RO         4531    .text               c_w.l(use_no_semi.o)
    0x08000456   0x000000ee   Code   RO         4534    .text               c_w.l(lludivv7m.o)
    0x08000544   0x00000016   Code   RO         4536    .text               c_w.l(_rserrno.o)
    0x0800055a   0x000000b2   Code   RO         4538    .text               c_w.l(_printf_intcommon.o)
    0x0800060c   0x00000024   Code   RO         4540    .text               c_w.l(_printf_char_file.o)
    0x08000630   0x00000008   Code   RO         4617    .text               c_w.l(rt_errno_addr_intlibspace.o)
    0x08000638   0x00000030   Code   RO         4619    .text               c_w.l(_printf_char_common.o)
    0x08000668   0x00000008   Code   RO         4621    .text               c_w.l(ferror.o)
    0x08000670   0x00000008   Code   RO         4631    .text               c_w.l(libspace.o)
    0x08000678   0x0000004a   Code   RO         4634    .text               c_w.l(sys_stackheap_outer.o)
    0x080006c2   0x00000012   Code   RO         4640    .text               c_w.l(exit.o)
    0x080006d4   0x00000056   Code   RO         1819    i.ADC_ConversionStop_Disable  stm32f1xx_hal_adc.o
    0x0800072a   0x00000002   PAD
    0x0800072c   0x0000007c   Code   RO         1823    i.ADC_Enable        stm32f1xx_hal_adc.o
    0x080007a8   0x00000048   Code   RO            4    i.Balance           control.o
    0x080007f0   0x00000002   Code   RO         1555    i.BusFault_Handler  stm32f1xx_it.o
    0x080007f2   0x00000002   PAD
    0x080007f4   0x00000064   Code   RO            5    i.Choose            control.o
    0x08000858   0x00000230   Code   RO          783    i.DMP_Init          mpu6050.o
    0x08000a88   0x00000002   Code   RO         1556    i.DebugMon_Handler  stm32f1xx_it.o
    0x08000a8a   0x00000002   PAD
    0x08000a8c   0x00000038   Code   RO         1557    i.EXTI15_10_IRQHandler  stm32f1xx_it.o
    0x08000ac4   0x00000004   Code   RO         1248    i.Error_Handler     main.o
    0x08000ac8   0x000001ec   Code   RO            6    i.Get_Angle         control.o
    0x08000cb4   0x000000c8   Code   RO            7    i.Get_Velocity_Form_Encoder  control.o
    0x08000d7c   0x00000058   Code   RO         1345    i.Get_battery_volt  adc.o
    0x08000dd4   0x000000d8   Code   RO         1999    i.HAL_ADCEx_Calibration_Start  stm32f1xx_hal_adc_ex.o
    0x08000eac   0x000000fc   Code   RO         1825    i.HAL_ADC_ConfigChannel  stm32f1xx_hal_adc.o
    0x08000fa8   0x00000006   Code   RO         1832    i.HAL_ADC_GetValue  stm32f1xx_hal_adc.o
    0x08000fae   0x00000002   PAD
    0x08000fb0   0x0000011c   Code   RO         1834    i.HAL_ADC_Init      stm32f1xx_hal_adc.o
    0x080010cc   0x00000058   Code   RO         1347    i.HAL_ADC_MspInit   adc.o
    0x08001124   0x0000013c   Code   RO         1838    i.HAL_ADC_PollForConversion  stm32f1xx_hal_adc.o
    0x08001260   0x000000c0   Code   RO         1840    i.HAL_ADC_Start     stm32f1xx_hal_adc.o
    0x08001320   0x00000046   Code   RO         2474    i.HAL_DMA_Abort     stm32f1xx_hal_dma.o
    0x08001366   0x00000002   PAD
    0x08001368   0x00000098   Code   RO         2475    i.HAL_DMA_Abort_IT  stm32f1xx_hal_dma.o
    0x08001400   0x00000160   Code   RO            8    i.HAL_GPIO_EXTI_Callback  control.o
    0x08001560   0x00000018   Code   RO         2409    i.HAL_GPIO_EXTI_IRQHandler  stm32f1xx_hal_gpio.o
    0x08001578   0x000001e0   Code   RO         2410    i.HAL_GPIO_Init     stm32f1xx_hal_gpio.o
    0x08001758   0x0000000a   Code   RO         2414    i.HAL_GPIO_WritePin  stm32f1xx_hal_gpio.o
    0x08001762   0x00000002   PAD
    0x08001764   0x0000000c   Code   RO         2106    i.HAL_GetTick       stm32f1xx_hal.o
    0x08001770   0x00000010   Code   RO         2112    i.HAL_IncTick       stm32f1xx_hal.o
    0x08001780   0x00000024   Code   RO         2113    i.HAL_Init          stm32f1xx_hal.o
    0x080017a4   0x00000040   Code   RO         2114    i.HAL_InitTick      stm32f1xx_hal.o
    0x080017e4   0x00000044   Code   RO         1648    i.HAL_MspInit       stm32f1xx_hal_msp.o
    0x08001828   0x00000022   Code   RO         2569    i.HAL_NVIC_DisableIRQ  stm32f1xx_hal_cortex.o
    0x0800184a   0x0000001a   Code   RO         2570    i.HAL_NVIC_EnableIRQ  stm32f1xx_hal_cortex.o
    0x08001864   0x00000040   Code   RO         2576    i.HAL_NVIC_SetPriority  stm32f1xx_hal_cortex.o
    0x080018a4   0x00000024   Code   RO         2577    i.HAL_NVIC_SetPriorityGrouping  stm32f1xx_hal_cortex.o
    0x080018c8   0x000000c8   Code   RO         2372    i.HAL_RCCEx_GetPeriphCLKFreq  stm32f1xx_hal_rcc_ex.o
    0x08001990   0x000000ec   Code   RO         2373    i.HAL_RCCEx_PeriphCLKConfig  stm32f1xx_hal_rcc_ex.o
    0x08001a7c   0x0000012c   Code   RO         2270    i.HAL_RCC_ClockConfig  stm32f1xx_hal_rcc.o
    0x08001ba8   0x00000020   Code   RO         2277    i.HAL_RCC_GetPCLK1Freq  stm32f1xx_hal_rcc.o
    0x08001bc8   0x00000020   Code   RO         2278    i.HAL_RCC_GetPCLK2Freq  stm32f1xx_hal_rcc.o
    0x08001be8   0x0000006c   Code   RO         2279    i.HAL_RCC_GetSysClockFreq  stm32f1xx_hal_rcc.o
    0x08001c54   0x00000320   Code   RO         2282    i.HAL_RCC_OscConfig  stm32f1xx_hal_rcc.o
    0x08001f74   0x00000028   Code   RO         2581    i.HAL_SYSTICK_Config  stm32f1xx_hal_cortex.o
    0x08001f9c   0x00000002   Code   RO         3776    i.HAL_TIMEx_BreakCallback  stm32f1xx_hal_tim_ex.o
    0x08001f9e   0x00000002   Code   RO         3777    i.HAL_TIMEx_CommutCallback  stm32f1xx_hal_tim_ex.o
    0x08001fa0   0x00000054   Code   RO         3779    i.HAL_TIMEx_ConfigBreakDeadTime  stm32f1xx_hal_tim_ex.o
    0x08001ff4   0x00000068   Code   RO         3795    i.HAL_TIMEx_MasterConfigSynchronization  stm32f1xx_hal_tim_ex.o
    0x0800205c   0x0000005a   Code   RO         3072    i.HAL_TIM_Base_Init  stm32f1xx_hal_tim.o
    0x080020b6   0x00000002   PAD
    0x080020b8   0x00000080   Code   RO         1394    i.HAL_TIM_Base_MspInit  tim.o
    0x08002138   0x00000058   Code   RO         3077    i.HAL_TIM_Base_Start_IT  stm32f1xx_hal_tim.o
    0x08002190   0x000000d6   Code   RO         3081    i.HAL_TIM_ConfigClockSource  stm32f1xx_hal_tim.o
    0x08002266   0x000000a4   Code   RO         3093    i.HAL_TIM_Encoder_Init  stm32f1xx_hal_tim.o
    0x0800230a   0x00000002   PAD
    0x0800230c   0x0000008c   Code   RO         1396    i.HAL_TIM_Encoder_MspInit  tim.o
    0x08002398   0x0000008e   Code   RO         3096    i.HAL_TIM_Encoder_Start  stm32f1xx_hal_tim.o
    0x08002426   0x00000002   PAD
    0x08002428   0x000000a4   Code   RO         1397    i.HAL_TIM_IC_CaptureCallback  tim.o
    0x080024cc   0x0000010e   Code   RO         3108    i.HAL_TIM_IC_ConfigChannel  stm32f1xx_hal_tim.o
    0x080025da   0x0000005a   Code   RO         3111    i.HAL_TIM_IC_Init   stm32f1xx_hal_tim.o
    0x08002634   0x00000002   Code   RO         3113    i.HAL_TIM_IC_MspInit  stm32f1xx_hal_tim.o
    0x08002636   0x00000002   PAD
    0x08002638   0x000000e0   Code   RO         3116    i.HAL_TIM_IC_Start_IT  stm32f1xx_hal_tim.o
    0x08002718   0x00000166   Code   RO         3120    i.HAL_TIM_IRQHandler  stm32f1xx_hal_tim.o
    0x0800287e   0x00000002   PAD
    0x08002880   0x0000004c   Code   RO         1398    i.HAL_TIM_MspPostInit  tim.o
    0x080028cc   0x00000002   Code   RO         3123    i.HAL_TIM_OC_DelayElapsedCallback  stm32f1xx_hal_tim.o
    0x080028ce   0x000000c6   Code   RO         3144    i.HAL_TIM_PWM_ConfigChannel  stm32f1xx_hal_tim.o
    0x08002994   0x0000005a   Code   RO         3147    i.HAL_TIM_PWM_Init  stm32f1xx_hal_tim.o
    0x080029ee   0x00000002   Code   RO         3149    i.HAL_TIM_PWM_MspInit  stm32f1xx_hal_tim.o
    0x080029f0   0x00000002   Code   RO         3150    i.HAL_TIM_PWM_PulseFinishedCallback  stm32f1xx_hal_tim.o
    0x080029f2   0x00000002   PAD
    0x080029f4   0x0000009c   Code   RO         3152    i.HAL_TIM_PWM_Start  stm32f1xx_hal_tim.o
    0x08002a90   0x00000034   Code   RO         1399    i.HAL_TIM_PeriodElapsedCallback  tim.o
    0x08002ac4   0x0000002a   Code   RO         3160    i.HAL_TIM_ReadCapturedValue  stm32f1xx_hal_tim.o
    0x08002aee   0x00000002   Code   RO         3163    i.HAL_TIM_TriggerCallback  stm32f1xx_hal_tim.o
    0x08002af0   0x00000002   Code   RO         4054    i.HAL_UARTEx_RxEventCallback  stm32f1xx_hal_uart.o
    0x08002af2   0x00000002   Code   RO         4068    i.HAL_UART_ErrorCallback  stm32f1xx_hal_uart.o
    0x08002af4   0x0000020c   Code   RO         4071    i.HAL_UART_IRQHandler  stm32f1xx_hal_uart.o
    0x08002d00   0x00000062   Code   RO         4072    i.HAL_UART_Init     stm32f1xx_hal_uart.o
    0x08002d62   0x00000002   PAD
    0x08002d64   0x000000d0   Code   RO         1491    i.HAL_UART_MspInit  usart.o
    0x08002e34   0x0000002a   Code   RO         4077    i.HAL_UART_Receive_IT  stm32f1xx_hal_uart.o
    0x08002e5e   0x00000002   PAD
    0x08002e60   0x00000210   Code   RO         1217    i.HAL_UART_RxCpltCallback  usart3.o
    0x08003070   0x00000002   Code   RO         4083    i.HAL_UART_TxCpltCallback  stm32f1xx_hal_uart.o
    0x08003072   0x00000002   Code   RO         1558    i.HardFault_Handler  stm32f1xx_it.o
    0x08003074   0x0000003e   Code   RO          952    i.I2C_ReadOneByte   ioi2c.o
    0x080030b2   0x00000002   PAD
    0x080030b4   0x00000040   Code   RO          953    i.IIC_Ack           ioi2c.o
    0x080030f4   0x00000040   Code   RO          954    i.IIC_NAck          ioi2c.o
    0x08003134   0x0000006c   Code   RO          955    i.IIC_Read_Byte     ioi2c.o
    0x080031a0   0x00000060   Code   RO          956    i.IIC_Send_Byte     ioi2c.o
    0x08003200   0x00000050   Code   RO          957    i.IIC_Start         ioi2c.o
    0x08003250   0x00000040   Code   RO          958    i.IIC_Stop          ioi2c.o
    0x08003290   0x00000058   Code   RO          959    i.IIC_Wait_Ack      ioi2c.o
    0x080032e8   0x0000000e   Code   RO          960    i.IICreadByte       ioi2c.o
    0x080032f6   0x00000032   Code   RO          962    i.IICwriteBit       ioi2c.o
    0x08003328   0x00000054   Code   RO          963    i.IICwriteBits      ioi2c.o
    0x0800337c   0x0000000c   Code   RO          964    i.IICwriteByte      ioi2c.o
    0x08003388   0x00000044   Code   RO          965    i.IICwriteBytes     ioi2c.o
    0x080033cc   0x00000028   Code   RO         1711    i.JTAG_Set          sys.o
    0x080033f4   0x0000015c   Code   RO          284    i.Kalman_Filter     filter.o
    0x08003550   0x0000003c   Code   RO            9    i.Key               control.o
    0x0800358c   0x00000030   Code   RO         1102    i.Led_Flash         led.o
    0x080035bc   0x0000003c   Code   RO         1065    i.Long_Press        key.o
    0x080035f8   0x0000002a   Code   RO          785    i.MPU6050_initialize  mpu6050.o
    0x08003622   0x00000012   Code   RO          787    i.MPU6050_setClockSource  mpu6050.o
    0x08003634   0x00000012   Code   RO          788    i.MPU6050_setFullScaleAccelRange  mpu6050.o
    0x08003646   0x00000012   Code   RO          789    i.MPU6050_setFullScaleGyroRange  mpu6050.o
    0x08003658   0x0000000c   Code   RO          790    i.MPU6050_setI2CBypassEnabled  mpu6050.o
    0x08003664   0x0000000c   Code   RO          791    i.MPU6050_setI2CMasterModeEnabled  mpu6050.o
    0x08003670   0x0000000c   Code   RO          792    i.MPU6050_setSleepEnabled  mpu6050.o
    0x0800367c   0x00000054   Code   RO         1348    i.MX_ADC1_Init      adc.o
    0x080036d0   0x00000104   Code   RO         1321    i.MX_GPIO_Init      gpio.o
    0x080037d4   0x000000e8   Code   RO         1400    i.MX_TIM1_Init      tim.o
    0x080038bc   0x00000070   Code   RO         1401    i.MX_TIM2_Init      tim.o
    0x0800392c   0x000000a4   Code   RO         1402    i.MX_TIM3_Init      tim.o
    0x080039d0   0x00000074   Code   RO         1403    i.MX_TIM4_Init      tim.o
    0x08003a44   0x00000038   Code   RO         1492    i.MX_USART1_UART_Init  usart.o
    0x08003a7c   0x00000044   Code   RO         1493    i.MX_USART3_UART_Init  usart.o
    0x08003ac0   0x00000002   Code   RO         1559    i.MemManage_Handler  stm32f1xx_it.o
    0x08003ac2   0x00000002   Code   RO         1560    i.NMI_Handler       stm32f1xx_it.o
    0x08003ac4   0x0000002c   Code   RO         1127    i.OLED_Clear        oled.o
    0x08003af0   0x0000003c   Code   RO         1130    i.OLED_DrawPoint    oled.o
    0x08003b2c   0x000000ec   Code   RO         1131    i.OLED_Init         oled.o
    0x08003c18   0x0000004c   Code   RO         1132    i.OLED_Refresh_Gram  oled.o
    0x08003c64   0x00000090   Code   RO         1133    i.OLED_ShowChar     oled.o
    0x08003cf4   0x00000078   Code   RO         1134    i.OLED_ShowNumber   oled.o
    0x08003d6c   0x0000003e   Code   RO         1135    i.OLED_ShowString   oled.o
    0x08003daa   0x00000002   PAD
    0x08003dac   0x00000048   Code   RO         1136    i.OLED_WR_Byte      oled.o
    0x08003df4   0x0000000e   Code   RO           10    i.PWM_Limit         control.o
    0x08003e02   0x00000002   Code   RO         1561    i.PendSV_Handler    stm32f1xx_it.o
    0x08003e04   0x000000a0   Code   RO           11    i.Pick_Up           control.o
    0x08003ea4   0x00000064   Code   RO           12    i.Put_Down          control.o
    0x08003f08   0x00000048   Code   RO         1404    i.Read_Distane      tim.o
    0x08003f50   0x00000034   Code   RO          928    i.Read_Encoder      encoder.o
    0x08003f84   0x00000002   Code   RO         1562    i.SVC_Handler       stm32f1xx_it.o
    0x08003f86   0x00000002   PAD
    0x08003f88   0x00000054   Code   RO           13    i.Set_Pwm           control.o
    0x08003fdc   0x00000004   Code   RO         1563    i.SysTick_Handler   stm32f1xx_it.o
    0x08003fe0   0x00000078   Code   RO         1249    i.SystemClock_Config  main.o
    0x08004058   0x00000002   Code   RO         1746    i.SystemInit        system_stm32f1xx.o
    0x0800405a   0x00000002   PAD
    0x0800405c   0x0000000c   Code   RO         1564    i.TIM3_IRQHandler   stm32f1xx_it.o
    0x08004068   0x0000006c   Code   RO         3165    i.TIM_Base_SetConfig  stm32f1xx_hal_tim.o
    0x080040d4   0x0000001a   Code   RO         3166    i.TIM_CCxChannelCmd  stm32f1xx_hal_tim.o
    0x080040ee   0x00000014   Code   RO         3176    i.TIM_ETR_SetConfig  stm32f1xx_hal_tim.o
    0x08004102   0x00000010   Code   RO         3177    i.TIM_ITRx_SetConfig  stm32f1xx_hal_tim.o
    0x08004112   0x00000002   PAD
    0x08004114   0x00000050   Code   RO         3178    i.TIM_OC1_SetConfig  stm32f1xx_hal_tim.o
    0x08004164   0x00000058   Code   RO         3179    i.TIM_OC2_SetConfig  stm32f1xx_hal_tim.o
    0x080041bc   0x00000058   Code   RO         3180    i.TIM_OC3_SetConfig  stm32f1xx_hal_tim.o
    0x08004214   0x00000044   Code   RO         3181    i.TIM_OC4_SetConfig  stm32f1xx_hal_tim.o
    0x08004258   0x00000022   Code   RO         3183    i.TIM_TI1_ConfigInputStage  stm32f1xx_hal_tim.o
    0x0800427a   0x00000002   PAD
    0x0800427c   0x00000058   Code   RO         3184    i.TIM_TI1_SetConfig  stm32f1xx_hal_tim.o
    0x080042d4   0x00000024   Code   RO         3185    i.TIM_TI2_ConfigInputStage  stm32f1xx_hal_tim.o
    0x080042f8   0x00000036   Code   RO         3186    i.TIM_TI2_SetConfig  stm32f1xx_hal_tim.o
    0x0800432e   0x00000002   PAD
    0x08004330   0x000000ac   Code   RO           14    i.Turn              control.o
    0x080043dc   0x00000048   Code   RO           15    i.Turn_Off          control.o
    0x08004424   0x00000010   Code   RO         4085    i.UART_DMAAbortOnError  stm32f1xx_hal_uart.o
    0x08004434   0x00000030   Code   RO         4095    i.UART_EndRxTransfer  stm32f1xx_hal_uart.o
    0x08004464   0x000000b6   Code   RO         4097    i.UART_Receive_IT   stm32f1xx_hal_uart.o
    0x0800451a   0x00000002   PAD
    0x0800451c   0x000000b8   Code   RO         4098    i.UART_SetConfig    stm32f1xx_hal_uart.o
    0x080045d4   0x00000036   Code   RO         4100    i.UART_Start_Receive_IT  stm32f1xx_hal_uart.o
    0x0800460a   0x00000002   PAD
    0x0800460c   0x0000000c   Code   RO         1565    i.USART3_IRQHandler  stm32f1xx_it.o
    0x08004618   0x00000002   Code   RO         1566    i.UsageFault_Handler  stm32f1xx_it.o
    0x0800461a   0x00000002   PAD
    0x0800461c   0x000001fc   Code   RO           16    i.Velocity          control.o
    0x08004818   0x00000028   Code   RO         4582    i.__ARM_fpclassify  m_ws.l(fpclassify.o)
    0x08004840   0x00000020   Code   RO         2583    i.__NVIC_SetPriority  stm32f1xx_hal_cortex.o
    0x08004860   0x000000aa   Code   RO         4584    i.__kernel_poly     m_ws.l(poly.o)
    0x0800490a   0x00000002   PAD
    0x0800490c   0x00000010   Code   RO         4568    i.__mathlib_dbl_divzero  m_ws.l(dunder.o)
    0x0800491c   0x00000006   Code   RO         4569    i.__mathlib_dbl_infnan  m_ws.l(dunder.o)
    0x08004922   0x00000004   Code   RO         4570    i.__mathlib_dbl_infnan2  m_ws.l(dunder.o)
    0x08004926   0x0000000c   Code   RO         4571    i.__mathlib_dbl_invalid  m_ws.l(dunder.o)
    0x08004932   0x0000000e   Code   RO         4572    i.__mathlib_dbl_overflow  m_ws.l(dunder.o)
    0x08004940   0x00000010   Code   RO         4574    i.__mathlib_dbl_underflow  m_ws.l(dunder.o)
    0x08004950   0x00000002   Code   RO         1494    i._sys_exit         usart.o
    0x08004952   0x00000002   PAD
    0x08004954   0x00000080   Code   RO          303    i.accel_self_test   inv_mpu.o
    0x080049d4   0x00000220   Code   RO         4559    i.atan              m_ws.l(atan.o)
    0x08004bf4   0x00000180   Code   RO         4514    i.atan2             m_ws.l(atan2.o)
    0x08004d74   0x00000090   Code   RO         1067    i.click_N_Double    key.o
    0x08004e04   0x00000020   Code   RO         1672    i.delay_init        delay.o
    0x08004e24   0x00000034   Code   RO         1673    i.delay_ms          delay.o
    0x08004e58   0x00000034   Code   RO         1674    i.delay_us          delay.o
    0x08004e8c   0x0000003a   Code   RO          604    i.dmp_enable_6x_lp_quat  inv_mpu_dmp_motion_driver.o
    0x08004ec6   0x00000002   PAD
    0x08004ec8   0x000001d8   Code   RO          605    i.dmp_enable_feature  inv_mpu_dmp_motion_driver.o
    0x080050a0   0x0000003c   Code   RO          606    i.dmp_enable_gyro_cal  inv_mpu_dmp_motion_driver.o
    0x080050dc   0x0000003a   Code   RO          607    i.dmp_enable_lp_quat  inv_mpu_dmp_motion_driver.o
    0x08005116   0x00000002   PAD
    0x08005118   0x00000014   Code   RO          612    i.dmp_load_motion_driver_firmware  inv_mpu_dmp_motion_driver.o
    0x0800512c   0x000000d8   Code   RO          616    i.dmp_set_accel_bias  inv_mpu_dmp_motion_driver.o
    0x08005204   0x00000064   Code   RO          617    i.dmp_set_fifo_rate  inv_mpu_dmp_motion_driver.o
    0x08005268   0x000000cc   Code   RO          618    i.dmp_set_gyro_bias  inv_mpu_dmp_motion_driver.o
    0x08005334   0x0000010c   Code   RO          620    i.dmp_set_orientation  inv_mpu_dmp_motion_driver.o
    0x08005440   0x00000030   Code   RO          623    i.dmp_set_shake_reject_thresh  inv_mpu_dmp_motion_driver.o
    0x08005470   0x00000020   Code   RO          624    i.dmp_set_shake_reject_time  inv_mpu_dmp_motion_driver.o
    0x08005490   0x00000020   Code   RO          625    i.dmp_set_shake_reject_timeout  inv_mpu_dmp_motion_driver.o
    0x080054b0   0x00000040   Code   RO          626    i.dmp_set_tap_axes  inv_mpu_dmp_motion_driver.o
    0x080054f0   0x00000022   Code   RO          627    i.dmp_set_tap_count  inv_mpu_dmp_motion_driver.o
    0x08005512   0x00000002   PAD
    0x08005514   0x00000128   Code   RO          628    i.dmp_set_tap_thresh  inv_mpu_dmp_motion_driver.o
    0x0800563c   0x00000020   Code   RO          629    i.dmp_set_tap_time  inv_mpu_dmp_motion_driver.o
    0x0800565c   0x00000020   Code   RO          630    i.dmp_set_tap_time_multi  inv_mpu_dmp_motion_driver.o
    0x0800567c   0x00000034   Code   RO         1495    i.fputc             usart.o
    0x080056b0   0x000000ac   Code   RO          304    i.get_accel_prod_shift  inv_mpu.o
    0x0800575c   0x00000314   Code   RO          305    i.get_st_biases     inv_mpu.o
    0x08005a70   0x000000d4   Code   RO          306    i.gyro_self_test    inv_mpu.o
    0x08005b44   0x00000070   Code   RO          966    i.i2cRead           ioi2c.o
    0x08005bb4   0x00000054   Code   RO          967    i.i2cWrite          ioi2c.o
    0x08005c08   0x00000048   Code   RO          796    i.inv_row_2_scale   mpu6050.o
    0x08005c50   0x0000005c   Code   RO         1250    i.main              main.o
    0x08005cac   0x00000054   Code   RO          307    i.mpu_configure_fifo  inv_mpu.o
    0x08005d00   0x0000003c   Code   RO          308    i.mpu_get_accel_fsr  inv_mpu.o
    0x08005d3c   0x00000044   Code   RO          310    i.mpu_get_accel_sens  inv_mpu.o
    0x08005d80   0x00000034   Code   RO          316    i.mpu_get_gyro_fsr  inv_mpu.o
    0x08005db4   0x00000040   Code   RO          318    i.mpu_get_gyro_sens  inv_mpu.o
    0x08005df4   0x00000038   Code   RO          320    i.mpu_get_lpf       inv_mpu.o
    0x08005e2c   0x0000001c   Code   RO          322    i.mpu_get_sample_rate  inv_mpu.o
    0x08005e48   0x00000188   Code   RO          324    i.mpu_init          inv_mpu.o
    0x08005fd0   0x000000a0   Code   RO          325    i.mpu_load_firmware  inv_mpu.o
    0x08006070   0x000000b8   Code   RO          326    i.mpu_lp_accel_mode  inv_mpu.o
    0x08006128   0x00000054   Code   RO          330    i.mpu_read_mem      inv_mpu.o
    0x0800617c   0x00000150   Code   RO          333    i.mpu_reset_fifo    inv_mpu.o
    0x080062cc   0x000000f0   Code   RO          334    i.mpu_run_self_test  inv_mpu.o
    0x080063bc   0x00000068   Code   RO          336    i.mpu_set_accel_fsr  inv_mpu.o
    0x08006424   0x000000dc   Code   RO          337    i.mpu_set_bypass    inv_mpu.o
    0x08006500   0x00000078   Code   RO          339    i.mpu_set_dmp_state  inv_mpu.o
    0x08006578   0x0000006c   Code   RO          340    i.mpu_set_gyro_fsr  inv_mpu.o
    0x080065e4   0x00000064   Code   RO          341    i.mpu_set_int_latched  inv_mpu.o
    0x08006648   0x0000006c   Code   RO          343    i.mpu_set_lpf       inv_mpu.o
    0x080066b4   0x00000080   Code   RO          344    i.mpu_set_sample_rate  inv_mpu.o
    0x08006734   0x000000b8   Code   RO          345    i.mpu_set_sensors   inv_mpu.o
    0x080067ec   0x00000054   Code   RO          346    i.mpu_write_mem     inv_mpu.o
    0x08006840   0x00000008   Code   RO           17    i.myabs             control.o
    0x08006848   0x00000010   Code   RO         1137    i.oled_pow          oled.o
    0x08006858   0x00000304   Code   RO          898    i.oled_show         show.o
    0x08006b5c   0x000009d8   Code   RO         4522    i.pow               m_ws.l(pow.o)
    0x08007534   0x0000007a   Code   RO          797    i.run_self_test     mpu6050.o
    0x080075ae   0x00000002   PAD
    0x080075b0   0x00000058   Code   RO          348    i.set_int_enable    inv_mpu.o
    0x08007608   0x0000004c   Code   RO         4588    i.sqrt              m_ws.l(sqrt.o)
    0x08007654   0x00000062   Code   RO         4447    x$fpl$d2f           fz_ws.l(d2f.o)
    0x080076b6   0x00000002   PAD
    0x080076b8   0x00000150   Code   RO         4449    x$fpl$dadd          fz_ws.l(daddsub_clz.o)
    0x08007808   0x00000010   Code   RO         4543    x$fpl$dcheck1       fz_ws.l(dcheck1.o)
    0x08007818   0x00000018   Code   RO         4648    x$fpl$dcmpinf       fz_ws.l(dcmpi.o)
    0x08007830   0x000002b0   Code   RO         4456    x$fpl$ddiv          fz_ws.l(ddiv.o)
    0x08007ae0   0x0000005e   Code   RO         4459    x$fpl$dfix          fz_ws.l(dfix.o)
    0x08007b3e   0x0000002e   Code   RO         4464    x$fpl$dflt          fz_ws.l(dflt_clz.o)
    0x08007b6c   0x00000026   Code   RO         4463    x$fpl$dfltu         fz_ws.l(dflt_clz.o)
    0x08007b92   0x00000002   PAD
    0x08007b94   0x00000078   Code   RO         4625    x$fpl$dleqf         fz_ws.l(dleqf.o)
    0x08007c0c   0x00000154   Code   RO         4469    x$fpl$dmul          fz_ws.l(dmul.o)
    0x08007d60   0x0000009c   Code   RO         4545    x$fpl$dnaninf       fz_ws.l(dnaninf.o)
    0x08007dfc   0x0000000c   Code   RO         4547    x$fpl$dretinf       fz_ws.l(dretinf.o)
    0x08007e08   0x0000006c   Code   RO         4549    x$fpl$drleqf        fz_ws.l(drleqf.o)
    0x08007e74   0x00000016   Code   RO         4450    x$fpl$drsb          fz_ws.l(daddsub_clz.o)
    0x08007e8a   0x00000002   PAD
    0x08007e8c   0x000001cc   Code   RO         4627    x$fpl$dsqrt         fz_ws.l(dsqrt_noumaal.o)
    0x08008058   0x000001d4   Code   RO         4451    x$fpl$dsub          fz_ws.l(daddsub_clz.o)
    0x0800822c   0x00000056   Code   RO         4471    x$fpl$f2d           fz_ws.l(f2d.o)
    0x08008282   0x00000002   PAD
    0x08008284   0x000000c4   Code   RO         4473    x$fpl$fadd          fz_ws.l(faddsub_clz.o)
    0x08008348   0x0000000c   Code   RO         4551    x$fpl$fcheck1       fz_ws.l(fcheck1.o)
    0x08008354   0x00000184   Code   RO         4480    x$fpl$fdiv          fz_ws.l(fdiv.o)
    0x080084d8   0x00000036   Code   RO         4483    x$fpl$ffix          fz_ws.l(ffix.o)
    0x0800850e   0x00000002   PAD
    0x08008510   0x0000003e   Code   RO         4487    x$fpl$ffixu         fz_ws.l(ffixu.o)
    0x0800854e   0x00000002   PAD
    0x08008550   0x00000030   Code   RO         4492    x$fpl$fflt          fz_ws.l(fflt_clz.o)
    0x08008580   0x00000026   Code   RO         4491    x$fpl$ffltu         fz_ws.l(fflt_clz.o)
    0x080085a6   0x00000002   PAD
    0x080085a8   0x00000102   Code   RO         4497    x$fpl$fmul          fz_ws.l(fmul.o)
    0x080086aa   0x0000008c   Code   RO         4553    x$fpl$fnaninf       fz_ws.l(fnaninf.o)
    0x08008736   0x0000000a   Code   RO         4555    x$fpl$fretinf       fz_ws.l(fretinf.o)
    0x08008740   0x00000014   Code   RO         4474    x$fpl$frsb          fz_ws.l(faddsub_clz.o)
    0x08008754   0x000000ea   Code   RO         4475    x$fpl$fsub          fz_ws.l(faddsub_clz.o)
    0x0800883e   0x00000064   Code   RO         4629    x$fpl$retnan        fz_ws.l(retnan.o)
    0x080088a2   0x0000005c   Code   RO         4499    x$fpl$scalbn        fz_ws.l(scalbn.o)
    0x080088fe   0x0000004c   Code   RO         4501    x$fpl$scalbnf       fz_ws.l(scalbnf.o)
    0x0800894a   0x00000030   Code   RO         4650    x$fpl$trapveneer    fz_ws.l(trapv.o)
    0x0800897a   0x00000000   Code   RO         4557    x$fpl$usenofp       fz_ws.l(usenofp.o)
    0x0800897a   0x0000000c   Data   RO          349    .constdata          inv_mpu.o
    0x08008986   0x0000001b   Data   RO          350    .constdata          inv_mpu.o
    0x080089a1   0x00000003   PAD
    0x080089a4   0x00000028   Data   RO          351    .constdata          inv_mpu.o
    0x080089cc   0x00000bf6   Data   RO          632    .constdata          inv_mpu_dmp_motion_driver.o
    0x080095c2   0x00000a64   Data   RO         1139    .constdata          oled.o
    0x0800a026   0x00000010   Data   RO         1747    .constdata          system_stm32f1xx.o
    0x0800a036   0x00000008   Data   RO         1748    .constdata          system_stm32f1xx.o
    0x0800a03e   0x00000002   PAD
    0x0800a040   0x00000088   Data   RO         4523    .constdata          m_ws.l(pow.o)
    0x0800a0c8   0x00000098   Data   RO         4560    .constdata          m_ws.l(atan.o)
    0x0800a160   0x00000008   Data   RO         4586    .constdata          m_ws.l(qnan.o)
    0x0800a168   0x0000004e   Data   RO          352    .conststring        inv_mpu.o
    0x0800a1b6   0x00000002   PAD
    0x0800a1b8   0x00000020   Data   RO         4776    Region$$Table       anon$$obj.o


    Execution Region RW_IRAM1 (Base: 0x20000000, Size: 0x00000e08, Max: 0x00005000, ABSOLUTE, COMPRESSED[0x00000044])

    Base Addr    Size         Type   Attr      Idx    E Section Name        Object

    0x20000000   0x00000044   Data   RW           18    .data               control.o
    0x20000044   0x00000040   Data   RW          286    .data               filter.o
    0x20000084   0x0000002c   Data   RW          353    .data               inv_mpu.o
    0x200000b0   0x00000035   Data   RW          799    .data               mpu6050.o
    0x200000e5   0x00000003   PAD
    0x200000e8   0x00000008   Data   RW          899    .data               show.o
    0x200000f0   0x0000000c   Data   RW         1068    .data               key.o
    0x200000fc   0x00000004   Data   RW         1103    .data               led.o
    0x20000100   0x00000010   Data   RW         1219    .data               usart3.o
    0x20000110   0x00000001   Data   RW         1251    .data               main.o
    0x20000111   0x00000001   Data   RW         1252    .data               main.o
    0x20000112   0x00000001   Data   RW         1253    .data               main.o
    0x20000113   0x00000001   Data   RW         1254    .data               main.o
    0x20000114   0x00000001   Data   RW         1255    .data               main.o
    0x20000115   0x00000003   PAD
    0x20000118   0x00000004   Data   RW         1256    .data               main.o
    0x2000011c   0x00000004   Data   RW         1257    .data               main.o
    0x20000120   0x00000004   Data   RW         1258    .data               main.o
    0x20000124   0x00000004   Data   RW         1259    .data               main.o
    0x20000128   0x00000004   Data   RW         1260    .data               main.o
    0x2000012c   0x00000004   Data   RW         1261    .data               main.o
    0x20000130   0x00000001   Data   RW         1262    .data               main.o
    0x20000131   0x00000001   Data   RW         1263    .data               main.o
    0x20000132   0x00000001   Data   RW         1264    .data               main.o
    0x20000133   0x00000001   Data   RW         1265    .data               main.o
    0x20000134   0x00000004   Data   RW         1266    .data               main.o
    0x20000138   0x00000004   Data   RW         1267    .data               main.o
    0x2000013c   0x00000004   Data   RW         1269    .data               main.o
    0x20000140   0x00000004   Data   RW         1270    .data               main.o
    0x20000144   0x00000004   Data   RW         1271    .data               main.o
    0x20000148   0x00000004   Data   RW         1272    .data               main.o
    0x2000014c   0x00000004   Data   RW         1273    .data               main.o
    0x20000150   0x00000001   Data   RW         1274    .data               main.o
    0x20000151   0x00000003   PAD
    0x20000154   0x00000004   Data   RW         1275    .data               main.o
    0x20000158   0x00000001   Data   RW         1276    .data               main.o
    0x20000159   0x00000001   Data   RW         1277    .data               main.o
    0x2000015a   0x00000004   Data   RW         1406    .data               tim.o
    0x2000015e   0x00000002   PAD
    0x20000160   0x00000004   Data   RW         1497    .data               usart.o
    0x20000164   0x00000004   Data   RW         1675    .data               delay.o
    0x20000168   0x00000004   Data   RW         1749    .data               system_stm32f1xx.o
    0x2000016c   0x0000000c   Data   RW         2120    .data               stm32f1xx_hal.o
    0x20000178   0x00000010   Zero   RW          285    .bss                filter.o
    0x20000188   0x00000010   Zero   RW          631    .bss                inv_mpu_dmp_motion_driver.o
    0x20000198   0x00000400   Zero   RW         1138    .bss                oled.o
    0x20000598   0x00000032   Zero   RW         1218    .bss                usart3.o
    0x200005ca   0x00000002   PAD
    0x200005cc   0x00000030   Zero   RW         1349    .bss                adc.o
    0x200005fc   0x00000120   Zero   RW         1405    .bss                tim.o
    0x2000071c   0x00000088   Zero   RW         1496    .bss                usart.o
    0x200007a4   0x00000060   Zero   RW         4632    .bss                c_w.l(libspace.o)
    0x20000804   0x00000004   PAD
    0x20000808   0x00000200   Zero   RW         1736    HEAP                startup_stm32f103xb.o
    0x20000a08   0x00000400   Zero   RW         1735    STACK               startup_stm32f103xb.o


==============================================================================

Image component sizes


      Code (inc. data)   RO Data    RW Data    ZI Data      Debug   Object Name

       260         38          0          0         48       2308   adc.o
      2394        358          0         68          0     460746   control.o
       136         18          0          4          0       1763   delay.o
        52          8          0          0          0        655   encoder.o
       348         18          0         64         16       1253   filter.o
       260         16          0          0          0       1039   gpio.o
      4352        276        157         44          0      25303   inv_mpu.o
      2026        114       3062          0         16      18202   inv_mpu_dmp_motion_driver.o
      1050         60          0          0          0      10062   ioi2c.o
       204         18          0         12          0       1918   key.o
        48          8          0          4          0        544   led.o
       216          4          0         68          0       5928   main.o
       886        338          0         53          0      32731   mpu6050.o
       830         38       2660          0       1024       7204   oled.o
       772        136          0          8          0       1111   show.o
        64         26        236          0       1536        800   startup_stm32f103xb.o
       128         24          0         12          0       5497   stm32f1xx_hal.o
      1260         54          0          0          0       6764   stm32f1xx_hal_adc.o
       216          6          0          0          0       1490   stm32f1xx_hal_adc_ex.o
       232         14          0          0          0      29817   stm32f1xx_hal_cortex.o
       222          4          0          0          0       1859   stm32f1xx_hal_dma.o
       514         40          0          0          0       3607   stm32f1xx_hal_gpio.o
        68         10          0          0          0        930   stm32f1xx_hal_msp.o
      1272        100          0          0          0       5372   stm32f1xx_hal_rcc.o
       436         46          0          0          0       2621   stm32f1xx_hal_rcc_ex.o
      2842         82          0          0          0      23660   stm32f1xx_hal_tim.o
       192         12          0          0          0       3301   stm32f1xx_hal_tim_ex.o
      1154         10          0          0          0       8816   stm32f1xx_hal_uart.o
       100         24          0          0          0       5571   stm32f1xx_it.o
        40         10          0          0          0        487   sys.o
         2          0         24          4          0       1203   system_stm32f1xx.o
      1256        108          0          4        288       7317   tim.o
       386         58          0          4        136       4771   usart.o
       528         76          0         16         50       1882   usart3.o

    ----------------------------------------------------------------------
     24804       2152       6178        376       3116     686532   Object Totals
         0          0         32          0          0          0   (incl. Generated)
        58          0          7         11          2          0   (incl. Padding)

    ----------------------------------------------------------------------

      Code (inc. data)   RO Data    RW Data    ZI Data      Debug   Library Member Name

        90          0          0          0          0          0   __dczerorl2.o
         8          0          0          0          0         68   __main.o
       104          0          0          0          0         84   __printf.o
         0          0          0          0          0          0   __rtentry.o
        12          0          0          0          0          0   __rtentry2.o
         6          0          0          0          0          0   __rtentry4.o
        52          8          0          0          0          0   __scatter.o
        28          0          0          0          0          0   __scatter_zi.o
        48          6          0          0          0         96   _printf_char_common.o
        36          4          0          0          0         80   _printf_char_file.o
         6          0          0          0          0          0   _printf_d.o
       120         16          0          0          0         92   _printf_dec.o
       178          0          0          0          0         88   _printf_intcommon.o
         0          0          0          0          0          0   _printf_percent.o
         4          0          0          0          0          0   _printf_percent_end.o
        22          0          0          0          0        100   _rserrno.o
        16          0          0          0          0         68   aeabi_memset.o
        18          0          0          0          0         80   exit.o
         8          0          0          0          0         68   ferror.o
         6          0          0          0          0        152   heapauxi.o
         2          0          0          0          0          0   libinit.o
         2          0          0          0          0          0   libinit2.o
         2          0          0          0          0          0   libshutdown.o
         2          0          0          0          0          0   libshutdown2.o
         8          4          0          0         96         68   libspace.o
        72          0          0          0          0         76   llsdiv.o
       238          0          0          0          0        100   lludivv7m.o
        88          0          0          0          0         76   memcmp.o
        24          4          0          0          0         84   noretval__2printf.o
         8          4          0          0          0         68   rt_errno_addr_intlibspace.o
        68          0          0          0          0         68   rt_memclr.o
        78          0          0          0          0         80   rt_memclr_w.o
         2          0          0          0          0          0   rtexit.o
        10          0          0          0          0          0   rtexit2.o
        74          0          0          0          0         80   sys_stackheap_outer.o
         2          0          0          0          0         68   use_no_semi.o
         2          0          0          0          0         68   use_no_semi_2.o
        98          4          0          0          0         92   d2f.o
       826         16          0          0          0        348   daddsub_clz.o
        16          4          0          0          0         68   dcheck1.o
        24          0          0          0          0         68   dcmpi.o
       688        140          0          0          0        208   ddiv.o
        94          4          0          0          0         92   dfix.o
        84          0          0          0          0        136   dflt_clz.o
       120          4          0          0          0         92   dleqf.o
       340         12          0          0          0        104   dmul.o
       156          4          0          0          0         92   dnaninf.o
        12          0          0          0          0         68   dretinf.o
       108          0          0          0          0         80   drleqf.o
       460         56          0          0          0        120   dsqrt_noumaal.o
        86          4          0          0          0         84   f2d.o
       450          8          0          0          0        236   faddsub_clz.o
        12          4          0          0          0         68   fcheck1.o
       388         76          0          0          0         96   fdiv.o
        54          4          0          0          0         84   ffix.o
        62          4          0          0          0         84   ffixu.o
        86          0          0          0          0        136   fflt_clz.o
       258          4          0          0          0         84   fmul.o
       140          4          0          0          0         84   fnaninf.o
        10          0          0          0          0         68   fretinf.o
       100          0          0          0          0         68   retnan.o
        92          0          0          0          0         68   scalbn.o
        76          0          0          0          0         68   scalbnf.o
        48          0          0          0          0         68   trapv.o
         0          0          0          0          0          0   usenofp.o
       544         70        152          0          0        124   atan.o
       384         38          0          0          0        144   atan2.o
        68         10          0          0          0        408   dunder.o
        40          0          0          0          0         68   fpclassify.o
       170          0          0          0          0         96   poly.o
      2520        190        136          0          0        324   pow.o
         0          0          8          0          0          0   qnan.o
        76          0          0          0          0         84   sqrt.o

    ----------------------------------------------------------------------
     10154        706        296          0        100       5924   Library Totals
        20          0          0          0          4          0   (incl. Padding)

    ----------------------------------------------------------------------

      Code (inc. data)   RO Data    RW Data    ZI Data      Debug   Library Name

      1444         46          0          0         96       1812   c_w.l
      4888        352          0          0          0       2864   fz_ws.l
      3802        308        296          0          0       1248   m_ws.l

    ----------------------------------------------------------------------
     10154        706        296          0        100       5924   Library Totals

    ----------------------------------------------------------------------

==============================================================================


      Code (inc. data)   RO Data    RW Data    ZI Data      Debug   

     34958       2858       6474        376       3216     678308   Grand Totals
     34958       2858       6474         68       3216     678308   ELF Image Totals (compressed)
     34958       2858       6474         68          0          0   ROM Totals

==============================================================================

    Total RO  Size (Code + RO Data)                41432 (  40.46kB)
    Total RW  Size (RW Data + ZI Data)              3592 (   3.51kB)
    Total ROM Size (Code + RO Data + RW Data)      41500 (  40.53kB)

==============================================================================

