Component: ARM Compiler 5.06 update 6 (build 750) Tool: armlink [4d35ed]

==============================================================================

Section Cross References

    control.o(i.Choose) refers to control.o(i.myabs) for myabs
    control.o(i.Choose) refers to main.o(.bss) for BalanceCar
    control.o(i.Choose) refers to control.o(.data) for .data
    control.o(i.Get_Angle) refers to ioi2c.o(i.I2C_ReadOneByte) for I2C_ReadOneByte
    control.o(i.Get_Angle) refers to fflt_clz.o(x$fpl$ffltu) for __aeabi_ui2f
    control.o(i.Get_Angle) refers to faddsub_clz.o(x$fpl$fsub) for __aeabi_fsub
    control.o(i.Get_Angle) refers to f2d.o(x$fpl$f2d) for __aeabi_f2d
    control.o(i.Get_Angle) refers to atan2.o(i.atan2) for atan2
    control.o(i.Get_Angle) refers to dmul.o(x$fpl$dmul) for __aeabi_dmul
    control.o(i.Get_Angle) refers to ddiv.o(x$fpl$ddiv) for __aeabi_ddiv
    control.o(i.Get_Angle) refers to d2f.o(x$fpl$d2f) for __aeabi_d2f
    control.o(i.Get_Angle) refers to filter.o(i.Kalman_Filter_x) for Kalman_Filter_x
    control.o(i.Get_Angle) refers to filter.o(i.Kalman_Filter_y) for Kalman_Filter_y
    control.o(i.Get_Angle) refers to main.o(.bss) for BalanceCar
    control.o(i.Get_Angle) refers to mpu6050.o(.data) for Pitch
    control.o(i.Get_Velocity_Form_Encoder) refers to dflt_clz.o(x$fpl$dflt) for __aeabi_i2d
    control.o(i.Get_Velocity_Form_Encoder) refers to dmul.o(x$fpl$dmul) for __aeabi_dmul
    control.o(i.Get_Velocity_Form_Encoder) refers to scalbn.o(x$fpl$scalbn) for __ARM_scalbn
    control.o(i.Get_Velocity_Form_Encoder) refers to ddiv.o(x$fpl$ddiv) for __aeabi_ddiv
    control.o(i.Get_Velocity_Form_Encoder) refers to d2f.o(x$fpl$d2f) for __aeabi_d2f
    control.o(i.Get_Velocity_Form_Encoder) refers to f2d.o(x$fpl$f2d) for __aeabi_f2d
    control.o(i.Get_Velocity_Form_Encoder) refers to show.o(.data) for Velocity_Left
    control.o(i.HAL_GPIO_EXTI_Callback) refers to control.o(i.Get_Angle) for Get_Angle
    control.o(i.HAL_GPIO_EXTI_Callback) refers to encoder.o(i.Read_Encoder) for Read_Encoder
    control.o(i.HAL_GPIO_EXTI_Callback) refers to control.o(i.Get_Velocity_Form_Encoder) for Get_Velocity_Form_Encoder
    control.o(i.HAL_GPIO_EXTI_Callback) refers to tim.o(i.Read_Distane) for Read_Distane
    control.o(i.HAL_GPIO_EXTI_Callback) refers to adc.o(i.Get_battery_volt) for Get_battery_volt
    control.o(i.HAL_GPIO_EXTI_Callback) refers to led.o(i.Led_Flash) for Led_Flash
    control.o(i.HAL_GPIO_EXTI_Callback) refers to control.o(i.Key) for Key
    control.o(i.HAL_GPIO_EXTI_Callback) refers to pid.o(i.Balance) for Balance
    control.o(i.HAL_GPIO_EXTI_Callback) refers to pid.o(i.Velocity) for Velocity
    control.o(i.HAL_GPIO_EXTI_Callback) refers to pid.o(i.Turn) for Turn
    control.o(i.HAL_GPIO_EXTI_Callback) refers to control.o(i.PWM_Limit) for PWM_Limit
    control.o(i.HAL_GPIO_EXTI_Callback) refers to control.o(i.Pick_Up) for Pick_Up
    control.o(i.HAL_GPIO_EXTI_Callback) refers to control.o(i.Put_Down) for Put_Down
    control.o(i.HAL_GPIO_EXTI_Callback) refers to control.o(i.Choose) for Choose
    control.o(i.HAL_GPIO_EXTI_Callback) refers to control.o(i.Turn_Off) for Turn_Off
    control.o(i.HAL_GPIO_EXTI_Callback) refers to control.o(i.Set_Pwm) for Set_Pwm
    control.o(i.HAL_GPIO_EXTI_Callback) refers to control.o(.data) for .data
    control.o(i.HAL_GPIO_EXTI_Callback) refers to main.o(.bss) for BalanceCar
    control.o(i.Key) refers to key.o(i.click_N_Double) for click_N_Double
    control.o(i.Key) refers to key.o(i.Long_Press) for Long_Press
    control.o(i.Key) refers to main.o(.bss) for BalanceCar
    control.o(i.Pick_Up) refers to control.o(i.myabs) for myabs
    control.o(i.Pick_Up) refers to control.o(.data) for .data
    control.o(i.Put_Down) refers to main.o(.bss) for BalanceCar
    control.o(i.Put_Down) refers to control.o(.data) for .data
    control.o(i.Set_Pwm) refers to control.o(i.myabs) for myabs
    control.o(i.Turn_Off) refers to main.o(.bss) for BalanceCar
    filter.o(i.Kalman_Filter_x) refers to faddsub_clz.o(x$fpl$fsub) for __aeabi_fsub
    filter.o(i.Kalman_Filter_x) refers to fmul.o(x$fpl$fmul) for __aeabi_fmul
    filter.o(i.Kalman_Filter_x) refers to faddsub_clz.o(x$fpl$fadd) for __aeabi_fadd
    filter.o(i.Kalman_Filter_x) refers to fflt_clz.o(x$fpl$ffltu) for __aeabi_ui2f
    filter.o(i.Kalman_Filter_x) refers to fdiv.o(x$fpl$fdiv) for __aeabi_fdiv
    filter.o(i.Kalman_Filter_x) refers to faddsub_clz.o(x$fpl$frsb) for __aeabi_frsub
    filter.o(i.Kalman_Filter_x) refers to filter.o(.bss) for .bss
    filter.o(i.Kalman_Filter_y) refers to faddsub_clz.o(x$fpl$fsub) for __aeabi_fsub
    filter.o(i.Kalman_Filter_y) refers to fmul.o(x$fpl$fmul) for __aeabi_fmul
    filter.o(i.Kalman_Filter_y) refers to faddsub_clz.o(x$fpl$fadd) for __aeabi_fadd
    filter.o(i.Kalman_Filter_y) refers to fflt_clz.o(x$fpl$ffltu) for __aeabi_ui2f
[...]
    __rt_lib_init_rand_1                     0x0800016d   Thumb Code     0  libinit2.o(.ARM.Collect$$libinit$$0000000E)
    __rt_lib_init_return                     0x0800016d   Thumb Code     0  libinit2.o(.ARM.Collect$$libinit$$00000033)
    __rt_lib_init_signal_1                   0x0800016d   Thumb Code     0  libinit2.o(.ARM.Collect$$libinit$$0000001D)
    __rt_lib_init_stdio_1                    0x0800016d   Thumb Code     0  libinit2.o(.ARM.Collect$$libinit$$00000025)
    __rt_lib_init_user_alloc_1               0x0800016d   Thumb Code     0  libinit2.o(.ARM.Collect$$libinit$$0000000C)
    __rt_lib_shutdown                        0x0800016f   Thumb Code     0  libshutdown.o(.ARM.Collect$$libshutdown$$00000000)
    __rt_lib_shutdown_cpp_1                  0x08000171   Thumb Code     0  libshutdown2.o(.ARM.Collect$$libshutdown$$00000002)
    __rt_lib_shutdown_fp_trap_1              0x08000171   Thumb Code     0  libshutdown2.o(.ARM.Collect$$libshutdown$$00000007)
    __rt_lib_shutdown_heap_1                 0x08000171   Thumb Code     0  libshutdown2.o(.ARM.Collect$$libshutdown$$0000000F)
    __rt_lib_shutdown_return                 0x08000171   Thumb Code     0  libshutdown2.o(.ARM.Collect$$libshutdown$$00000010)
    __rt_lib_shutdown_signal_1               0x08000171   Thumb Code     0  libshutdown2.o(.ARM.Collect$$libshutdown$$0000000A)
    __rt_lib_shutdown_stdio_1                0x08000171   Thumb Code     0  libshutdown2.o(.ARM.Collect$$libshutdown$$00000004)
    __rt_lib_shutdown_user_alloc_1           0x08000171   Thumb Code     0  libshutdown2.o(.ARM.Collect$$libshutdown$$0000000C)
    __rt_entry                               0x08000173   Thumb Code     0  __rtentry.o(.ARM.Collect$$rtentry$$00000000)
    __rt_entry_presh_1                       0x08000173   Thumb Code     0  __rtentry2.o(.ARM.Collect$$rtentry$$00000002)
    __rt_entry_sh                            0x08000173   Thumb Code     0  __rtentry4.o(.ARM.Collect$$rtentry$$00000004)
    __rt_entry_li                            0x08000179   Thumb Code     0  __rtentry2.o(.ARM.Collect$$rtentry$$0000000A)
    __rt_entry_postsh_1                      0x08000179   Thumb Code     0  __rtentry2.o(.ARM.Collect$$rtentry$$00000009)
    __rt_entry_main                          0x0800017d   Thumb Code     0  __rtentry2.o(.ARM.Collect$$rtentry$$0000000D)
    __rt_entry_postli_1                      0x0800017d   Thumb Code     0  __rtentry2.o(.ARM.Collect$$rtentry$$0000000C)
    __rt_exit                                0x08000185   Thumb Code     0  rtexit.o(.ARM.Collect$$rtexit$$00000000)
    __rt_exit_ls                             0x08000187   Thumb Code     0  rtexit2.o(.ARM.Collect$$rtexit$$00000003)
    __rt_exit_prels_1                        0x08000187   Thumb Code     0  rtexit2.o(.ARM.Collect$$rtexit$$00000002)
    __rt_exit_exit                           0x0800018b   Thumb Code     0  rtexit2.o(.ARM.Collect$$rtexit$$00000004)
    Reset_Handler                            0x08000191   Thumb Code     8  startup_stm32f103xb.o(.text)
    ADC1_2_IRQHandler                        0x080001ab   Thumb Code     0  startup_stm32f103xb.o(.text)
    CAN1_RX1_IRQHandler                      0x080001ab   Thumb Code     0  startup_stm32f103xb.o(.text)
    CAN1_SCE_IRQHandler                      0x080001ab   Thumb Code     0  startup_stm32f103xb.o(.text)
    DMA1_Channel1_IRQHandler                 0x080001ab   Thumb Code     0  startup_stm32f103xb.o(.text)
    DMA1_Channel2_IRQHandler                 0x080001ab   Thumb Code     0  startup_stm32f103xb.o(.text)
    DMA1_Channel3_IRQHandler                 0x080001ab   Thumb Code     0  startup_stm32f103xb.o(.text)
    DMA1_Channel4_IRQHandler                 0x080001ab   Thumb Code     0  startup_stm32f103xb.o(.text)
    DMA1_Channel5_IRQHandler                 0x080001ab   Thumb Code     0  startup_stm32f103xb.o(.text)
    DMA1_Channel6_IRQHandler                 0x080001ab   Thumb Code     0  startup_stm32f103xb.o(.text)
    DMA1_Channel7_IRQHandler                 0x080001ab   Thumb Code     0  startup_stm32f103xb.o(.text)
    EXTI0_IRQHandler                         0x080001ab   Thumb Code     0  startup_stm32f103xb.o(.text)
    EXTI1_IRQHandler                         0x080001ab   Thumb Code     0  startup_stm32f103xb.o(.text)
    EXTI2_IRQHandler                         0x080001ab   Thumb Code     0  startup_stm32f103xb.o(.text)
    EXTI3_IRQHandler                         0x080001ab   Thumb Code     0  startup_stm32f103xb.o(.text)
    EXTI4_IRQHandler                         0x080001ab   Thumb Code     0  startup_stm32f103xb.o(.text)
    EXTI9_5_IRQHandler                       0x080001ab   Thumb Code     0  startup_stm32f103xb.o(.text)
    FLASH_IRQHandler                         0x080001ab   Thumb Code     0  startup_stm32f103xb.o(.text)
    I2C1_ER_IRQHandler                       0x080001ab   Thumb Code     0  startup_stm32f103xb.o(.text)
    I2C1_EV_IRQHandler                       0x080001ab   Thumb Code     0  startup_stm32f103xb.o(.text)
    I2C2_ER_IRQHandler                       0x080001ab   Thumb Code     0  startup_stm32f103xb.o(.text)
    I2C2_EV_IRQHandler                       0x080001ab   Thumb Code     0  startup_stm32f103xb.o(.text)
    PVD_IRQHandler                           0x080001ab   Thumb Code     0  startup_stm32f103xb.o(.text)
    RCC_IRQHandler                           0x080001ab   Thumb Code     0  startup_stm32f103xb.o(.text)
    RTC_Alarm_IRQHandler                     0x080001ab   Thumb Code     0  startup_stm32f103xb.o(.text)
    RTC_IRQHandler                           0x080001ab   Thumb Code     0  startup_stm32f103xb.o(.text)
    SPI1_IRQHandler                          0x080001ab   Thumb Code     0  startup_stm32f103xb.o(.text)
    SPI2_IRQHandler                          0x080001ab   Thumb Code     0  startup_stm32f103xb.o(.text)
    TAMPER_IRQHandler                        0x080001ab   Thumb Code     0  startup_stm32f103xb.o(.text)
    TIM1_BRK_IRQHandler                      0x080001ab   Thumb Code     0  startup_stm32f103xb.o(.text)
    TIM1_CC_IRQHandler                       0x080001ab   Thumb Code     0  startup_stm32f103xb.o(.text)
    TIM1_TRG_COM_IRQHandler                  0x080001ab   Thumb Code     0  startup_stm32f103xb.o(.text)
    TIM1_UP_IRQHandler                       0x080001ab   Thumb Code     0  startup_stm32f103xb.o(.text)
    TIM2_IRQHandler                          0x080001ab   Thumb Code     0  startup_stm32f103xb.o(.text)
    TIM4_IRQHandler                          0x080001ab   Thumb Code     0  startup_stm32f103xb.o(.text)
    USART1_IRQHandler                        0x080001ab   Thumb Code     0  startup_stm32f103xb.o(.text)
    USART2_IRQHandler                        0x080001ab   Thumb Code     0  startup_stm32f103xb.o(.text)
    USBWakeUp_IRQHandler                     0x080001ab   Thumb Code     0  startup_stm32f103xb.o(.text)
    USB_HP_CAN1_TX_IRQHandler                0x080001ab   Thumb Code     0  startup_stm32f103xb.o(.text)
    USB_LP_CAN1_RX0_IRQHandler               0x080001ab   Thumb Code     0  startup_stm32f103xb.o(.text)
    WWDG_IRQHandler                          0x080001ab   Thumb Code     0  startup_stm32f103xb.o(.text)
    __user_initial_stackheap                 0x080001ad   Thumb Code     0  startup_stm32f103xb.o(.text)
    __use_no_semihosting                     0x080001d1   Thumb Code     2  use_no_semi_2.o(.text)
    __aeabi_ldivmod                          0x080001d3   Thumb Code     0  llsdiv.o(.text)
    _ll_sdiv                                 0x080001d3   Thumb Code    72  llsdiv.o(.text)
    __2printf                                0x0800021d   Thumb Code    20  noretval__2printf.o(.text)
    __printf                                 0x08000235   Thumb Code   104  __printf.o(.text)
    _printf_int_dec                          0x0800029d   Thumb Code   104  _printf_dec.o(.text)
    memcmp                                   0x08000315   Thumb Code    88  memcmp.o(.text)
    __aeabi_memset                           0x0800036d   Thumb Code    16  aeabi_memset.o(.text)
    __aeabi_memclr4                          0x0800037d   Thumb Code     0  rt_memclr_w.o(.text)
    __aeabi_memclr8                          0x0800037d   Thumb Code     0  rt_memclr_w.o(.text)
    __rt_memclr_w                            0x0800037d   Thumb Code    78  rt_memclr_w.o(.text)
    _memset_w                                0x08000381   Thumb Code     0  rt_memclr_w.o(.text)
    __use_two_region_memory                  0x080003cb   Thumb Code     2  heapauxi.o(.text)
    __rt_heap_escrow$2region                 0x080003cd   Thumb Code     2  heapauxi.o(.text)
    __rt_heap_expand$2region                 0x080003cf   Thumb Code     2  heapauxi.o(.text)
    __I$use$semihosting                      0x080003d1   Thumb Code     0  use_no_semi.o(.text)
    __use_no_semihosting_swi                 0x080003d1   Thumb Code     2  use_no_semi.o(.text)
    __aeabi_uldivmod                         0x080003d3   Thumb Code     0  lludivv7m.o(.text)
    _ll_udiv                                 0x080003d3   Thumb Code   238  lludivv7m.o(.text)
    _printf_int_common                       0x080004c1   Thumb Code   178  _printf_intcommon.o(.text)
    _printf_char_file                        0x08000575   Thumb Code    32  _printf_char_file.o(.text)
    __aeabi_memclr                           0x08000599   Thumb Code     0  rt_memclr.o(.text)
    __rt_memclr                              0x08000599   Thumb Code    68  rt_memclr.o(.text)
    _memset                                  0x0800059d   Thumb Code     0  rt_memclr.o(.text)
    _printf_char_common                      0x080005e7   Thumb Code    32  _printf_char_common.o(.text)
    ferror                                   0x0800060d   Thumb Code     8  ferror.o(.text)
    __user_libspace                          0x08000615   Thumb Code     8  libspace.o(.text)
    __user_perproc_libspace                  0x08000615   Thumb Code     0  libspace.o(.text)
    __user_perthread_libspace                0x08000615   Thumb Code     0  libspace.o(.text)
    __user_setup_stackheap                   0x0800061d   Thumb Code    74  sys_stackheap_outer.o(.text)
    exit                                     0x08000667   Thumb Code    18  exit.o(.text)
    ADC_ConversionStop_Disable               0x08000679   Thumb Code    86  stm32f1xx_hal_adc.o(i.ADC_ConversionStop_Disable)
    ADC_Enable                               0x080006d1   Thumb Code   114  stm32f1xx_hal_adc.o(i.ADC_Enable)
    Balance                                  0x0800074d   Thumb Code    54  pid.o(i.Balance)
    BalanceCar_Init                          0x08000791   Thumb Code    24  main.o(i.BalanceCar_Init)
    BusFault_Handler                         0x080007ad   Thumb Code     2  stm32f1xx_it.o(i.BusFault_Handler)
    Choose                                   0x080007b1   Thumb Code    92  control.o(i.Choose)
    DMP_Init                                 0x08000815   Thumb Code   222  mpu6050.o(i.DMP_Init)
    DebugMon_Handler                         0x08000a45   Thumb Code     2  stm32f1xx_it.o(i.DebugMon_Handler)
    EXTI15_10_IRQHandler                     0x08000a49   Thumb Code    14  stm32f1xx_it.o(i.EXTI15_10_IRQHandler)
    Error_Handler                            0x08000a5d   Thumb Code     4  main.o(i.Error_Handler)
    Get_Angle                                0x08000a61   Thumb Code   452  control.o(i.Get_Angle)
    Get_Velocity_Form_Encoder                0x08000c41   Thumb Code   166  control.o(i.Get_Velocity_Form_Encoder)
    Get_battery_volt                         0x08000d09   Thumb Code    70  adc.o(i.Get_battery_volt)
    HAL_ADCEx_Calibration_Start              0x08000d61   Thumb Code   210  stm32f1xx_hal_adc_ex.o(i.HAL_ADCEx_Calibration_Start)
    HAL_ADC_ConfigChannel                    0x08000e39   Thumb Code   240  stm32f1xx_hal_adc.o(i.HAL_ADC_ConfigChannel)
    HAL_ADC_GetValue                         0x08000f35   Thumb Code     6  stm32f1xx_hal_adc.o(i.HAL_ADC_GetValue)
    HAL_ADC_Init                             0x08000f3d   Thumb Code   272  stm32f1xx_hal_adc.o(i.HAL_ADC_Init)
    HAL_ADC_MspInit                          0x08001059   Thumb Code    76  adc.o(i.HAL_ADC_MspInit)
    HAL_ADC_PollForConversion                0x080010b1   Thumb Code   304  stm32f1xx_hal_adc.o(i.HAL_ADC_PollForConversion)
    HAL_ADC_Start                            0x080011ed   Thumb Code   184  stm32f1xx_hal_adc.o(i.HAL_ADC_Start)
    HAL_DMA_Abort                            0x080012ad   Thumb Code    70  stm32f1xx_hal_dma.o(i.HAL_DMA_Abort)
    HAL_DMA_Abort_IT                         0x080012f5   Thumb Code   148  stm32f1xx_hal_dma.o(i.HAL_DMA_Abort_IT)
    HAL_GPIO_EXTI_Callback                   0x0800138d   Thumb Code   278  control.o(i.HAL_GPIO_EXTI_Callback)
    HAL_GPIO_EXTI_IRQHandler                 0x080014b1   Thumb Code    18  stm32f1xx_hal_gpio.o(i.HAL_GPIO_EXTI_IRQHandler)
    HAL_GPIO_Init                            0x080014c9   Thumb Code   446  stm32f1xx_hal_gpio.o(i.HAL_GPIO_Init)
    HAL_GPIO_WritePin                        0x080016a9   Thumb Code    10  stm32f1xx_hal_gpio.o(i.HAL_GPIO_WritePin)
    HAL_GetTick                              0x080016b5   Thumb Code     6  stm32f1xx_hal.o(i.HAL_GetTick)
    HAL_IncTick                              0x080016c1   Thumb Code    12  stm32f1xx_hal.o(i.HAL_IncTick)
    HAL_Init                                 0x080016d1   Thumb Code    32  stm32f1xx_hal.o(i.HAL_Init)
    HAL_InitTick                             0x080016f5   Thumb Code    54  stm32f1xx_hal.o(i.HAL_InitTick)
    HAL_MspInit                              0x08001735   Thumb Code    58  stm32f1xx_hal_msp.o(i.HAL_MspInit)
    HAL_NVIC_DisableIRQ                      0x08001779   Thumb Code    34  stm32f1xx_hal_cortex.o(i.HAL_NVIC_DisableIRQ)
    HAL_NVIC_EnableIRQ                       0x0800179b   Thumb Code    26  stm32f1xx_hal_cortex.o(i.HAL_NVIC_EnableIRQ)
    HAL_NVIC_SetPriority                     0x080017b5   Thumb Code    60  stm32f1xx_hal_cortex.o(i.HAL_NVIC_SetPriority)
    HAL_NVIC_SetPriorityGrouping             0x080017f5   Thumb Code    26  stm32f1xx_hal_cortex.o(i.HAL_NVIC_SetPriorityGrouping)
    HAL_RCCEx_GetPeriphCLKFreq               0x08001819   Thumb Code   166  stm32f1xx_hal_rcc_ex.o(i.HAL_RCCEx_GetPeriphCLKFreq)
    HAL_RCCEx_PeriphCLKConfig                0x080018e1   Thumb Code   224  stm32f1xx_hal_rcc_ex.o(i.HAL_RCCEx_PeriphCLKConfig)
    HAL_RCC_ClockConfig                      0x080019cd   Thumb Code   280  stm32f1xx_hal_rcc.o(i.HAL_RCC_ClockConfig)
    HAL_RCC_GetPCLK1Freq                     0x08001af9   Thumb Code    20  stm32f1xx_hal_rcc.o(i.HAL_RCC_GetPCLK1Freq)
    HAL_RCC_GetPCLK2Freq                     0x08001b19   Thumb Code    20  stm32f1xx_hal_rcc.o(i.HAL_RCC_GetPCLK2Freq)
    HAL_RCC_GetSysClockFreq                  0x08001b39   Thumb Code    74  stm32f1xx_hal_rcc.o(i.HAL_RCC_GetSysClockFreq)
    HAL_RCC_OscConfig                        0x08001ba5   Thumb Code   778  stm32f1xx_hal_rcc.o(i.HAL_RCC_OscConfig)
    HAL_SYSTICK_Config                       0x08001ec5   Thumb Code    40  stm32f1xx_hal_cortex.o(i.HAL_SYSTICK_Config)
    HAL_TIMEx_BreakCallback                  0x08001eed   Thumb Code     2  stm32f1xx_hal_tim_ex.o(i.HAL_TIMEx_BreakCallback)
    HAL_TIMEx_CommutCallback                 0x08001eef   Thumb Code     2  stm32f1xx_hal_tim_ex.o(i.HAL_TIMEx_CommutCallback)
    HAL_TIMEx_ConfigBreakDeadTime            0x08001ef1   Thumb Code    84  stm32f1xx_hal_tim_ex.o(i.HAL_TIMEx_ConfigBreakDeadTime)
    HAL_TIMEx_MasterConfigSynchronization    0x08001f45   Thumb Code    92  stm32f1xx_hal_tim_ex.o(i.HAL_TIMEx_MasterConfigSynchronization)
    HAL_TIM_Base_Init                        0x08001fad   Thumb Code    90  stm32f1xx_hal_tim.o(i.HAL_TIM_Base_Init)
    HAL_TIM_Base_MspInit                     0x08002009   Thumb Code   112  tim.o(i.HAL_TIM_Base_MspInit)
    HAL_TIM_Base_Start_IT                    0x08002089   Thumb Code    76  stm32f1xx_hal_tim.o(i.HAL_TIM_Base_Start_IT)
    HAL_TIM_ConfigClockSource                0x080020e1   Thumb Code   214  stm32f1xx_hal_tim.o(i.HAL_TIM_ConfigClockSource)
    HAL_TIM_Encoder_Init                     0x080021b7   Thumb Code   164  stm32f1xx_hal_tim.o(i.HAL_TIM_Encoder_Init)
    HAL_TIM_Encoder_MspInit                  0x0800225d   Thumb Code   122  tim.o(i.HAL_TIM_Encoder_MspInit)
    HAL_TIM_Encoder_Start                    0x080022e9   Thumb Code   142  stm32f1xx_hal_tim.o(i.HAL_TIM_Encoder_Start)
    HAL_TIM_IC_CaptureCallback               0x08002379   Thumb Code   154  tim.o(i.HAL_TIM_IC_CaptureCallback)
    HAL_TIM_IC_ConfigChannel                 0x0800241d   Thumb Code   270  stm32f1xx_hal_tim.o(i.HAL_TIM_IC_ConfigChannel)
    HAL_TIM_IC_Init                          0x0800252b   Thumb Code    90  stm32f1xx_hal_tim.o(i.HAL_TIM_IC_Init)
    HAL_TIM_IC_MspInit                       0x08002585   Thumb Code     2  stm32f1xx_hal_tim.o(i.HAL_TIM_IC_MspInit)
    HAL_TIM_IC_Start_IT                      0x08002589   Thumb Code   212  stm32f1xx_hal_tim.o(i.HAL_TIM_IC_Start_IT)
    HAL_TIM_IRQHandler                       0x08002669   Thumb Code   358  stm32f1xx_hal_tim.o(i.HAL_TIM_IRQHandler)
    HAL_TIM_MspPostInit                      0x080027d1   Thumb Code    64  tim.o(i.HAL_TIM_MspPostInit)
    HAL_TIM_OC_DelayElapsedCallback          0x0800281d   Thumb Code     2  stm32f1xx_hal_tim.o(i.HAL_TIM_OC_DelayElapsedCallback)
    HAL_TIM_PWM_ConfigChannel                0x0800281f   Thumb Code   198  stm32f1xx_hal_tim.o(i.HAL_TIM_PWM_ConfigChannel)
    HAL_TIM_PWM_Init                         0x080028e5   Thumb Code    90  stm32f1xx_hal_tim.o(i.HAL_TIM_PWM_Init)
    HAL_TIM_PWM_MspInit                      0x0800293f   Thumb Code     2  stm32f1xx_hal_tim.o(i.HAL_TIM_PWM_MspInit)
    HAL_TIM_PWM_PulseFinishedCallback        0x08002941   Thumb Code     2  stm32f1xx_hal_tim.o(i.HAL_TIM_PWM_PulseFinishedCallback)
    HAL_TIM_PWM_Start                        0x08002945   Thumb Code   144  stm32f1xx_hal_tim.o(i.HAL_TIM_PWM_Start)
    HAL_TIM_PeriodElapsedCallback            0x080029e1   Thumb Code    44  tim.o(i.HAL_TIM_PeriodElapsedCallback)
    HAL_TIM_ReadCapturedValue                0x08002a15   Thumb Code    42  stm32f1xx_hal_tim.o(i.HAL_TIM_ReadCapturedValue)
    HAL_TIM_TriggerCallback                  0x08002a3f   Thumb Code     2  stm32f1xx_hal_tim.o(i.HAL_TIM_TriggerCallback)
    HAL_UARTEx_RxEventCallback               0x08002a41   Thumb Code     2  stm32f1xx_hal_uart.o(i.HAL_UARTEx_RxEventCallback)
    HAL_UART_ErrorCallback                   0x08002a43   Thumb Code     2  stm32f1xx_hal_uart.o(i.HAL_UART_ErrorCallback)
    HAL_UART_IRQHandler                      0x08002a45   Thumb Code   520  stm32f1xx_hal_uart.o(i.HAL_UART_IRQHandler)
    HAL_UART_Init                            0x08002c51   Thumb Code    98  stm32f1xx_hal_uart.o(i.HAL_UART_Init)
    HAL_UART_MspInit                         0x08002cb5   Thumb Code   186  usart.o(i.HAL_UART_MspInit)
    HAL_UART_Receive_IT                      0x08002d85   Thumb Code    42  stm32f1xx_hal_uart.o(i.HAL_UART_Receive_IT)
    HAL_UART_RxCpltCallback                  0x08002db1   Thumb Code   202  usart3.o(i.HAL_UART_RxCpltCallback)
    HAL_UART_TxCpltCallback                  0x08002e8d   Thumb Code     2  stm32f1xx_hal_uart.o(i.HAL_UART_TxCpltCallback)
    HardFault_Handler                        0x08002e8f   Thumb Code     2  stm32f1xx_it.o(i.HardFault_Handler)
    I2C_ReadOneByte                          0x08002e91   Thumb Code    62  ioi2c.o(i.I2C_ReadOneByte)
    IIC_Ack                                  0x08002ed1   Thumb Code    54  ioi2c.o(i.IIC_Ack)
    IIC_NAck                                 0x08002f11   Thumb Code    56  ioi2c.o(i.IIC_NAck)
    IIC_Read_Byte                            0x08002f51   Thumb Code   100  ioi2c.o(i.IIC_Read_Byte)
    IIC_Send_Byte                            0x08002fbd   Thumb Code    86  ioi2c.o(i.IIC_Send_Byte)
    IIC_Start                                0x0800301d   Thumb Code    72  ioi2c.o(i.IIC_Start)
    IIC_Stop                                 0x0800306d   Thumb Code    56  ioi2c.o(i.IIC_Stop)
    IIC_Wait_Ack                             0x080030ad   Thumb Code    80  ioi2c.o(i.IIC_Wait_Ack)
    IICreadByte                              0x08003105   Thumb Code    14  ioi2c.o(i.IICreadByte)
    IICwriteBit                              0x08003113   Thumb Code    50  ioi2c.o(i.IICwriteBit)
    IICwriteBits                             0x08003145   Thumb Code    84  ioi2c.o(i.IICwriteBits)
    IICwriteByte                             0x08003199   Thumb Code    12  ioi2c.o(i.IICwriteByte)
    IICwriteBytes                            0x080031a5   Thumb Code    68  ioi2c.o(i.IICwriteBytes)
    JTAG_Set                                 0x080031e9   Thumb Code    30  sys.o(i.JTAG_Set)
    Kalman_Filter_x                          0x08003211   Thumb Code   338  filter.o(i.Kalman_Filter_x)
    Kalman_Filter_y                          0x08003369   Thumb Code   340  filter.o(i.Kalman_Filter_y)
    Key                                      0x080034c1   Thumb Code    48  control.o(i.Key)
    Led_Flash                                0x080034f5   Thumb Code    40  led.o(i.Led_Flash)
    Long_Press                               0x08003525   Thumb Code    52  key.o(i.Long_Press)
    MPU6050_initialize                       0x08003561   Thumb Code    42  mpu6050.o(i.MPU6050_initialize)
    MPU6050_setClockSource                   0x0800358b   Thumb Code    18  mpu6050.o(i.MPU6050_setClockSource)
    MPU6050_setFullScaleAccelRange           0x0800359d   Thumb Code    18  mpu6050.o(i.MPU6050_setFullScaleAccelRange)
    MPU6050_setFullScaleGyroRange            0x080035af   Thumb Code    18  mpu6050.o(i.MPU6050_setFullScaleGyroRange)
    MPU6050_setI2CBypassEnabled              0x080035c1   Thumb Code    12  mpu6050.o(i.MPU6050_setI2CBypassEnabled)
    MPU6050_setI2CMasterModeEnabled          0x080035cd   Thumb Code    12  mpu6050.o(i.MPU6050_setI2CMasterModeEnabled)
    MPU6050_setSleepEnabled                  0x080035d9   Thumb Code    12  mpu6050.o(i.MPU6050_setSleepEnabled)
    MX_ADC1_Init                             0x080035e5   Thumb Code    76  adc.o(i.MX_ADC1_Init)
    MX_GPIO_Init                             0x08003639   Thumb Code   244  gpio.o(i.MX_GPIO_Init)
    MX_TIM1_Init                             0x0800373d   Thumb Code   224  tim.o(i.MX_TIM1_Init)
    MX_TIM2_Init                             0x08003825   Thumb Code   108  tim.o(i.MX_TIM2_Init)
    MX_TIM3_Init                             0x08003895   Thumb Code   154  tim.o(i.MX_TIM3_Init)
    MX_TIM4_Init                             0x08003939   Thumb Code   106  tim.o(i.MX_TIM4_Init)
    MX_USART1_UART_Init                      0x080039ad   Thumb Code    48  usart.o(i.MX_USART1_UART_Init)
    MX_USART3_UART_Init                      0x080039e5   Thumb Code    54  usart.o(i.MX_USART3_UART_Init)
    MemManage_Handler                        0x08003a29   Thumb Code     2  stm32f1xx_it.o(i.MemManage_Handler)
    NMI_Handler                              0x08003a2b   Thumb Code     2  stm32f1xx_it.o(i.NMI_Handler)
    OLED_Clear                               0x08003a2d   Thumb Code    40  oled.o(i.OLED_Clear)
    OLED_DrawPoint                           0x08003a59   Thumb Code    54  oled.o(i.OLED_DrawPoint)
    OLED_Init                                0x08003a95   Thumb Code   232  oled.o(i.OLED_Init)
    OLED_Refresh_Gram                        0x08003b81   Thumb Code    70  oled.o(i.OLED_Refresh_Gram)
    OLED_ShowChar                            0x08003bcd   Thumb Code   134  oled.o(i.OLED_ShowChar)
    OLED_ShowNumber                          0x08003c5d   Thumb Code   120  oled.o(i.OLED_ShowNumber)
    OLED_ShowString                          0x08003cd5   Thumb Code    62  oled.o(i.OLED_ShowString)
    OLED_WR_Byte                             0x08003d15   Thumb Code    64  oled.o(i.OLED_WR_Byte)
    PID_Init                                 0x08003d5d   Thumb Code    28  pid.o(i.PID_Init)
    PWM_Limit                                0x08003d91   Thumb Code    14  control.o(i.PWM_Limit)
    PendSV_Handler                           0x08003d9f   Thumb Code     2  stm32f1xx_it.o(i.PendSV_Handler)
    Pick_Up                                  0x08003da1   Thumb Code   142  control.o(i.Pick_Up)
    Put_Down                                 0x08003e41   Thumb Code    84  control.o(i.Put_Down)
    Read_Distane                             0x08003ea5   Thumb Code    60  tim.o(i.Read_Distane)
    Read_Encoder                             0x08003eed   Thumb Code    44  encoder.o(i.Read_Encoder)
    SVC_Handler                              0x08003f21   Thumb Code     2  stm32f1xx_it.o(i.SVC_Handler)
    Set_Pwm                                  0x08003f25   Thumb Code    74  control.o(i.Set_Pwm)
    SysTick_Handler                          0x08003f79   Thumb Code     4  stm32f1xx_it.o(i.SysTick_Handler)
    SystemClock_Config                       0x08003f7d   Thumb Code   120  main.o(i.SystemClock_Config)
    SystemInit                               0x08003ff5   Thumb Code     2  system_stm32f1xx.o(i.SystemInit)
    TIM3_IRQHandler                          0x08003ff9   Thumb Code     6  stm32f1xx_it.o(i.TIM3_IRQHandler)
    TIM_Base_SetConfig                       0x08004005   Thumb Code    94  stm32f1xx_hal_tim.o(i.TIM_Base_SetConfig)
    TIM_CCxChannelCmd                        0x08004071   Thumb Code    26  stm32f1xx_hal_tim.o(i.TIM_CCxChannelCmd)
    TIM_ETR_SetConfig                        0x0800408b   Thumb Code    20  stm32f1xx_hal_tim.o(i.TIM_ETR_SetConfig)
    TIM_OC2_SetConfig                        0x08004101   Thumb Code    84  stm32f1xx_hal_tim.o(i.TIM_OC2_SetConfig)
    TIM_TI1_SetConfig                        0x08004219   Thumb Code    76  stm32f1xx_hal_tim.o(i.TIM_TI1_SetConfig)
    Turn                                     0x080042cd   Thumb Code   156  pid.o(i.Turn)
    Turn_Off                                 0x08004379   Thumb Code    56  control.o(i.Turn_Off)
    UART_Start_Receive_IT                    0x08004571   Thumb Code    54  stm32f1xx_hal_uart.o(i.UART_Start_Receive_IT)
    USART3_IRQHandler                        0x080045a9   Thumb Code     6  stm32f1xx_it.o(i.USART3_IRQHandler)
    UsageFault_Handler                       0x080045b5   Thumb Code     2  stm32f1xx_it.o(i.UsageFault_Handler)
    Velocity                                 0x080045b9   Thumb Code   422  pid.o(i.Velocity)
    __ARM_fpclassify                         0x08004795   Thumb Code    40  fpclassify.o(i.__ARM_fpclassify)
    __kernel_poly                            0x080047dd   Thumb Code   170  poly.o(i.__kernel_poly)
    __mathlib_dbl_infnan                     0x08004887   Thumb Code     6  dunder.o(i.__mathlib_dbl_infnan)
    __mathlib_dbl_infnan2                    0x0800488d   Thumb Code     4  dunder.o(i.__mathlib_dbl_infnan2)
    __mathlib_dbl_underflow                  0x08004891   Thumb Code    10  dunder.o(i.__mathlib_dbl_underflow)
    _sys_exit                                0x080048a1   Thumb Code     2  usart.o(i._sys_exit)
    atan                                     0x08004925   Thumb Code   474  atan.o(i.atan)
    atan2                                    0x08004b45   Thumb Code   346  atan2.o(i.atan2)
    click_N_Double                           0x08004cc5   Thumb Code   132  key.o(i.click_N_Double)
    delay_init                               0x08004d51   Thumb Code    26  delay.o(i.delay_init)
    delay_ms                                 0x08004d71   Thumb Code    46  delay.o(i.delay_ms)
    delay_us                                 0x08004da5   Thumb Code    46  delay.o(i.delay_us)
    dmp_enable_6x_lp_quat                    0x08004dd9   Thumb Code    58  inv_mpu_dmp_motion_driver.o(i.dmp_enable_6x_lp_quat)
    dmp_enable_feature                       0x08004e15   Thumb Code   464  inv_mpu_dmp_motion_driver.o(i.dmp_enable_feature)
    dmp_enable_gyro_cal                      0x08004fed   Thumb Code    34  inv_mpu_dmp_motion_driver.o(i.dmp_enable_gyro_cal)
    dmp_enable_lp_quat                       0x08005029   Thumb Code    58  inv_mpu_dmp_motion_driver.o(i.dmp_enable_lp_quat)
    dmp_load_motion_driver_firmware          0x08005065   Thumb Code    16  inv_mpu_dmp_motion_driver.o(i.dmp_load_motion_driver_firmware)
    dmp_set_accel_bias                       0x08005079   Thumb Code   210  inv_mpu_dmp_motion_driver.o(i.dmp_set_accel_bias)
    dmp_set_fifo_rate                        0x08005151   Thumb Code    82  inv_mpu_dmp_motion_driver.o(i.dmp_set_fifo_rate)
    dmp_set_gyro_bias                        0x080051b5   Thumb Code   196  inv_mpu_dmp_motion_driver.o(i.dmp_set_gyro_bias)
    dmp_set_orientation                      0x08005281   Thumb Code   246  inv_mpu_dmp_motion_driver.o(i.dmp_set_orientation)
    dmp_set_shake_reject_thresh              0x0800538d   Thumb Code    48  inv_mpu_dmp_motion_driver.o(i.dmp_set_shake_reject_thresh)
    dmp_set_shake_reject_time                0x080053bd   Thumb Code    32  inv_mpu_dmp_motion_driver.o(i.dmp_set_shake_reject_time)
    dmp_set_shake_reject_timeout             0x080053dd   Thumb Code    32  inv_mpu_dmp_motion_driver.o(i.dmp_set_shake_reject_timeout)
    dmp_set_tap_axes                         0x080053fd   Thumb Code    64  inv_mpu_dmp_motion_driver.o(i.dmp_set_tap_axes)
    dmp_set_tap_count                        0x0800543d   Thumb Code    34  inv_mpu_dmp_motion_driver.o(i.dmp_set_tap_count)
    dmp_set_tap_thresh                       0x08005461   Thumb Code   274  inv_mpu_dmp_motion_driver.o(i.dmp_set_tap_thresh)
    dmp_set_tap_time                         0x08005589   Thumb Code    32  inv_mpu_dmp_motion_driver.o(i.dmp_set_tap_time)
    dmp_set_tap_time_multi                   0x080055a9   Thumb Code    32  inv_mpu_dmp_motion_driver.o(i.dmp_set_tap_time_multi)
    fputc                                    0x080055c9   Thumb Code    38  usart.o(i.fputc)
    i2cRead                                  0x08005a91   Thumb Code   112  ioi2c.o(i.i2cRead)
    i2cWrite                                 0x08005b01   Thumb Code    84  ioi2c.o(i.i2cWrite)
    kalman_filter_init                       0x08005b9d   Thumb Code    84  filter.o(i.kalman_filter_init)
    main                                     0x08005c01   Thumb Code   100  main.o(i.main)
    mpu_configure_fifo                       0x08005c69   Thumb Code    78  inv_mpu.o(i.mpu_configure_fifo)
    mpu_get_accel_fsr                        0x08005cbd   Thumb Code    54  inv_mpu.o(i.mpu_get_accel_fsr)
    mpu_get_accel_sens                       0x08005cf9   Thumb Code    62  inv_mpu.o(i.mpu_get_accel_sens)
    mpu_get_gyro_fsr                         0x08005d3d   Thumb Code    48  inv_mpu.o(i.mpu_get_gyro_fsr)
    mpu_get_gyro_sens                        0x08005d71   Thumb Code    44  inv_mpu.o(i.mpu_get_gyro_sens)
    mpu_get_lpf                              0x08005db1   Thumb Code    52  inv_mpu.o(i.mpu_get_lpf)
    mpu_get_sample_rate                      0x08005de9   Thumb Code    22  inv_mpu.o(i.mpu_get_sample_rate)
    mpu_init                                 0x08005e05   Thumb Code   310  inv_mpu.o(i.mpu_init)
    mpu_load_firmware                        0x08005f8d   Thumb Code   154  inv_mpu.o(i.mpu_load_firmware)
    mpu_lp_accel_mode                        0x0800602d   Thumb Code   178  inv_mpu.o(i.mpu_lp_accel_mode)
    mpu_read_mem                             0x080060e5   Thumb Code    80  inv_mpu.o(i.mpu_read_mem)
    mpu_reset_fifo                           0x08006139   Thumb Code   330  inv_mpu.o(i.mpu_reset_fifo)
    mpu_run_self_test                        0x08006289   Thumb Code   234  inv_mpu.o(i.mpu_run_self_test)
    mpu_set_accel_fsr                        0x08006379   Thumb Code    98  inv_mpu.o(i.mpu_set_accel_fsr)
    mpu_set_bypass                           0x080063e1   Thumb Code   214  inv_mpu.o(i.mpu_set_bypass)
    mpu_set_dmp_state                        0x080064bd   Thumb Code   114  inv_mpu.o(i.mpu_set_dmp_state)
    mpu_set_gyro_fsr                         0x08006535   Thumb Code   104  inv_mpu.o(i.mpu_set_gyro_fsr)
    mpu_set_int_latched                      0x080065a1   Thumb Code    94  inv_mpu.o(i.mpu_set_int_latched)
    mpu_set_lpf                              0x08006605   Thumb Code   102  inv_mpu.o(i.mpu_set_lpf)
    mpu_set_sample_rate                      0x08006671   Thumb Code   124  inv_mpu.o(i.mpu_set_sample_rate)
    mpu_set_sensors                          0x080066f1   Thumb Code   178  inv_mpu.o(i.mpu_set_sensors)
    mpu_write_mem                            0x080067a9   Thumb Code    80  inv_mpu.o(i.mpu_write_mem)
    myabs                                    0x080067fd   Thumb Code     8  control.o(i.myabs)
    oled_pow                                 0x08006805   Thumb Code    16  oled.o(i.oled_pow)
    oled_show                                0x08006815   Thumb Code   624  show.o(i.oled_show)
    __aeabi_d2f                              0x08006bc1   Thumb Code     0  d2f.o(x$fpl$d2f)
    _d2f                                     0x08006bc1   Thumb Code    98  d2f.o(x$fpl$d2f)
    __aeabi_dadd                             0x08006c25   Thumb Code     0  daddsub_clz.o(x$fpl$dadd)
    _dadd                                    0x08006c25   Thumb Code   332  daddsub_clz.o(x$fpl$dadd)
    __fpl_dcheck_NaN1                        0x08006d75   Thumb Code    10  dcheck1.o(x$fpl$dcheck1)
    __aeabi_ddiv                             0x08006d85   Thumb Code     0  ddiv.o(x$fpl$ddiv)
    _ddiv                                    0x08006d85   Thumb Code   552  ddiv.o(x$fpl$ddiv)
    __aeabi_d2iz                             0x08007035   Thumb Code     0  dfix.o(x$fpl$dfix)
    _dfix                                    0x08007035   Thumb Code    94  dfix.o(x$fpl$dfix)
    __aeabi_i2d                              0x08007093   Thumb Code     0  dflt_clz.o(x$fpl$dflt)
    _dflt                                    0x08007093   Thumb Code    46  dflt_clz.o(x$fpl$dflt)
    __aeabi_ui2d                             0x080070c1   Thumb Code     0  dflt_clz.o(x$fpl$dfltu)
    _dfltu                                   0x080070c1   Thumb Code    38  dflt_clz.o(x$fpl$dfltu)
    __aeabi_dmul                             0x080070e9   Thumb Code     0  dmul.o(x$fpl$dmul)
    _dmul                                    0x080070e9   Thumb Code   332  dmul.o(x$fpl$dmul)
    __fpl_dnaninf                            0x0800723d   Thumb Code   156  dnaninf.o(x$fpl$dnaninf)
    __fpl_dretinf                            0x080072d9   Thumb Code    12  dretinf.o(x$fpl$dretinf)
    __aeabi_drsub                            0x080072e5   Thumb Code     0  daddsub_clz.o(x$fpl$drsb)
    _drsb                                    0x080072e5   Thumb Code    22  daddsub_clz.o(x$fpl$drsb)
    __aeabi_dsub                             0x080072fd   Thumb Code     0  daddsub_clz.o(x$fpl$dsub)
    _dsub                                    0x080072fd   Thumb Code   464  daddsub_clz.o(x$fpl$dsub)
    __aeabi_f2d                              0x080074d1   Thumb Code     0  f2d.o(x$fpl$f2d)
    _f2d                                     0x080074d1   Thumb Code    86  f2d.o(x$fpl$f2d)
    __aeabi_fadd                             0x08007529   Thumb Code     0  faddsub_clz.o(x$fpl$fadd)
    _fadd                                    0x08007529   Thumb Code   196  faddsub_clz.o(x$fpl$fadd)
    __fpl_fcheck_NaN1                        0x080075ed   Thumb Code     6  fcheck1.o(x$fpl$fcheck1)
    __aeabi_fdiv                             0x080075f9   Thumb Code     0  fdiv.o(x$fpl$fdiv)
    _fdiv                                    0x080075f9   Thumb Code   384  fdiv.o(x$fpl$fdiv)
    __aeabi_f2iz                             0x0800777d   Thumb Code     0  ffix.o(x$fpl$ffix)
    _ffix                                    0x0800777d   Thumb Code    54  ffix.o(x$fpl$ffix)
    __aeabi_f2uiz                            0x080077b5   Thumb Code     0  ffixu.o(x$fpl$ffixu)
    _ffixu                                   0x080077b5   Thumb Code    62  ffixu.o(x$fpl$ffixu)
    __aeabi_i2f                              0x080077f5   Thumb Code     0  fflt_clz.o(x$fpl$fflt)
    _fflt                                    0x080077f5   Thumb Code    48  fflt_clz.o(x$fpl$fflt)
    __aeabi_ui2f                             0x08007825   Thumb Code     0  fflt_clz.o(x$fpl$ffltu)
    _ffltu                                   0x08007825   Thumb Code    38  fflt_clz.o(x$fpl$ffltu)
    __aeabi_fmul                             0x0800784d   Thumb Code     0  fmul.o(x$fpl$fmul)
    _fmul                                    0x0800784d   Thumb Code   258  fmul.o(x$fpl$fmul)
    __fpl_fnaninf                            0x0800794f   Thumb Code   140  fnaninf.o(x$fpl$fnaninf)
    __fpl_fretinf                            0x080079db   Thumb Code    10  fretinf.o(x$fpl$fretinf)
    __aeabi_frsub                            0x080079e5   Thumb Code     0  faddsub_clz.o(x$fpl$frsb)
    _frsb                                    0x080079e5   Thumb Code    20  faddsub_clz.o(x$fpl$frsb)
    __aeabi_fsub                             0x080079f9   Thumb Code     0  faddsub_clz.o(x$fpl$fsub)
    _fsub                                    0x080079f9   Thumb Code   234  faddsub_clz.o(x$fpl$fsub)
    __fpl_return_NaN                         0x08007ae3   Thumb Code   100  retnan.o(x$fpl$retnan)
    __ARM_scalbn                             0x08007b47   Thumb Code    92  scalbn.o(x$fpl$scalbn)
    __ARM_scalbnf                            0x08007ba3   Thumb Code    76  scalbnf.o(x$fpl$scalbnf)
    __fpl_cmpreturn                          0x08007bef   Thumb Code    48  trapv.o(x$fpl$trapveneer)
    __I$use$fp                               0x08007c1e   Number         0  usenofp.o(x$fpl$usenofp)
    hw                                       0x08007c1e   Data          12  inv_mpu.o(.constdata)
    reg                                      0x08007c2a   Data          27  inv_mpu.o(.constdata)
    test                                     0x08007c48   Data          40  inv_mpu.o(.constdata)
    oled_asc2_1206                           0x08008866   Data        1140  oled.o(.constdata)
    oled_asc2_1608                           0x08008cda   Data        1520  oled.o(.constdata)
    AHBPrescTable                            0x080092ca   Data          16  system_stm32f1xx.o(.constdata)
    APBPrescTable                            0x080092da   Data           8  system_stm32f1xx.o(.constdata)
    __mathlib_zero                           0x08009380   Data           8  qnan.o(.constdata)
    Region$$Table$$Base                      0x080093d8   Number         0  anon$$obj.o(Region$$Table)
    Region$$Table$$Limit                     0x080093f8   Number         0  anon$$obj.o(Region$$Table)
    sensors                                  0x2000004c   Data           2  mpu6050.o(.data)
    q0                                       0x20000050   Data           4  mpu6050.o(.data)
    q1                                       0x20000054   Data           4  mpu6050.o(.data)
    q2                                       0x20000058   Data           4  mpu6050.o(.data)
    q3                                       0x2000005c   Data           4  mpu6050.o(.data)
    Roll                                     0x20000060   Data           4  mpu6050.o(.data)
    Pitch                                    0x20000064   Data           4  mpu6050.o(.data)
    Yaw                                      0x20000068   Data           4  mpu6050.o(.data)
    gyro                                     0x2000006c   Data           6  mpu6050.o(.data)
    accel                                    0x20000072   Data           6  mpu6050.o(.data)
    Velocity_Left                            0x20000084   Data           4  show.o(.data)
    Velocity_Right                           0x20000088   Data           4  show.o(.data)
    Auto_Turn_Flag                           0x2000008c   Data           1  pid.o(.data)
    Usart3_Receive_buf                       0x200000c4   Data           1  usart3.o(.data)
    Usart3_Receive                           0x200000c5   Data           1  usart3.o(.data)
    TIM3CH3_CAPTURE_STA                      0x200000cc   Data           2  tim.o(.data)
    TIM3CH3_CAPTURE_VAL                      0x200000ce   Data           2  tim.o(.data)
    __stdout                                 0x200000d0   Data           4  usart.o(.data)
    SystemCoreClock                          0x200000d8   Data           4  system_stm32f1xx.o(.data)
    uwTickFreq                               0x200000dc   Data           1  stm32f1xx_hal.o(.data)
    uwTickPrio                               0x200000e0   Data           4  stm32f1xx_hal.o(.data)
    uwTick                                   0x200000e4   Data           4  stm32f1xx_hal.o(.data)
    Kalman                                   0x200000e8   Data         184  filter.o(.bss)
    PID                                      0x200001b0   Data          24  pid.o(.bss)
    OLED_GRAM                                0x200001c8   Data        1024  oled.o(.bss)
    BalanceCar                               0x200005c8   Data          48  main.o(.bss)
    hadc1                                    0x200005f8   Data          48  adc.o(.bss)
    htim1                                    0x20000628   Data          72  tim.o(.bss)
    htim2                                    0x20000670   Data          72  tim.o(.bss)
    htim3                                    0x200006b8   Data          72  tim.o(.bss)
    htim4                                    0x20000700   Data          72  tim.o(.bss)
    huart1                                   0x20000748   Data          68  usart.o(.bss)
    huart3                                   0x2000078c   Data          68  usart.o(.bss)
    __libspace_start                         0x200007d0   Data          96  libspace.o(.bss)
    __temporary_stack_top$libspace           0x20000830   Data           0  libspace.o(.bss)



==============================================================================

Memory Map of the image

  Image Entry point : 0x080000ed

  Load Region LR_IROM1 (Base: 0x08000000, Size: 0x000094e0, Max: 0x00010000, ABSOLUTE)

    Execution Region ER_IROM1 (Exec base: 0x08000000, Load base: 0x08000000, Size: 0x000093f8, Max: 0x00010000, ABSOLUTE)

    Exec Addr    Load Addr    Size         Type   Attr      Idx    E Section Name        Object

    0x08000000   0x08000000   0x000000ec   Data   RO         1760    RESET               startup_stm32f103xb.o
    0x080000ec   0x080000ec   0x00000008   Code   RO         4466  * !!!main             c_w.l(__main.o)
    0x080000f4   0x080000f4   0x00000034   Code   RO         4789    !!!scatter          c_w.l(__scatter.o)
    0x08000128   0x08000128   0x0000001a   Code   RO         4791    !!handler_copy      c_w.l(__scatter_copy.o)
    0x08000142   0x08000142   0x00000002   PAD
    0x08000144   0x08000144   0x0000001c   Code   RO         4793    !!handler_zi        c_w.l(__scatter_zi.o)
    0x08000160   0x08000160   0x00000000   Code   RO         4457    .ARM.Collect$$_printf_percent$$00000000  c_w.l(_printf_percent.o)
    0x08000160   0x08000160   0x00000006   Code   RO         4456    .ARM.Collect$$_printf_percent$$00000009  c_w.l(_printf_d.o)
    0x08000166   0x08000166   0x00000004   Code   RO         4553    .ARM.Collect$$_printf_percent$$00000017  c_w.l(_printf_percent_end.o)
    0x0800016a   0x0800016a   0x00000002   Code   RO         4658    .ARM.Collect$$libinit$$00000000  c_w.l(libinit.o)
    0x0800016c   0x0800016c   0x00000000   Code   RO         4670    .ARM.Collect$$libinit$$00000002  c_w.l(libinit2.o)
    0x0800016c   0x0800016c   0x00000000   Code   RO         4672    .ARM.Collect$$libinit$$00000004  c_w.l(libinit2.o)
    0x0800016c   0x0800016c   0x00000000   Code   RO         4675    .ARM.Collect$$libinit$$0000000A  c_w.l(libinit2.o)
    0x0800016c   0x0800016c   0x00000000   Code   RO         4677    .ARM.Collect$$libinit$$0000000C  c_w.l(libinit2.o)
    0x0800016c   0x0800016c   0x00000000   Code   RO         4679    .ARM.Collect$$libinit$$0000000E  c_w.l(libinit2.o)
    0x0800016c   0x0800016c   0x00000000   Code   RO         4682    .ARM.Collect$$libinit$$00000011  c_w.l(libinit2.o)
    0x0800016c   0x0800016c   0x00000000   Code   RO         4684    .ARM.Collect$$libinit$$00000013  c_w.l(libinit2.o)
    0x0800016c   0x0800016c   0x00000000   Code   RO         4686    .ARM.Collect$$libinit$$00000015  c_w.l(libinit2.o)
    0x0800016c   0x0800016c   0x00000000   Code   RO         4688    .ARM.Collect$$libinit$$00000017  c_w.l(libinit2.o)
    0x0800016c   0x0800016c   0x00000000   Code   RO         4690    .ARM.Collect$$libinit$$00000019  c_w.l(libinit2.o)
    0x0800016c   0x0800016c   0x00000000   Code   RO         4692    .ARM.Collect$$libinit$$0000001B  c_w.l(libinit2.o)
    0x0800016c   0x0800016c   0x00000000   Code   RO         4694    .ARM.Collect$$libinit$$0000001D  c_w.l(libinit2.o)
    0x0800016c   0x0800016c   0x00000000   Code   RO         4696    .ARM.Collect$$libinit$$0000001F  c_w.l(libinit2.o)
    0x0800016c   0x0800016c   0x00000000   Code   RO         4698    .ARM.Collect$$libinit$$00000021  c_w.l(libinit2.o)
    0x0800016c   0x0800016c   0x00000000   Code   RO         4700    .ARM.Collect$$libinit$$00000023  c_w.l(libinit2.o)
    0x0800016c   0x0800016c   0x00000000   Code   RO         4702    .ARM.Collect$$libinit$$00000025  c_w.l(libinit2.o)
    0x0800016c   0x0800016c   0x00000000   Code   RO         4706    .ARM.Collect$$libinit$$0000002C  c_w.l(libinit2.o)
    0x0800016c   0x0800016c   0x00000000   Code   RO         4708    .ARM.Collect$$libinit$$0000002E  c_w.l(libinit2.o)
    0x0800016c   0x0800016c   0x00000000   Code   RO         4710    .ARM.Collect$$libinit$$00000030  c_w.l(libinit2.o)
    0x0800016c   0x0800016c   0x00000000   Code   RO         4712    .ARM.Collect$$libinit$$00000032  c_w.l(libinit2.o)
    0x0800016c   0x0800016c   0x00000002   Code   RO         4713    .ARM.Collect$$libinit$$00000033  c_w.l(libinit2.o)
    0x0800016e   0x0800016e   0x00000002   Code   RO         4741    .ARM.Collect$$libshutdown$$00000000  c_w.l(libshutdown.o)
    0x08000170   0x08000170   0x00000000   Code   RO         4755    .ARM.Collect$$libshutdown$$00000002  c_w.l(libshutdown2.o)
    0x08000170   0x08000170   0x00000000   Code   RO         4757    .ARM.Collect$$libshutdown$$00000004  c_w.l(libshutdown2.o)
    0x08000170   0x08000170   0x00000000   Code   RO         4760    .ARM.Collect$$libshutdown$$00000007  c_w.l(libshutdown2.o)
    0x08000170   0x08000170   0x00000000   Code   RO         4763    .ARM.Collect$$libshutdown$$0000000A  c_w.l(libshutdown2.o)
    0x08000170   0x08000170   0x00000000   Code   RO         4765    .ARM.Collect$$libshutdown$$0000000C  c_w.l(libshutdown2.o)
    0x08000170   0x08000170   0x00000000   Code   RO         4768    .ARM.Collect$$libshutdown$$0000000F  c_w.l(libshutdown2.o)
    0x08000170   0x08000170   0x00000002   Code   RO         4769    .ARM.Collect$$libshutdown$$00000010  c_w.l(libshutdown2.o)
    0x08000172   0x08000172   0x00000000   Code   RO         4544    .ARM.Collect$$rtentry$$00000000  c_w.l(__rtentry.o)
    0x08000172   0x08000172   0x00000000   Code   RO         4607    .ARM.Collect$$rtentry$$00000002  c_w.l(__rtentry2.o)
    0x08000172   0x08000172   0x00000006   Code   RO         4619    .ARM.Collect$$rtentry$$00000004  c_w.l(__rtentry4.o)
    0x08000178   0x08000178   0x00000000   Code   RO         4609    .ARM.Collect$$rtentry$$00000009  c_w.l(__rtentry2.o)
    0x08000178   0x08000178   0x00000004   Code   RO         4610    .ARM.Collect$$rtentry$$0000000A  c_w.l(__rtentry2.o)
    0x0800017c   0x0800017c   0x00000000   Code   RO         4612    .ARM.Collect$$rtentry$$0000000C  c_w.l(__rtentry2.o)
    0x0800017c   0x0800017c   0x00000008   Code   RO         4613    .ARM.Collect$$rtentry$$0000000D  c_w.l(__rtentry2.o)
    0x08000184   0x08000184   0x00000002   Code   RO         4663    .ARM.Collect$$rtexit$$00000000  c_w.l(rtexit.o)
    0x08000186   0x08000186   0x00000000   Code   RO         4715    .ARM.Collect$$rtexit$$00000002  c_w.l(rtexit2.o)
    0x08000186   0x08000186   0x00000004   Code   RO         4716    .ARM.Collect$$rtexit$$00000003  c_w.l(rtexit2.o)
    0x0800018a   0x0800018a   0x00000006   Code   RO         4717    .ARM.Collect$$rtexit$$00000004  c_w.l(rtexit2.o)
    0x08000190   0x08000190   0x00000040   Code   RO         1761    .text               startup_stm32f103xb.o
    0x080001d0   0x080001d0   0x00000002   Code   RO         4422    .text               c_w.l(use_no_semi_2.o)
    0x080001d2   0x080001d2   0x00000048   Code   RO         4426    .text               c_w.l(llsdiv.o)
    0x0800021a   0x0800021a   0x00000002   PAD
    0x0800021c   0x0800021c   0x00000018   Code   RO         4430    .text               c_w.l(noretval__2printf.o)
    0x08000234   0x08000234   0x00000068   Code   RO         4432    .text               c_w.l(__printf.o)
    0x0800029c   0x0800029c   0x00000078   Code   RO         4434    .text               c_w.l(_printf_dec.o)
    0x08000314   0x08000314   0x00000058   Code   RO         4458    .text               c_w.l(memcmp.o)
    0x0800036c   0x0800036c   0x00000010   Code   RO         4460    .text               c_w.l(aeabi_memset.o)
    0x0800037c   0x0800037c   0x0000004e   Code   RO         4462    .text               c_w.l(rt_memclr_w.o)
    0x080003ca   0x080003ca   0x00000006   Code   RO         4464    .text               c_w.l(heapauxi.o)
    0x080003d0   0x080003d0   0x00000002   Code   RO         4542    .text               c_w.l(use_no_semi.o)
    0x080003d2   0x080003d2   0x000000ee   Code   RO         4545    .text               c_w.l(lludivv7m.o)
    0x080004c0   0x080004c0   0x000000b2   Code   RO         4549    .text               c_w.l(_printf_intcommon.o)
    0x08000572   0x08000572   0x00000002   PAD
    0x08000574   0x08000574   0x00000024   Code   RO         4551    .text               c_w.l(_printf_char_file.o)
    0x08000598   0x08000598   0x00000044   Code   RO         4554    .text               c_w.l(rt_memclr.o)
    0x080005dc   0x080005dc   0x00000030   Code   RO         4630    .text               c_w.l(_printf_char_common.o)
    0x0800060c   0x0800060c   0x00000008   Code   RO         4632    .text               c_w.l(ferror.o)
    0x08000614   0x08000614   0x00000008   Code   RO         4642    .text               c_w.l(libspace.o)
    0x0800061c   0x0800061c   0x0000004a   Code   RO         4645    .text               c_w.l(sys_stackheap_outer.o)
    0x08000666   0x08000666   0x00000012   Code   RO         4651    .text               c_w.l(exit.o)
    0x08000678   0x08000678   0x00000056   Code   RO         1842    i.ADC_ConversionStop_Disable  stm32f1xx_hal_adc.o
    0x080006ce   0x080006ce   0x00000002   PAD
    0x080006d0   0x080006d0   0x0000007c   Code   RO         1846    i.ADC_Enable        stm32f1xx_hal_adc.o
    0x0800074c   0x0800074c   0x00000044   Code   RO          925    i.Balance           pid.o
    0x08000790   0x08000790   0x0000001c   Code   RO         1293    i.BalanceCar_Init   main.o
    0x080007ac   0x080007ac   0x00000002   Code   RO         1578    i.BusFault_Handler  stm32f1xx_it.o
    0x080007ae   0x080007ae   0x00000002   PAD
    0x080007b0   0x080007b0   0x00000064   Code   RO            4    i.Choose            control.o
    0x08000814   0x08000814   0x00000230   Code   RO          780    i.DMP_Init          mpu6050.o
    0x08000a44   0x08000a44   0x00000002   Code   RO         1579    i.DebugMon_Handler  stm32f1xx_it.o
    0x08000a46   0x08000a46   0x00000002   PAD
    0x08000a48   0x08000a48   0x00000014   Code   RO         1580    i.EXTI15_10_IRQHandler  stm32f1xx_it.o
    0x08000a5c   0x08000a5c   0x00000004   Code   RO         1294    i.Error_Handler     main.o
    0x08000a60   0x08000a60   0x000001e0   Code   RO            5    i.Get_Angle         control.o
    0x08000c40   0x08000c40   0x000000c8   Code   RO            6    i.Get_Velocity_Form_Encoder  control.o
    0x08000d08   0x08000d08   0x00000058   Code   RO         1368    i.Get_battery_volt  adc.o
    0x08000d60   0x08000d60   0x000000d8   Code   RO         2022    i.HAL_ADCEx_Calibration_Start  stm32f1xx_hal_adc_ex.o
    0x08000e38   0x08000e38   0x000000fc   Code   RO         1848    i.HAL_ADC_ConfigChannel  stm32f1xx_hal_adc.o
    0x08000f34   0x08000f34   0x00000006   Code   RO         1855    i.HAL_ADC_GetValue  stm32f1xx_hal_adc.o
    0x08000f3a   0x08000f3a   0x00000002   PAD
    0x08000f3c   0x08000f3c   0x0000011c   Code   RO         1857    i.HAL_ADC_Init      stm32f1xx_hal_adc.o
    0x08001058   0x08001058   0x00000058   Code   RO         1370    i.HAL_ADC_MspInit   adc.o
    0x080010b0   0x080010b0   0x0000013c   Code   RO         1861    i.HAL_ADC_PollForConversion  stm32f1xx_hal_adc.o
    0x080011ec   0x080011ec   0x000000c0   Code   RO         1863    i.HAL_ADC_Start     stm32f1xx_hal_adc.o
    0x080012ac   0x080012ac   0x00000046   Code   RO         2497    i.HAL_DMA_Abort     stm32f1xx_hal_dma.o
    0x080012f2   0x080012f2   0x00000002   PAD
    0x080012f4   0x080012f4   0x00000098   Code   RO         2498    i.HAL_DMA_Abort_IT  stm32f1xx_hal_dma.o
    0x0800138c   0x0800138c   0x00000124   Code   RO            7    i.HAL_GPIO_EXTI_Callback  control.o
    0x080014b0   0x080014b0   0x00000018   Code   RO         2432    i.HAL_GPIO_EXTI_IRQHandler  stm32f1xx_hal_gpio.o
    0x080014c8   0x080014c8   0x000001e0   Code   RO         2433    i.HAL_GPIO_Init     stm32f1xx_hal_gpio.o
    0x080016a8   0x080016a8   0x0000000a   Code   RO         2437    i.HAL_GPIO_WritePin  stm32f1xx_hal_gpio.o
    0x080016b2   0x080016b2   0x00000002   PAD
    0x080016b4   0x080016b4   0x0000000c   Code   RO         2129    i.HAL_GetTick       stm32f1xx_hal.o
    0x080016c0   0x080016c0   0x00000010   Code   RO         2135    i.HAL_IncTick       stm32f1xx_hal.o
    0x080016d0   0x080016d0   0x00000024   Code   RO         2136    i.HAL_Init          stm32f1xx_hal.o
    0x080016f4   0x080016f4   0x00000040   Code   RO         2137    i.HAL_InitTick      stm32f1xx_hal.o
    0x08001734   0x08001734   0x00000044   Code   RO         1671    i.HAL_MspInit       stm32f1xx_hal_msp.o
    0x08001778   0x08001778   0x00000022   Code   RO         2592    i.HAL_NVIC_DisableIRQ  stm32f1xx_hal_cortex.o
    0x0800179a   0x0800179a   0x0000001a   Code   RO         2593    i.HAL_NVIC_EnableIRQ  stm32f1xx_hal_cortex.o
    0x080017b4   0x080017b4   0x00000040   Code   RO         2599    i.HAL_NVIC_SetPriority  stm32f1xx_hal_cortex.o
    0x080017f4   0x080017f4   0x00000024   Code   RO         2600    i.HAL_NVIC_SetPriorityGrouping  stm32f1xx_hal_cortex.o
    0x08001818   0x08001818   0x000000c8   Code   RO         2395    i.HAL_RCCEx_GetPeriphCLKFreq  stm32f1xx_hal_rcc_ex.o
    0x080018e0   0x080018e0   0x000000ec   Code   RO         2396    i.HAL_RCCEx_PeriphCLKConfig  stm32f1xx_hal_rcc_ex.o
    0x080019cc   0x080019cc   0x0000012c   Code   RO         2293    i.HAL_RCC_ClockConfig  stm32f1xx_hal_rcc.o
    0x08001af8   0x08001af8   0x00000020   Code   RO         2300    i.HAL_RCC_GetPCLK1Freq  stm32f1xx_hal_rcc.o
    0x08001b18   0x08001b18   0x00000020   Code   RO         2301    i.HAL_RCC_GetPCLK2Freq  stm32f1xx_hal_rcc.o
    0x08001b38   0x08001b38   0x0000006c   Code   RO         2302    i.HAL_RCC_GetSysClockFreq  stm32f1xx_hal_rcc.o
    0x08001ba4   0x08001ba4   0x00000320   Code   RO         2305    i.HAL_RCC_OscConfig  stm32f1xx_hal_rcc.o
    0x08001ec4   0x08001ec4   0x00000028   Code   RO         2604    i.HAL_SYSTICK_Config  stm32f1xx_hal_cortex.o
    0x08001eec   0x08001eec   0x00000002   Code   RO         3799    i.HAL_TIMEx_BreakCallback  stm32f1xx_hal_tim_ex.o
    0x08001eee   0x08001eee   0x00000002   Code   RO         3800    i.HAL_TIMEx_CommutCallback  stm32f1xx_hal_tim_ex.o
    0x08001ef0   0x08001ef0   0x00000054   Code   RO         3802    i.HAL_TIMEx_ConfigBreakDeadTime  stm32f1xx_hal_tim_ex.o
    0x08001f44   0x08001f44   0x00000068   Code   RO         3818    i.HAL_TIMEx_MasterConfigSynchronization  stm32f1xx_hal_tim_ex.o
    0x08001fac   0x08001fac   0x0000005a   Code   RO         3095    i.HAL_TIM_Base_Init  stm32f1xx_hal_tim.o
    0x08002006   0x08002006   0x00000002   PAD
    0x08002008   0x08002008   0x00000080   Code   RO         1417    i.HAL_TIM_Base_MspInit  tim.o
    0x08002088   0x08002088   0x00000058   Code   RO         3100    i.HAL_TIM_Base_Start_IT  stm32f1xx_hal_tim.o
    0x080020e0   0x080020e0   0x000000d6   Code   RO         3104    i.HAL_TIM_ConfigClockSource  stm32f1xx_hal_tim.o
    0x080021b6   0x080021b6   0x000000a4   Code   RO         3116    i.HAL_TIM_Encoder_Init  stm32f1xx_hal_tim.o
    0x0800225a   0x0800225a   0x00000002   PAD
    0x0800225c   0x0800225c   0x0000008c   Code   RO         1419    i.HAL_TIM_Encoder_MspInit  tim.o
    0x080022e8   0x080022e8   0x0000008e   Code   RO         3119    i.HAL_TIM_Encoder_Start  stm32f1xx_hal_tim.o
    0x08002376   0x08002376   0x00000002   PAD
    0x08002378   0x08002378   0x000000a4   Code   RO         1420    i.HAL_TIM_IC_CaptureCallback  tim.o
    0x0800241c   0x0800241c   0x0000010e   Code   RO         3131    i.HAL_TIM_IC_ConfigChannel  stm32f1xx_hal_tim.o
    0x0800252a   0x0800252a   0x0000005a   Code   RO         3134    i.HAL_TIM_IC_Init   stm32f1xx_hal_tim.o
    0x08002584   0x08002584   0x00000002   Code   RO         3136    i.HAL_TIM_IC_MspInit  stm32f1xx_hal_tim.o
    0x08002586   0x08002586   0x00000002   PAD
    0x08002588   0x08002588   0x000000e0   Code   RO         3139    i.HAL_TIM_IC_Start_IT  stm32f1xx_hal_tim.o
    0x08002668   0x08002668   0x00000166   Code   RO         3143    i.HAL_TIM_IRQHandler  stm32f1xx_hal_tim.o
    0x080027ce   0x080027ce   0x00000002   PAD
    0x080027d0   0x080027d0   0x0000004c   Code   RO         1421    i.HAL_TIM_MspPostInit  tim.o
    0x0800281c   0x0800281c   0x00000002   Code   RO         3146    i.HAL_TIM_OC_DelayElapsedCallback  stm32f1xx_hal_tim.o
    0x0800281e   0x0800281e   0x000000c6   Code   RO         3167    i.HAL_TIM_PWM_ConfigChannel  stm32f1xx_hal_tim.o
    0x080028e4   0x080028e4   0x0000005a   Code   RO         3170    i.HAL_TIM_PWM_Init  stm32f1xx_hal_tim.o
    0x0800293e   0x0800293e   0x00000002   Code   RO         3172    i.HAL_TIM_PWM_MspInit  stm32f1xx_hal_tim.o
    0x08002940   0x08002940   0x00000002   Code   RO         3173    i.HAL_TIM_PWM_PulseFinishedCallback  stm32f1xx_hal_tim.o
    0x08002942   0x08002942   0x00000002   PAD
    0x08002944   0x08002944   0x0000009c   Code   RO         3175    i.HAL_TIM_PWM_Start  stm32f1xx_hal_tim.o
    0x080029e0   0x080029e0   0x00000034   Code   RO         1422    i.HAL_TIM_PeriodElapsedCallback  tim.o
    0x08002a14   0x08002a14   0x0000002a   Code   RO         3183    i.HAL_TIM_ReadCapturedValue  stm32f1xx_hal_tim.o
    0x08002a3e   0x08002a3e   0x00000002   Code   RO         3186    i.HAL_TIM_TriggerCallback  stm32f1xx_hal_tim.o
    0x08002a40   0x08002a40   0x00000002   Code   RO         4077    i.HAL_UARTEx_RxEventCallback  stm32f1xx_hal_uart.o
    0x08002a42   0x08002a42   0x00000002   Code   RO         4091    i.HAL_UART_ErrorCallback  stm32f1xx_hal_uart.o
    0x08002a44   0x08002a44   0x0000020c   Code   RO         4094    i.HAL_UART_IRQHandler  stm32f1xx_hal_uart.o
    0x08002c50   0x08002c50   0x00000062   Code   RO         4095    i.HAL_UART_Init     stm32f1xx_hal_uart.o
    0x08002cb2   0x08002cb2   0x00000002   PAD
    0x08002cb4   0x08002cb4   0x000000d0   Code   RO         1514    i.HAL_UART_MspInit  usart.o
    0x08002d84   0x08002d84   0x0000002a   Code   RO         4100    i.HAL_UART_Receive_IT  stm32f1xx_hal_uart.o
    0x08002dae   0x08002dae   0x00000002   PAD
    0x08002db0   0x08002db0   0x000000dc   Code   RO         1263    i.HAL_UART_RxCpltCallback  usart3.o
    0x08002e8c   0x08002e8c   0x00000002   Code   RO         4106    i.HAL_UART_TxCpltCallback  stm32f1xx_hal_uart.o
    0x08002e8e   0x08002e8e   0x00000002   Code   RO         1581    i.HardFault_Handler  stm32f1xx_it.o
    0x08002e90   0x08002e90   0x0000003e   Code   RO          998    i.I2C_ReadOneByte   ioi2c.o
    0x08002ece   0x08002ece   0x00000002   PAD
    0x08002ed0   0x08002ed0   0x00000040   Code   RO          999    i.IIC_Ack           ioi2c.o
    0x08002f10   0x08002f10   0x00000040   Code   RO         1000    i.IIC_NAck          ioi2c.o
    0x08002f50   0x08002f50   0x0000006c   Code   RO         1001    i.IIC_Read_Byte     ioi2c.o
    0x08002fbc   0x08002fbc   0x00000060   Code   RO         1002    i.IIC_Send_Byte     ioi2c.o
    0x0800301c   0x0800301c   0x00000050   Code   RO         1003    i.IIC_Start         ioi2c.o
    0x0800306c   0x0800306c   0x00000040   Code   RO         1004    i.IIC_Stop          ioi2c.o
    0x080030ac   0x080030ac   0x00000058   Code   RO         1005    i.IIC_Wait_Ack      ioi2c.o
    0x08003104   0x08003104   0x0000000e   Code   RO         1006    i.IICreadByte       ioi2c.o
    0x08003112   0x08003112   0x00000032   Code   RO         1008    i.IICwriteBit       ioi2c.o
    0x08003144   0x08003144   0x00000054   Code   RO         1009    i.IICwriteBits      ioi2c.o
    0x08003198   0x08003198   0x0000000c   Code   RO         1010    i.IICwriteByte      ioi2c.o
    0x080031a4   0x080031a4   0x00000044   Code   RO         1011    i.IICwriteBytes     ioi2c.o
    0x080031e8   0x080031e8   0x00000028   Code   RO         1734    i.JTAG_Set          sys.o
    0x08003210   0x08003210   0x00000158   Code   RO          267    i.Kalman_Filter_x   filter.o
    0x08003368   0x08003368   0x00000158   Code   RO          268    i.Kalman_Filter_y   filter.o
    0x080034c0   0x080034c0   0x00000034   Code   RO            8    i.Key               control.o
    0x080034f4   0x080034f4   0x00000030   Code   RO         1148    i.Led_Flash         led.o
    0x08003524   0x08003524   0x0000003c   Code   RO         1111    i.Long_Press        key.o
    0x08003560   0x08003560   0x0000002a   Code   RO          782    i.MPU6050_initialize  mpu6050.o
    0x0800358a   0x0800358a   0x00000012   Code   RO          784    i.MPU6050_setClockSource  mpu6050.o
    0x0800359c   0x0800359c   0x00000012   Code   RO          785    i.MPU6050_setFullScaleAccelRange  mpu6050.o
    0x080035ae   0x080035ae   0x00000012   Code   RO          786    i.MPU6050_setFullScaleGyroRange  mpu6050.o
    0x080035c0   0x080035c0   0x0000000c   Code   RO          787    i.MPU6050_setI2CBypassEnabled  mpu6050.o
    0x080035cc   0x080035cc   0x0000000c   Code   RO          788    i.MPU6050_setI2CMasterModeEnabled  mpu6050.o
    0x080035d8   0x080035d8   0x0000000c   Code   RO          789    i.MPU6050_setSleepEnabled  mpu6050.o
    0x080035e4   0x080035e4   0x00000054   Code   RO         1371    i.MX_ADC1_Init      adc.o
    0x08003638   0x08003638   0x00000104   Code   RO         1344    i.MX_GPIO_Init      gpio.o
    0x0800373c   0x0800373c   0x000000e8   Code   RO         1423    i.MX_TIM1_Init      tim.o
    0x08003824   0x08003824   0x00000070   Code   RO         1424    i.MX_TIM2_Init      tim.o
    0x08003894   0x08003894   0x000000a4   Code   RO         1425    i.MX_TIM3_Init      tim.o
    0x08003938   0x08003938   0x00000074   Code   RO         1426    i.MX_TIM4_Init      tim.o
    0x080039ac   0x080039ac   0x00000038   Code   RO         1515    i.MX_USART1_UART_Init  usart.o
    0x080039e4   0x080039e4   0x00000044   Code   RO         1516    i.MX_USART3_UART_Init  usart.o
    0x08003a28   0x08003a28   0x00000002   Code   RO         1582    i.MemManage_Handler  stm32f1xx_it.o
    0x08003a2a   0x08003a2a   0x00000002   Code   RO         1583    i.NMI_Handler       stm32f1xx_it.o
    0x08003a2c   0x08003a2c   0x0000002c   Code   RO         1173    i.OLED_Clear        oled.o
    0x08003a58   0x08003a58   0x0000003c   Code   RO         1176    i.OLED_DrawPoint    oled.o
    0x08003a94   0x08003a94   0x000000ec   Code   RO         1177    i.OLED_Init         oled.o
    0x08003b80   0x08003b80   0x0000004c   Code   RO         1178    i.OLED_Refresh_Gram  oled.o
    0x08003bcc   0x08003bcc   0x00000090   Code   RO         1179    i.OLED_ShowChar     oled.o
    0x08003c5c   0x08003c5c   0x00000078   Code   RO         1180    i.OLED_ShowNumber   oled.o
    0x08003cd4   0x08003cd4   0x0000003e   Code   RO         1181    i.OLED_ShowString   oled.o
    0x08003d12   0x08003d12   0x00000002   PAD
    0x08003d14   0x08003d14   0x00000048   Code   RO         1182    i.OLED_WR_Byte      oled.o
    0x08003d5c   0x08003d5c   0x00000034   Code   RO          926    i.PID_Init          pid.o
    0x08003d90   0x08003d90   0x0000000e   Code   RO            9    i.PWM_Limit         control.o
    0x08003d9e   0x08003d9e   0x00000002   Code   RO         1584    i.PendSV_Handler    stm32f1xx_it.o
    0x08003da0   0x08003da0   0x000000a0   Code   RO           10    i.Pick_Up           control.o
    0x08003e40   0x08003e40   0x00000064   Code   RO           11    i.Put_Down          control.o
    0x08003ea4   0x08003ea4   0x00000048   Code   RO         1427    i.Read_Distane      tim.o
    0x08003eec   0x08003eec   0x00000034   Code   RO          974    i.Read_Encoder      encoder.o
    0x08003f20   0x08003f20   0x00000002   Code   RO         1585    i.SVC_Handler       stm32f1xx_it.o
    0x08003f22   0x08003f22   0x00000002   PAD
    0x08003f24   0x08003f24   0x00000054   Code   RO           12    i.Set_Pwm           control.o
    0x08003f78   0x08003f78   0x00000004   Code   RO         1586    i.SysTick_Handler   stm32f1xx_it.o
    0x08003f7c   0x08003f7c   0x00000078   Code   RO         1295    i.SystemClock_Config  main.o
    0x08003ff4   0x08003ff4   0x00000002   Code   RO         1769    i.SystemInit        system_stm32f1xx.o
    0x08003ff6   0x08003ff6   0x00000002   PAD
    0x08003ff8   0x08003ff8   0x0000000c   Code   RO         1587    i.TIM3_IRQHandler   stm32f1xx_it.o
    0x08004004   0x08004004   0x0000006c   Code   RO         3188    i.TIM_Base_SetConfig  stm32f1xx_hal_tim.o
    0x08004070   0x08004070   0x0000001a   Code   RO         3189    i.TIM_CCxChannelCmd  stm32f1xx_hal_tim.o
    0x0800408a   0x0800408a   0x00000014   Code   RO         3199    i.TIM_ETR_SetConfig  stm32f1xx_hal_tim.o
    0x0800409e   0x0800409e   0x00000010   Code   RO         3200    i.TIM_ITRx_SetConfig  stm32f1xx_hal_tim.o
    0x080040ae   0x080040ae   0x00000002   PAD
    0x080040b0   0x080040b0   0x00000050   Code   RO         3201    i.TIM_OC1_SetConfig  stm32f1xx_hal_tim.o
    0x08004100   0x08004100   0x00000058   Code   RO         3202    i.TIM_OC2_SetConfig  stm32f1xx_hal_tim.o
    0x08004158   0x08004158   0x00000058   Code   RO         3203    i.TIM_OC3_SetConfig  stm32f1xx_hal_tim.o
    0x080041b0   0x080041b0   0x00000044   Code   RO         3204    i.TIM_OC4_SetConfig  stm32f1xx_hal_tim.o
    0x080041f4   0x080041f4   0x00000022   Code   RO         3206    i.TIM_TI1_ConfigInputStage  stm32f1xx_hal_tim.o
    0x08004216   0x08004216   0x00000002   PAD
    0x08004218   0x08004218   0x00000058   Code   RO         3207    i.TIM_TI1_SetConfig  stm32f1xx_hal_tim.o
    0x08004270   0x08004270   0x00000024   Code   RO         3208    i.TIM_TI2_ConfigInputStage  stm32f1xx_hal_tim.o
    0x08004294   0x08004294   0x00000036   Code   RO         3209    i.TIM_TI2_SetConfig  stm32f1xx_hal_tim.o
    0x080042ca   0x080042ca   0x00000002   PAD
    0x080042cc   0x080042cc   0x000000ac   Code   RO          927    i.Turn              pid.o
    0x08004378   0x08004378   0x00000048   Code   RO           13    i.Turn_Off          control.o
    0x080043c0   0x080043c0   0x00000010   Code   RO         4108    i.UART_DMAAbortOnError  stm32f1xx_hal_uart.o
    0x080043d0   0x080043d0   0x00000030   Code   RO         4118    i.UART_EndRxTransfer  stm32f1xx_hal_uart.o
    0x08004400   0x08004400   0x000000b6   Code   RO         4120    i.UART_Receive_IT   stm32f1xx_hal_uart.o
    0x080044b6   0x080044b6   0x00000002   PAD
    0x080044b8   0x080044b8   0x000000b8   Code   RO         4121    i.UART_SetConfig    stm32f1xx_hal_uart.o
    0x08004570   0x08004570   0x00000036   Code   RO         4123    i.UART_Start_Receive_IT  stm32f1xx_hal_uart.o
    0x080045a6   0x080045a6   0x00000002   PAD
    0x080045a8   0x080045a8   0x0000000c   Code   RO         1588    i.USART3_IRQHandler  stm32f1xx_it.o
    0x080045b4   0x080045b4   0x00000002   Code   RO         1589    i.UsageFault_Handler  stm32f1xx_it.o
    0x080045b6   0x080045b6   0x00000002   PAD
    0x080045b8   0x080045b8   0x000001dc   Code   RO          928    i.Velocity          pid.o
    0x08004794   0x08004794   0x00000028   Code   RO         4593    i.__ARM_fpclassify  m_ws.l(fpclassify.o)
    0x080047bc   0x080047bc   0x00000020   Code   RO         2606    i.__NVIC_SetPriority  stm32f1xx_hal_cortex.o
    0x080047dc   0x080047dc   0x000000aa   Code   RO         4595    i.__kernel_poly     m_ws.l(poly.o)
    0x08004886   0x08004886   0x00000006   Code   RO         4580    i.__mathlib_dbl_infnan  m_ws.l(dunder.o)
    0x0800488c   0x0800488c   0x00000004   Code   RO         4581    i.__mathlib_dbl_infnan2  m_ws.l(dunder.o)
    0x08004890   0x08004890   0x00000010   Code   RO         4585    i.__mathlib_dbl_underflow  m_ws.l(dunder.o)
    0x080048a0   0x080048a0   0x00000002   Code   RO         1517    i._sys_exit         usart.o
    0x080048a2   0x080048a2   0x00000002   PAD
    0x080048a4   0x080048a4   0x00000080   Code   RO          300    i.accel_self_test   inv_mpu.o
    0x08004924   0x08004924   0x00000220   Code   RO         4570    i.atan              m_ws.l(atan.o)
    0x08004b44   0x08004b44   0x00000180   Code   RO         4535    i.atan2             m_ws.l(atan2.o)
    0x08004cc4   0x08004cc4   0x0000008c   Code   RO         1113    i.click_N_Double    key.o
    0x08004d50   0x08004d50   0x00000020   Code   RO         1695    i.delay_init        delay.o
    0x08004d70   0x08004d70   0x00000034   Code   RO         1696    i.delay_ms          delay.o
    0x08004da4   0x08004da4   0x00000034   Code   RO         1697    i.delay_us          delay.o
    0x08004dd8   0x08004dd8   0x0000003a   Code   RO          601    i.dmp_enable_6x_lp_quat  inv_mpu_dmp_motion_driver.o
    0x08004e12   0x08004e12   0x00000002   PAD
    0x08004e14   0x08004e14   0x000001d8   Code   RO          602    i.dmp_enable_feature  inv_mpu_dmp_motion_driver.o
    0x08004fec   0x08004fec   0x0000003c   Code   RO          603    i.dmp_enable_gyro_cal  inv_mpu_dmp_motion_driver.o
    0x08005028   0x08005028   0x0000003a   Code   RO          604    i.dmp_enable_lp_quat  inv_mpu_dmp_motion_driver.o
    0x08005062   0x08005062   0x00000002   PAD
    0x08005064   0x08005064   0x00000014   Code   RO          609    i.dmp_load_motion_driver_firmware  inv_mpu_dmp_motion_driver.o
    0x08005078   0x08005078   0x000000d8   Code   RO          613    i.dmp_set_accel_bias  inv_mpu_dmp_motion_driver.o
    0x08005150   0x08005150   0x00000064   Code   RO          614    i.dmp_set_fifo_rate  inv_mpu_dmp_motion_driver.o
    0x080051b4   0x080051b4   0x000000cc   Code   RO          615    i.dmp_set_gyro_bias  inv_mpu_dmp_motion_driver.o
    0x08005280   0x08005280   0x0000010c   Code   RO          617    i.dmp_set_orientation  inv_mpu_dmp_motion_driver.o
    0x0800538c   0x0800538c   0x00000030   Code   RO          620    i.dmp_set_shake_reject_thresh  inv_mpu_dmp_motion_driver.o
    0x080053bc   0x080053bc   0x00000020   Code   RO          621    i.dmp_set_shake_reject_time  inv_mpu_dmp_motion_driver.o
    0x080053dc   0x080053dc   0x00000020   Code   RO          622    i.dmp_set_shake_reject_timeout  inv_mpu_dmp_motion_driver.o
    0x080053fc   0x080053fc   0x00000040   Code   RO          623    i.dmp_set_tap_axes  inv_mpu_dmp_motion_driver.o
    0x0800543c   0x0800543c   0x00000022   Code   RO          624    i.dmp_set_tap_count  inv_mpu_dmp_motion_driver.o
    0x0800545e   0x0800545e   0x00000002   PAD
    0x08005460   0x08005460   0x00000128   Code   RO          625    i.dmp_set_tap_thresh  inv_mpu_dmp_motion_driver.o
    0x08005588   0x08005588   0x00000020   Code   RO          626    i.dmp_set_tap_time  inv_mpu_dmp_motion_driver.o
    0x080055a8   0x080055a8   0x00000020   Code   RO          627    i.dmp_set_tap_time_multi  inv_mpu_dmp_motion_driver.o
    0x080055c8   0x080055c8   0x00000034   Code   RO         1518    i.fputc             usart.o
    0x080055fc   0x080055fc   0x000000ac   Code   RO          301    i.get_accel_prod_shift  inv_mpu.o
    0x080056a8   0x080056a8   0x00000314   Code   RO          302    i.get_st_biases     inv_mpu.o
    0x080059bc   0x080059bc   0x000000d4   Code   RO          303    i.gyro_self_test    inv_mpu.o
    0x08005a90   0x08005a90   0x00000070   Code   RO         1012    i.i2cRead           ioi2c.o
    0x08005b00   0x08005b00   0x00000054   Code   RO         1013    i.i2cWrite          ioi2c.o
    0x08005b54   0x08005b54   0x00000048   Code   RO          793    i.inv_row_2_scale   mpu6050.o
    0x08005b9c   0x08005b9c   0x00000064   Code   RO          269    i.kalman_filter_init  filter.o
    0x08005c00   0x08005c00   0x00000068   Code   RO         1296    i.main              main.o
    0x08005c68   0x08005c68   0x00000054   Code   RO          304    i.mpu_configure_fifo  inv_mpu.o
    0x08005cbc   0x08005cbc   0x0000003c   Code   RO          305    i.mpu_get_accel_fsr  inv_mpu.o
    0x08005cf8   0x08005cf8   0x00000044   Code   RO          307    i.mpu_get_accel_sens  inv_mpu.o
    0x08005d3c   0x08005d3c   0x00000034   Code   RO          313    i.mpu_get_gyro_fsr  inv_mpu.o
    0x08005d70   0x08005d70   0x00000040   Code   RO          315    i.mpu_get_gyro_sens  inv_mpu.o
    0x08005db0   0x08005db0   0x00000038   Code   RO          317    i.mpu_get_lpf       inv_mpu.o
    0x08005de8   0x08005de8   0x0000001c   Code   RO          319    i.mpu_get_sample_rate  inv_mpu.o
    0x08005e04   0x08005e04   0x00000188   Code   RO          321    i.mpu_init          inv_mpu.o
    0x08005f8c   0x08005f8c   0x000000a0   Code   RO          322    i.mpu_load_firmware  inv_mpu.o
    0x0800602c   0x0800602c   0x000000b8   Code   RO          323    i.mpu_lp_accel_mode  inv_mpu.o
    0x080060e4   0x080060e4   0x00000054   Code   RO          327    i.mpu_read_mem      inv_mpu.o
    0x08006138   0x08006138   0x00000150   Code   RO          330    i.mpu_reset_fifo    inv_mpu.o
    0x08006288   0x08006288   0x000000f0   Code   RO          331    i.mpu_run_self_test  inv_mpu.o
    0x08006378   0x08006378   0x00000068   Code   RO          333    i.mpu_set_accel_fsr  inv_mpu.o
    0x080063e0   0x080063e0   0x000000dc   Code   RO          334    i.mpu_set_bypass    inv_mpu.o
    0x080064bc   0x080064bc   0x00000078   Code   RO          336    i.mpu_set_dmp_state  inv_mpu.o
    0x08006534   0x08006534   0x0000006c   Code   RO          337    i.mpu_set_gyro_fsr  inv_mpu.o
    0x080065a0   0x080065a0   0x00000064   Code   RO          338    i.mpu_set_int_latched  inv_mpu.o
    0x08006604   0x08006604   0x0000006c   Code   RO          340    i.mpu_set_lpf       inv_mpu.o
    0x08006670   0x08006670   0x00000080   Code   RO          341    i.mpu_set_sample_rate  inv_mpu.o
    0x080066f0   0x080066f0   0x000000b8   Code   RO          342    i.mpu_set_sensors   inv_mpu.o
    0x080067a8   0x080067a8   0x00000054   Code   RO          343    i.mpu_write_mem     inv_mpu.o
    0x080067fc   0x080067fc   0x00000008   Code   RO           14    i.myabs             control.o
    0x08006804   0x08006804   0x00000010   Code   RO         1183    i.oled_pow          oled.o
    0x08006814   0x08006814   0x000002d8   Code   RO          895    i.oled_show         show.o
    0x08006aec   0x08006aec   0x0000007a   Code   RO          794    i.run_self_test     mpu6050.o
    0x08006b66   0x08006b66   0x00000002   PAD
    0x08006b68   0x08006b68   0x00000058   Code   RO          345    i.set_int_enable    inv_mpu.o
    0x08006bc0   0x08006bc0   0x00000062   Code   RO         4468    x$fpl$d2f           fz_ws.l(d2f.o)
    0x08006c22   0x08006c22   0x00000002   PAD
    0x08006c24   0x08006c24   0x00000150   Code   RO         4470    x$fpl$dadd          fz_ws.l(daddsub_clz.o)
    0x08006d74   0x08006d74   0x00000010   Code   RO         4556    x$fpl$dcheck1       fz_ws.l(dcheck1.o)
    0x08006d84   0x08006d84   0x000002b0   Code   RO         4477    x$fpl$ddiv          fz_ws.l(ddiv.o)
    0x08007034   0x08007034   0x0000005e   Code   RO         4480    x$fpl$dfix          fz_ws.l(dfix.o)
    0x08007092   0x08007092   0x0000002e   Code   RO         4485    x$fpl$dflt          fz_ws.l(dflt_clz.o)
    0x080070c0   0x080070c0   0x00000026   Code   RO         4484    x$fpl$dfltu         fz_ws.l(dflt_clz.o)
    0x080070e6   0x080070e6   0x00000002   PAD
    0x080070e8   0x080070e8   0x00000154   Code   RO         4490    x$fpl$dmul          fz_ws.l(dmul.o)
    0x0800723c   0x0800723c   0x0000009c   Code   RO         4558    x$fpl$dnaninf       fz_ws.l(dnaninf.o)
    0x080072d8   0x080072d8   0x0000000c   Code   RO         4560    x$fpl$dretinf       fz_ws.l(dretinf.o)
    0x080072e4   0x080072e4   0x00000016   Code   RO         4471    x$fpl$drsb          fz_ws.l(daddsub_clz.o)
    0x080072fa   0x080072fa   0x00000002   PAD
    0x080072fc   0x080072fc   0x000001d4   Code   RO         4472    x$fpl$dsub          fz_ws.l(daddsub_clz.o)
    0x080074d0   0x080074d0   0x00000056   Code   RO         4492    x$fpl$f2d           fz_ws.l(f2d.o)
    0x08007526   0x08007526   0x00000002   PAD
    0x08007528   0x08007528   0x000000c4   Code   RO         4494    x$fpl$fadd          fz_ws.l(faddsub_clz.o)
    0x080075ec   0x080075ec   0x0000000c   Code   RO         4562    x$fpl$fcheck1       fz_ws.l(fcheck1.o)
    0x080075f8   0x080075f8   0x00000184   Code   RO         4501    x$fpl$fdiv          fz_ws.l(fdiv.o)
    0x0800777c   0x0800777c   0x00000036   Code   RO         4504    x$fpl$ffix          fz_ws.l(ffix.o)
    0x080077b2   0x080077b2   0x00000002   PAD
    0x080077b4   0x080077b4   0x0000003e   Code   RO         4508    x$fpl$ffixu         fz_ws.l(ffixu.o)
    0x080077f2   0x080077f2   0x00000002   PAD
    0x080077f4   0x080077f4   0x00000030   Code   RO         4513    x$fpl$fflt          fz_ws.l(fflt_clz.o)
    0x08007824   0x08007824   0x00000026   Code   RO         4512    x$fpl$ffltu         fz_ws.l(fflt_clz.o)
    0x0800784a   0x0800784a   0x00000002   PAD
    0x0800784c   0x0800784c   0x00000102   Code   RO         4518    x$fpl$fmul          fz_ws.l(fmul.o)
    0x0800794e   0x0800794e   0x0000008c   Code   RO         4564    x$fpl$fnaninf       fz_ws.l(fnaninf.o)
    0x080079da   0x080079da   0x0000000a   Code   RO         4566    x$fpl$fretinf       fz_ws.l(fretinf.o)
    0x080079e4   0x080079e4   0x00000014   Code   RO         4495    x$fpl$frsb          fz_ws.l(faddsub_clz.o)
    0x080079f8   0x080079f8   0x000000ea   Code   RO         4496    x$fpl$fsub          fz_ws.l(faddsub_clz.o)
    0x08007ae2   0x08007ae2   0x00000064   Code   RO         4640    x$fpl$retnan        fz_ws.l(retnan.o)
    0x08007b46   0x08007b46   0x0000005c   Code   RO         4520    x$fpl$scalbn        fz_ws.l(scalbn.o)
    0x08007ba2   0x08007ba2   0x0000004c   Code   RO         4522    x$fpl$scalbnf       fz_ws.l(scalbnf.o)
    0x08007bee   0x08007bee   0x00000030   Code   RO         4661    x$fpl$trapveneer    fz_ws.l(trapv.o)
    0x08007c1e   0x08007c1e   0x00000000   Code   RO         4568    x$fpl$usenofp       fz_ws.l(usenofp.o)
    0x08007c1e   0x08007c1e   0x0000000c   Data   RO          346    .constdata          inv_mpu.o
    0x08007c2a   0x08007c2a   0x0000001b   Data   RO          347    .constdata          inv_mpu.o
    0x08007c45   0x08007c45   0x00000003   PAD
    0x08007c48   0x08007c48   0x00000028   Data   RO          348    .constdata          inv_mpu.o
    0x08007c70   0x08007c70   0x00000bf6   Data   RO          629    .constdata          inv_mpu_dmp_motion_driver.o
    0x08008866   0x08008866   0x00000a64   Data   RO         1185    .constdata          oled.o
    0x080092ca   0x080092ca   0x00000010   Data   RO         1770    .constdata          system_stm32f1xx.o
    0x080092da   0x080092da   0x00000008   Data   RO         1771    .constdata          system_stm32f1xx.o
    0x080092e2   0x080092e2   0x00000006   PAD
    0x080092e8   0x080092e8   0x00000098   Data   RO         4571    .constdata          m_ws.l(atan.o)
    0x08009380   0x08009380   0x00000008   Data   RO         4597    .constdata          m_ws.l(qnan.o)
    0x08009388   0x08009388   0x0000004e   Data   RO          349    .conststring        inv_mpu.o
    0x080093d6   0x080093d6   0x00000002   PAD
    0x080093d8   0x080093d8   0x00000020   Data   RO         4787    Region$$Table       anon$$obj.o


    Execution Region RW_IRAM1 (Exec base: 0x20000000, Load base: 0x080093f8, Size: 0x00000e30, Max: 0x00005000, ABSOLUTE)

    Exec Addr    Load Addr    Size         Type   Attr      Idx    E Section Name        Object

    0x20000000   0x080093f8   0x00000020   Data   RW           15    .data               control.o
    0x20000020   0x08009418   0x0000002c   Data   RW          350    .data               inv_mpu.o
    0x2000004c   0x08009444   0x00000035   Data   RW          796    .data               mpu6050.o
    0x20000081   0x08009479   0x00000003   PAD
    0x20000084   0x0800947c   0x00000008   Data   RW          896    .data               show.o
    0x2000008c   0x08009484   0x00000028   Data   RW          930    .data               pid.o
    0x200000b4   0x080094ac   0x0000000c   Data   RW         1114    .data               key.o
    0x200000c0   0x080094b8   0x00000004   Data   RW         1149    .data               led.o
    0x200000c4   0x080094bc   0x00000008   Data   RW         1264    .data               usart3.o
    0x200000cc   0x080094c4   0x00000004   Data   RW         1429    .data               tim.o
    0x200000d0   0x080094c8   0x00000004   Data   RW         1520    .data               usart.o
    0x200000d4   0x080094cc   0x00000004   Data   RW         1698    .data               delay.o
    0x200000d8   0x080094d0   0x00000004   Data   RW         1772    .data               system_stm32f1xx.o
    0x200000dc   0x080094d4   0x0000000c   Data   RW         2143    .data               stm32f1xx_hal.o
    0x200000e8        -       0x000000b8   Zero   RW          270    .bss                filter.o
    0x200001a0        -       0x00000010   Zero   RW          628    .bss                inv_mpu_dmp_motion_driver.o
    0x200001b0        -       0x00000018   Zero   RW          929    .bss                pid.o
    0x200001c8        -       0x00000400   Zero   RW         1184    .bss                oled.o
    0x200005c8        -       0x00000030   Zero   RW         1297    .bss                main.o
    0x200005f8        -       0x00000030   Zero   RW         1372    .bss                adc.o
    0x20000628        -       0x00000120   Zero   RW         1428    .bss                tim.o
    0x20000748        -       0x00000088   Zero   RW         1519    .bss                usart.o
    0x200007d0        -       0x00000060   Zero   RW         4643    .bss                c_w.l(libspace.o)
    0x20000830        -       0x00000200   Zero   RW         1759    HEAP                startup_stm32f103xb.o
    0x20000a30        -       0x00000400   Zero   RW         1758    STACK               startup_stm32f103xb.o


==============================================================================

Image component sizes


      Code (inc. data)   RO Data    RW Data    ZI Data      Debug   Object Name

       260         38          0          0         48       2516   adc.o
      1562        148          0         32          0     458849   control.o
       136         18          0          4          0       1923   delay.o
        52          8          0          0          0        695   encoder.o
       788         26          0          0        184       3286   filter.o
       260         16          0          0          0       1119   gpio.o
      4352        276        157         44          0      26531   inv_mpu.o
      2026        114       3062          0         16      19014   inv_mpu_dmp_motion_driver.o
      1050         60          0          0          0      10726   ioi2c.o
       200         16          0         12          0       2042   key.o
        48          8          0          4          0        584   led.o
       256          8          0          0         48       6001   main.o
       886        338          0         53          0      33295   mpu6050.o
       830         38       2660          0       1024       7704   oled.o
       768        108          0         40         24       3924   pid.o
       728        104          0          8          0       1195   show.o
        64         26        236          0       1536        844   startup_stm32f103xb.o
       128         24          0         12          0       5789   stm32f1xx_hal.o
      1260         54          0          0          0       7100   stm32f1xx_hal_adc.o
       216          6          0          0          0       1570   stm32f1xx_hal_adc_ex.o
       232         14          0          0          0      30109   stm32f1xx_hal_cortex.o
       222          4          0          0          0       1987   stm32f1xx_hal_dma.o
       514         40          0          0          0       3783   stm32f1xx_hal_gpio.o
        68         10          0          0          0       1014   stm32f1xx_hal_msp.o
      1272        100          0          0          0       5616   stm32f1xx_hal_rcc.o
       436         46          0          0          0       2745   stm32f1xx_hal_rcc_ex.o
      2842         82          0          0          0      24964   stm32f1xx_hal_tim.o
       192         12          0          0          0       3513   stm32f1xx_hal_tim_ex.o
      1154         10          0          0          0       9320   stm32f1xx_hal_uart.o
        64         18          0          0          0       6039   stm32f1xx_it.o
        40         10          0          0          0        531   sys.o
         2          0         24          4          0       1335   system_stm32f1xx.o
      1256        108          0          4        288       7813   tim.o
       386         58          0          4        136       5063   usart.o
       220         18          0          8          0       1666   usart3.o

    ----------------------------------------------------------------------
     24828       1964       6182        232       3304     700205   Object Totals
         0          0         32          0          0          0   (incl. Generated)
        58          0         11          3          0          0   (incl. Padding)

    ----------------------------------------------------------------------

      Code (inc. data)   RO Data    RW Data    ZI Data      Debug   Library Member Name

         8          0          0          0          0         68   __main.o
       104          0          0          0          0         84   __printf.o
         0          0          0          0          0          0   __rtentry.o
        12          0          0          0          0          0   __rtentry2.o
         6          0          0          0          0          0   __rtentry4.o
        52          8          0          0          0          0   __scatter.o
        26          0          0          0          0          0   __scatter_copy.o
        28          0          0          0          0          0   __scatter_zi.o
        48          6          0          0          0         96   _printf_char_common.o
        36          4          0          0          0         80   _printf_char_file.o
         6          0          0          0          0          0   _printf_d.o
       120         16          0          0          0         92   _printf_dec.o
       178          0          0          0          0         88   _printf_intcommon.o
         0          0          0          0          0          0   _printf_percent.o
         4          0          0          0          0          0   _printf_percent_end.o
        16          0          0          0          0         68   aeabi_memset.o
        18          0          0          0          0         80   exit.o
         8          0          0          0          0         68   ferror.o
         6          0          0          0          0        152   heapauxi.o
         2          0          0          0          0          0   libinit.o
         2          0          0          0          0          0   libinit2.o
         2          0          0          0          0          0   libshutdown.o
         2          0          0          0          0          0   libshutdown2.o
         8          4          0          0         96         68   libspace.o
        72          0          0          0          0         76   llsdiv.o
       238          0          0          0          0        100   lludivv7m.o
        88          0          0          0          0         76   memcmp.o
        24          4          0          0          0         84   noretval__2printf.o
        68          0          0          0          0         68   rt_memclr.o
        78          0          0          0          0         80   rt_memclr_w.o
         2          0          0          0          0          0   rtexit.o
        10          0          0          0          0          0   rtexit2.o
        74          0          0          0          0         80   sys_stackheap_outer.o
         2          0          0          0          0         68   use_no_semi.o
         2          0          0          0          0         68   use_no_semi_2.o
        98          4          0          0          0         92   d2f.o
       826         16          0          0          0        348   daddsub_clz.o
        16          4          0          0          0         68   dcheck1.o
       688        140          0          0          0        208   ddiv.o
        94          4          0          0          0         92   dfix.o
        84          0          0          0          0        136   dflt_clz.o
       340         12          0          0          0        104   dmul.o
       156          4          0          0          0         92   dnaninf.o
        12          0          0          0          0         68   dretinf.o
        86          4          0          0          0         84   f2d.o
       450          8          0          0          0        236   faddsub_clz.o
        12          4          0          0          0         68   fcheck1.o
       388         76          0          0          0         96   fdiv.o
        54          4          0          0          0         84   ffix.o
        62          4          0          0          0         84   ffixu.o
        86          0          0          0          0        136   fflt_clz.o
       258          4          0          0          0         84   fmul.o
       140          4          0          0          0         84   fnaninf.o
        10          0          0          0          0         68   fretinf.o
       100          0          0          0          0         68   retnan.o
        92          0          0          0          0         68   scalbn.o
        76          0          0          0          0         68   scalbnf.o
        48          0          0          0          0         68   trapv.o
         0          0          0          0          0          0   usenofp.o
       544         70        152          0          0        124   atan.o
       384         38          0          0          0        144   atan2.o
        26          6          0          0          0        204   dunder.o
        40          0          0          0          0         68   fpclassify.o
       170          0          0          0          0         96   poly.o
         0          0          8          0          0          0   qnan.o

    ----------------------------------------------------------------------
      6710        448        160          0         96       4784   Library Totals
        20          0          0          0          0          0   (incl. Padding)

    ----------------------------------------------------------------------

      Code (inc. data)   RO Data    RW Data    ZI Data      Debug   Library Name

      1350         42          0          0         96       1644   c_w.l
      4176        292          0          0          0       2504   fz_ws.l
      1164        114        160          0          0        636   m_ws.l

    ----------------------------------------------------------------------
      6710        448        160          0         96       4784   Library Totals

    ----------------------------------------------------------------------

==============================================================================


      Code (inc. data)   RO Data    RW Data    ZI Data      Debug   

     31538       2412       6342        232       3400     691205   Grand Totals
     31538       2412       6342        232       3400     691205   ELF Image Totals
     31538       2412       6342        232          0          0   ROM Totals

==============================================================================

    Total RO  Size (Code + RO Data)                37880 (  36.99kB)
    Total RW  Size (RW Data + ZI Data)              3632 (   3.55kB)
    Total ROM Size (Code + RO Data + RW Data)      38112 (  37.22kB)

==============================================================================

